Archive member included to satisfy reference by file (symbol)

C:/devkitPro/libnds/lib\libnds9.a(background.o)
                              main.o (bgState)
C:/devkitPro/libnds/lib\libnds9.a(trig.o)
                              C:/devkitPro/libnds/lib\libnds9.a(background.o) (sinLerp)
C:/devkitPro/libnds/lib\libnds9.a(touch.o)
                              main.o (touchRead)
C:/devkitPro/libnds/lib\libnds9.a(console.o)
                              main.o (consoleDemoInit)
C:/devkitPro/libnds/lib\libnds9.a(sprite.o)
                              main.o (oamInit)
C:/devkitPro/libnds/lib\libnds9.a(keys.o)
                              main.o (scanKeys)
C:/devkitPro/libnds/lib\libnds9.a(initSystem.o)
                              c:/devkitpro/devkitarm/bin/../lib/gcc/arm-none-eabi/11.2.0/../../../../arm-none-eabi/lib/ds_arm9_crt0.o (initSystem)
C:/devkitPro/libnds/lib\libnds9.a(securearea.o)
                              c:/devkitpro/devkitarm/bin/../lib/gcc/arm-none-eabi/11.2.0/../../../../arm-none-eabi/lib/ds_arm9_crt0.o (__secure_area__)
C:/devkitPro/libnds/lib\libnds9.a(interrupts.o)
                              C:/devkitPro/libnds/lib\libnds9.a(initSystem.o) (irqInit)
C:/devkitPro/libnds/lib\libnds9.a(libnds_exit.arm.o)
                              c:/devkitpro/devkitarm/bin/../lib/gcc/arm-none-eabi/11.2.0/../../../../arm-none-eabi/lib/ds_arm9_crt0.o (__libnds_exit)
C:/devkitPro/libnds/lib\libnds9.a(fifosystem.o)
                              C:/devkitPro/libnds/lib\libnds9.a(initSystem.o) (fifoSetValue32Handler)
C:/devkitPro/libnds/lib\libnds9.a(dcache.o)
                              C:/devkitPro/libnds/lib\libnds9.a(sprite.o) (DC_FlushRange)
C:/devkitPro/libnds/lib\libnds9.a(mpu_setup.o)
                              c:/devkitpro/devkitarm/bin/../lib/gcc/arm-none-eabi/11.2.0/../../../../arm-none-eabi/lib/ds_arm9_crt0.o (__libnds_mpu_setup)
C:/devkitPro/libnds/lib\libnds9.a(IntrWait.o)
                              main.o (swiWaitForVBlank)
C:/devkitPro/libnds/lib\libnds9.a(cpu_clock.o)
                              C:/devkitPro/libnds/lib\libnds9.a(initSystem.o) (setCpuClock)
C:/devkitPro/libnds/lib\libnds9.a(interruptDispatcher.o)
                              C:/devkitPro/libnds/lib\libnds9.a(interrupts.o) (IntrMain)
C:/devkitPro/libnds/lib\libnds9.a(debugprint.o)
                              C:/devkitPro/libnds/lib\libnds9.a(console.o) (nocashWrite)
C:/devkitPro/libnds/lib\libnds9.a(swiSoftReset.o)
                              C:/devkitPro/libnds/lib\libnds9.a(fifosystem.o) (swiSoftReset)
C:/devkitPro/libnds/lib\libnds9.a(default_font.bin.o)
                              C:/devkitPro/libnds/lib\libnds9.a(console.o) (default_font_bin)
C:/devkitPro/libnds/lib\libnds9.a(video.o)
                              C:/devkitPro/libnds/lib\libnds9.a(initSystem.o) (vramDefault)
C:/devkitPro/libnds/lib\libnds9.a(sprite_alloc.o)
                              C:/devkitPro/libnds/lib\libnds9.a(sprite.o) (oamAllocReset)
C:/devkitPro/libnds/lib\libnds9.a(system.o)
                              C:/devkitPro/libnds/lib\libnds9.a(initSystem.o) (systemValueHandler)
C:/devkitPro/libnds/lib\libnds9.a(biosCalls.o)
                              C:/devkitPro/libnds/lib\libnds9.a(system.o) (swiDelay)
c:/devkitpro/devkitarm/bin/../lib/gcc/arm-none-eabi/11.2.0\libgcc.a(_divsi3.o)
                              C:/devkitPro/libnds/lib\libnds9.a(console.o) (__aeabi_idivmod)
c:/devkitpro/devkitarm/bin/../lib/gcc/arm-none-eabi/11.2.0\libgcc.a(_dvmd_tls.o)
                              c:/devkitpro/devkitarm/bin/../lib/gcc/arm-none-eabi/11.2.0\libgcc.a(_divsi3.o) (__aeabi_idiv0)
c:/devkitpro/devkitarm/bin/../lib/gcc/arm-none-eabi/11.2.0/../../../../arm-none-eabi/lib\libg.a(lib_a-bsearch.o)
                              C:/devkitPro/libnds/lib\libnds9.a(trig.o) (bsearch)
c:/devkitpro/devkitarm/bin/../lib/gcc/arm-none-eabi/11.2.0/../../../../arm-none-eabi/lib\libg.a(lib_a-init.o)
                              c:/devkitpro/devkitarm/bin/../lib/gcc/arm-none-eabi/11.2.0/../../../../arm-none-eabi/lib/ds_arm9_crt0.o (__libc_init_array)
c:/devkitpro/devkitarm/bin/../lib/gcc/arm-none-eabi/11.2.0/../../../../arm-none-eabi/lib\libg.a(lib_a-iprintf.o)
                              C:/devkitPro/libnds/lib\libnds9.a(console.o) (iprintf)
c:/devkitpro/devkitarm/bin/../lib/gcc/arm-none-eabi/11.2.0/../../../../arm-none-eabi/lib\libg.a(lib_a-malloc.o)
                              C:/devkitPro/libnds/lib\libnds9.a(sprite_alloc.o) (malloc)
c:/devkitpro/devkitarm/bin/../lib/gcc/arm-none-eabi/11.2.0/../../../../arm-none-eabi/lib\libg.a(lib_a-mallocr.o)
                              c:/devkitpro/devkitarm/bin/../lib/gcc/arm-none-eabi/11.2.0/../../../../arm-none-eabi/lib\libg.a(lib_a-malloc.o) (_malloc_r)
c:/devkitpro/devkitarm/bin/../lib/gcc/arm-none-eabi/11.2.0/../../../../arm-none-eabi/lib\libg.a(lib_a-memcpy-stub.o)
                              main.o (memcpy)
[...]
Memory Configuration

Name             Origin             Length             Attributes
ewram            0x0000000002000000 0x0000000000380000
dtcm             0x0000000002ff0000 0x0000000000004000
vectors          0x0000000001000000 0x0000000000000100
itcm             0x0000000001000100 0x0000000000007f00
*default*        0x0000000000000000 0xffffffffffffffff

Linker script and memory map

                0x0000000002380000                __ewram_end = (ORIGIN (ewram) + LENGTH (ewram))
                0x0000000002380000                __eheap_end = (ORIGIN (ewram) + LENGTH (ewram))
                0x0000000002ff4000                __dtcm_top = (ORIGIN (dtcm) + LENGTH (dtcm))
                0x0000000002ff3ff8                __irq_flags = (__dtcm_top - 0x8)
                0x0000000002ff3ffc                __irq_vector = (__dtcm_top - 0x4)
                0x0000000002ff3f00                __sp_svc = (__dtcm_top - 0x100)
                0x0000000002ff3e00                __sp_irq = (__sp_svc - 0x100)
                0x0000000002ff3d00                __sp_usr = (__sp_irq - 0x100)

.secure         0x0000000002000000      0x800
 *(.secure)
 .secure        0x0000000002000000      0x800 C:/devkitPro/libnds/lib\libnds9.a(securearea.o)
                0x0000000002000000                __secure_area__

.crt0           0x0000000002000800      0x300
                0x0000000002000800                __text_start = .
 *(.crt0)
 .crt0          0x0000000002000800      0x300 c:/devkitpro/devkitarm/bin/../lib/gcc/arm-none-eabi/11.2.0/../../../../arm-none-eabi/lib/ds_arm9_crt0.o
                0x0000000002000800                _start
                0x0000000002000b00                . = ALIGN (0x4)

.plt
 *(.plt)

.init           0x0000000002000b00       0x18
 *(SORT_NONE(.init))
 .init          0x0000000002000b00        0xc c:/devkitpro/devkitarm/bin/../lib/gcc/arm-none-eabi/11.2.0/crti.o
                0x0000000002000b00                _init
 .init          0x0000000002000b0c        0xc c:/devkitpro/devkitarm/bin/../lib/gcc/arm-none-eabi/11.2.0/crtn.o

.text           0x0000000002000b18     0x88a0
 *(EXCLUDE_FILE(*.twl* *.vectors* *.itcm*) .text)
 .text          0x0000000002000b18      0x148 c:/devkitpro/devkitarm/bin/../lib/gcc/arm-none-eabi/11.2.0\libgcc.a(_divsi3.o)
                0x0000000002000b18                __divsi3
                0x0000000002000b18                __aeabi_idiv
                0x0000000002000c40                __aeabi_idivmod
 .text          0x0000000002000c60        0x4 c:/devkitpro/devkitarm/bin/../lib/gcc/arm-none-eabi/11.2.0\libgcc.a(_dvmd_tls.o)
                0x0000000002000c60                __aeabi_idiv0
                0x0000000002000c60                __aeabi_ldiv0
 .text          0x0000000002000c64      0x224 c:/devkitpro/devkitarm/bin/../lib/gcc/arm-none-eabi/11.2.0/../../../../arm-none-eabi/lib\libg.a(lib_a-strcmp.o)
                0x0000000002000c64                strcmp
 .text          0x0000000002000e88      0x114 c:/devkitpro/devkitarm/bin/../lib/gcc/arm-none-eabi/11.2.0\libgcc.a(_udivsi3.o)
                0x0000000002000e88                __aeabi_uidiv
                0x0000000002000e88                __udivsi3
                0x0000000002000f7c                __aeabi_uidivmod
 .text          0x0000000002000f9c       0x3c c:/devkitpro/devkitarm/bin/../lib/gcc/arm-none-eabi/11.2.0\libgcc.a(_aeabi_uldivmod.o)
                0x0000000002000f9c                __aeabi_uldivmod
 .text          0x0000000002000fd8       0x28 c:/devkitpro/devkitarm/bin/../lib/gcc/arm-none-eabi/11.2.0\libgcc.a(_clzdi2.o)
                0x0000000002000fd8                __clzdi2
 .text          0x0000000002001000       0x48 c:/devkitpro/devkitarm/bin/../lib/gcc/arm-none-eabi/11.2.0\libgcc.a(_clzsi2.o)
                0x0000000002001000                __clzsi2
 *(EXCLUDE_FILE(*.twl* *.vectors* *.itcm*) .stub)
 *(EXCLUDE_FILE(*.twl* *.vectors* *.itcm*) .text.*)
 .text.__do_global_dtors_aux
                0x0000000002001048       0x40 c:/devkitpro/devkitarm/bin/../lib/gcc/arm-none-eabi/11.2.0/crtbegin.o
 .text.frame_dummy
                0x0000000002001088       0x30 c:/devkitpro/devkitarm/bin/../lib/gcc/arm-none-eabi/11.2.0/crtbegin.o
 .text.startup  0x00000000020010b8      0x2ec main.o
                0x00000000020010b8                main
 .text.checkIfText
                0x00000000020013a4       0x5c C:/devkitPro/libnds/lib\libnds9.a(background.o)
                0x00000000020013a4                checkIfText
 .text.bgUpdate
                0x0000000002001400       0xf4 C:/devkitPro/libnds/lib\libnds9.a(background.o)
                0x0000000002001400                bgUpdate
 .text.bgInit_call
                0x00000000020014f4       0xc4 C:/devkitPro/libnds/lib\libnds9.a(background.o)
                0x00000000020014f4                bgInit_call
 .text.bgInitSub_call
                0x00000000020015b8       0xcc C:/devkitPro/libnds/lib\libnds9.a(background.o)
                0x00000000020015b8                bgInitSub_call
 .text.sinLutLookup
                0x0000000002001684       0x4c C:/devkitPro/libnds/lib\libnds9.a(trig.o)
                0x0000000002001684                sinLutLookup
 .text.sinLerp  0x00000000020016d0       0x40 C:/devkitPro/libnds/lib\libnds9.a(trig.o)
                0x00000000020016d0                sinLerp
 .text.cosLerp  0x0000000002001710       0x4c C:/devkitPro/libnds/lib\libnds9.a(trig.o)
                0x0000000002001710                cosLerp
 .text.touchRead
                0x000000000200175c       0x24 C:/devkitPro/libnds/lib\libnds9.a(touch.o)
                0x000000000200175c                touchRead
 .text.newRow   0x0000000002001780       0xa8 C:/devkitPro/libnds/lib\libnds9.a(console.o)
 .text.consolePrintChar
                0x0000000002001828       0xe0 C:/devkitPro/libnds/lib\libnds9.a(console.o)
                0x0000000002001828                consolePrintChar
 .text.con_write
                0x0000000002001908      0x36c C:/devkitPro/libnds/lib\libnds9.a(console.o)
                0x0000000002001908                con_write
 .text.consoleLoadFont
                0x0000000002001c74      0x2a0 C:/devkitPro/libnds/lib\libnds9.a(console.o)
                0x0000000002001c74                consoleLoadFont
 .text.consoleInit
                0x0000000002001f14      0x18c C:/devkitPro/libnds/lib\libnds9.a(console.o)
                0x0000000002001f14                consoleInit
 .text.consoleDemoInit
                0x00000000020020a0       0x40 C:/devkitPro/libnds/lib\libnds9.a(console.o)
                0x00000000020020a0                consoleDemoInit
 .text.oamInit  0x00000000020020e0      0x114 C:/devkitPro/libnds/lib\libnds9.a(sprite.o)
                0x00000000020020e0                oamInit
 .text.scanKeys
                0x00000000020021f4       0x8c C:/devkitPro/libnds/lib\libnds9.a(keys.o)
                0x00000000020021f4                scanKeys
 .text.keysHeld
                0x0000000002002280        0xc C:/devkitPro/libnds/lib\libnds9.a(keys.o)
                0x0000000002002280                keysHeld
 .text.keysDown
                0x000000000200228c       0x14 C:/devkitPro/libnds/lib\libnds9.a(keys.o)
                0x000000000200228c                keysDown
 .text.initSystem
                0x00000000020022a0      0x180 C:/devkitPro/libnds/lib\libnds9.a(initSystem.o)
                0x00000000020022a0                initSystem
 .text.irqDummy
                0x0000000002002420        0x4 C:/devkitPro/libnds/lib\libnds9.a(interrupts.o)
                0x0000000002002420                irqDummy
 .text.irqSet   0x0000000002002424       0x6c C:/devkitPro/libnds/lib\libnds9.a(interrupts.o)
                0x0000000002002424                irqSet
 .text.irqInit  0x0000000002002490       0x50 C:/devkitPro/libnds/lib\libnds9.a(interrupts.o)
                0x0000000002002490                irqInit
 .text.irqEnable
                0x00000000020024e0       0x64 C:/devkitPro/libnds/lib\libnds9.a(interrupts.o)
                0x00000000020024e0                irqEnable
 .text.systemErrorExit
                0x0000000002002544        0x4 C:/devkitPro/libnds/lib\libnds9.a(libnds_exit.arm.o)
                0x0000000002002544                systemErrorExit
 .text.__libnds_exit
                0x0000000002002548       0x5c C:/devkitPro/libnds/lib\libnds9.a(libnds_exit.arm.o)
                0x0000000002002548                __libnds_exit
 .text.fifo_queueBlock
                0x00000000020025a4       0x44 C:/devkitPro/libnds/lib\libnds9.a(fifosystem.o)
 .text.fifo_waitBlock
                0x00000000020025e8       0x80 C:/devkitPro/libnds/lib\libnds9.a(fifosystem.o)
 .text.fifoInternalSend.part.0
                0x0000000002002668       0xd4 C:/devkitPro/libnds/lib\libnds9.a(fifosystem.o)
 .text.fifoInternalSendInterrupt
                0x000000000200273c       0xb0 C:/devkitPro/libnds/lib\libnds9.a(fifosystem.o)
 .text.fifoSetValue32Handler
                0x00000000020027ec       0xd4 C:/devkitPro/libnds/lib\libnds9.a(fifosystem.o)
                0x00000000020027ec                fifoSetValue32Handler
 .text.fifoSendValue32
                0x00000000020028c0       0x4c C:/devkitPro/libnds/lib\libnds9.a(fifosystem.o)
                0x00000000020028c0                fifoSendValue32
 .text.fifoGetDatamsg
                0x000000000200290c       0xf4 C:/devkitPro/libnds/lib\libnds9.a(fifosystem.o)
                0x000000000200290c                fifoGetDatamsg
 .text.fifoInternalRecvInterrupt
                0x0000000002002a00      0x37c C:/devkitPro/libnds/lib\libnds9.a(fifosystem.o)
 .text.fifoSetDatamsgHandler
                0x0000000002002d7c       0x9c C:/devkitPro/libnds/lib\libnds9.a(fifosystem.o)
                0x0000000002002d7c                fifoSetDatamsgHandler
 .text.fifoInit
                0x0000000002002e18      0x108 C:/devkitPro/libnds/lib\libnds9.a(fifosystem.o)
                0x0000000002002e18                fifoInit
 .text.DC_FlushRange
                0x0000000002002f20       0x24 C:/devkitPro/libnds/lib\libnds9.a(dcache.o)
                0x0000000002002f20                DC_FlushRange
 .text.__libnds_mpu_setup
                0x0000000002002f44      0x174 C:/devkitPro/libnds/lib\libnds9.a(mpu_setup.o)
                0x0000000002002f44                __libnds_mpu_setup
 .text.memUncached
                0x00000000020030b8       0x20 C:/devkitPro/libnds/lib\libnds9.a(mpu_setup.o)
                0x00000000020030b8                memUncached
 .text.swiWaitForVBlank
                0x00000000020030d8        0x8 C:/devkitPro/libnds/lib\libnds9.a(IntrWait.o)
                0x00000000020030d8                swiWaitForVBlank
 .text.swiIntrWait
                0x00000000020030e0       0x70 C:/devkitPro/libnds/lib\libnds9.a(IntrWait.o)
                0x00000000020030e0                swiIntrWait
 .text.setCpuClock
                0x0000000002003150       0x50 C:/devkitPro/libnds/lib\libnds9.a(cpu_clock.o)
                0x0000000002003150                setCpuClock
 .text.swiSoftReset
                0x00000000020031a0       0x2c C:/devkitPro/libnds/lib\libnds9.a(swiSoftReset.o)
                0x00000000020031a0                swiSoftReset
 .text.vramDefault
                0x00000000020031cc       0xd0 C:/devkitPro/libnds/lib\libnds9.a(video.o)
                0x00000000020031cc                vramDefault
 .text.oamAllocReset
                0x000000000200329c       0x1c C:/devkitPro/libnds/lib\libnds9.a(sprite_alloc.o)
                0x000000000200329c                oamAllocReset
 .text.systemValueHandler
                0x00000000020032b8       0x48 C:/devkitPro/libnds/lib\libnds9.a(system.o)
                0x00000000020032b8                systemValueHandler
 .text.systemMsgHandler
                0x0000000002003300       0x60 C:/devkitPro/libnds/lib\libnds9.a(system.o)
                0x0000000002003300                systemMsgHandler
 .text.powerOn  0x0000000002003360       0x2c C:/devkitPro/libnds/lib\libnds9.a(system.o)
                0x0000000002003360                powerOn
 .text.swiDelay
                0x000000000200338c        0x4 C:/devkitPro/libnds/lib\libnds9.a(biosCalls.o)
                0x000000000200338c                swiDelay
 .text.__libc_init_array
                0x0000000002003390       0x88 c:/devkitpro/devkitarm/bin/../lib/gcc/arm-none-eabi/11.2.0/../../../../arm-none-eabi/lib\libg.a(lib_a-init.o)
                0x0000000002003390                __libc_init_array
 .text.malloc   0x0000000002003418       0x1c c:/devkitpro/devkitarm/bin/../lib/gcc/arm-none-eabi/11.2.0/../../../../arm-none-eabi/lib\libg.a(lib_a-malloc.o)
                0x0000000002003418                malloc
 .text.free     0x0000000002003434       0x1c c:/devkitpro/devkitarm/bin/../lib/gcc/arm-none-eabi/11.2.0/../../../../arm-none-eabi/lib\libg.a(lib_a-malloc.o)
                0x0000000002003434                free
 .text._malloc_r
                0x0000000002003450      0x7f0 c:/devkitpro/devkitarm/bin/../lib/gcc/arm-none-eabi/11.2.0/../../../../arm-none-eabi/lib\libg.a(lib_a-mallocr.o)
                0x0000000002003450                _malloc_r
 .text.memcpy   0x0000000002003c40      0x120 c:/devkitpro/devkitarm/bin/../lib/gcc/arm-none-eabi/11.2.0/../../../../arm-none-eabi/lib\libg.a(lib_a-memcpy-stub.o)
                0x0000000002003c40                memcpy
 .text.memset   0x0000000002003d60      0x11c c:/devkitpro/devkitarm/bin/../lib/gcc/arm-none-eabi/11.2.0/../../../../arm-none-eabi/lib\libg.a(lib_a-memset.o)
                0x0000000002003d60                memset
 .text.__malloc_lock
                0x0000000002003e7c       0x18 c:/devkitpro/devkitarm/bin/../lib/gcc/arm-none-eabi/11.2.0/../../../../arm-none-eabi/lib\libg.a(lib_a-mlock.o)
                0x0000000002003e7c                __malloc_lock
 .text.__malloc_unlock
                0x0000000002003e94       0x18 c:/devkitpro/devkitarm/bin/../lib/gcc/arm-none-eabi/11.2.0/../../../../arm-none-eabi/lib\libg.a(lib_a-mlock.o)
                0x0000000002003e94                __malloc_unlock
 .text.realloc  0x0000000002003eac       0x24 c:/devkitpro/devkitarm/bin/../lib/gcc/arm-none-eabi/11.2.0/../../../../arm-none-eabi/lib\libg.a(lib_a-realloc.o)
                0x0000000002003eac                realloc
 .text._realloc_r
                0x0000000002003ed0      0x570 c:/devkitpro/devkitarm/bin/../lib/gcc/arm-none-eabi/11.2.0/../../../../arm-none-eabi/lib\libg.a(lib_a-reallocr.o)
                0x0000000002003ed0                _realloc_r
 .text.setvbuf  0x0000000002004440      0x268 c:/devkitpro/devkitarm/bin/../lib/gcc/arm-none-eabi/11.2.0/../../../../arm-none-eabi/lib\libg.a(lib_a-setvbuf.o)
                0x0000000002004440                setvbuf
 .text.siscanf  0x00000000020046a8       0x74 c:/devkitpro/devkitarm/bin/../lib/gcc/arm-none-eabi/11.2.0/../../../../arm-none-eabi/lib\libg.a(lib_a-siscanf.o)
                0x00000000020046a8                siscanf
 .text.__sread  0x000000000200471c       0x4c c:/devkitpro/devkitarm/bin/../lib/gcc/arm-none-eabi/11.2.0/../../../../arm-none-eabi/lib\libg.a(lib_a-stdio.o)
                0x000000000200471c                __sread
 .text.__seofread
                0x0000000002004768        0x8 c:/devkitpro/devkitarm/bin/../lib/gcc/arm-none-eabi/11.2.0/../../../../arm-none-eabi/lib\libg.a(lib_a-stdio.o)
                0x0000000002004768                __seofread
 .text.__swrite
                0x0000000002004770       0x6c c:/devkitpro/devkitarm/bin/../lib/gcc/arm-none-eabi/11.2.0/../../../../arm-none-eabi/lib\libg.a(lib_a-stdio.o)
                0x0000000002004770                __swrite
 .text.__sseek  0x00000000020047dc       0x4c c:/devkitpro/devkitarm/bin/../lib/gcc/arm-none-eabi/11.2.0/../../../../arm-none-eabi/lib\libg.a(lib_a-stdio.o)
                0x00000000020047dc                __sseek
 .text.__sclose
                0x0000000002004828       0x14 c:/devkitpro/devkitarm/bin/../lib/gcc/arm-none-eabi/11.2.0/../../../../arm-none-eabi/lib\libg.a(lib_a-stdio.o)
                0x0000000002004828                __sclose
 .text.strlen   0x000000000200483c       0x60 c:/devkitpro/devkitarm/bin/../lib/gcc/arm-none-eabi/11.2.0/../../../../arm-none-eabi/lib\libg.a(lib_a-strlen-stub.o)
                0x000000000200483c                strlen
 .text.get_arg  0x000000000200489c       0x54 c:/devkitpro/devkitarm/bin/../lib/gcc/arm-none-eabi/11.2.0/../../../../arm-none-eabi/lib\libg.a(lib_a-svfiscanf.o)
 .text._sungetc_r
                0x00000000020048f0       0xe4 c:/devkitpro/devkitarm/bin/../lib/gcc/arm-none-eabi/11.2.0/../../../../arm-none-eabi/lib\libg.a(lib_a-svfiscanf.o)
                0x00000000020048f0                _sungetc_r
 .text.__ssrefill_r
                0x00000000020049d4       0x68 c:/devkitpro/devkitarm/bin/../lib/gcc/arm-none-eabi/11.2.0/../../../../arm-none-eabi/lib\libg.a(lib_a-svfiscanf.o)
                0x00000000020049d4                __ssrefill_r
 .text._sfread_r
                0x0000000002004a3c       0xcc c:/devkitpro/devkitarm/bin/../lib/gcc/arm-none-eabi/11.2.0/../../../../arm-none-eabi/lib\libg.a(lib_a-svfiscanf.o)
                0x0000000002004a3c                _sfread_r
 .text.__ssvfiscanf_r
                0x0000000002004b08     0x2300 c:/devkitpro/devkitarm/bin/../lib/gcc/arm-none-eabi/11.2.0/../../../../arm-none-eabi/lib\libg.a(lib_a-svfiscanf.o)
                0x0000000002004b08                __ssvfiscanf_r
 .text.__submore
                0x0000000002006e08       0xb0 c:/devkitpro/devkitarm/bin/../lib/gcc/arm-none-eabi/11.2.0/../../../../arm-none-eabi/lib\libg.a(lib_a-ungetc.o)
                0x0000000002006e08                __submore
 .text.__sflush_r
                0x0000000002006eb8      0x280 c:/devkitpro/devkitarm/bin/../lib/gcc/arm-none-eabi/11.2.0/../../../../arm-none-eabi/lib\libg.a(lib_a-fflush.o)
                0x0000000002006eb8                __sflush_r
 .text._fflush_r
                0x0000000002007138       0x9c c:/devkitpro/devkitarm/bin/../lib/gcc/arm-none-eabi/11.2.0/../../../../arm-none-eabi/lib\libg.a(lib_a-fflush.o)
                0x0000000002007138                _fflush_r
 .text._cleanup_r
                0x00000000020071d4       0x18 c:/devkitpro/devkitarm/bin/../lib/gcc/arm-none-eabi/11.2.0/../../../../arm-none-eabi/lib\libg.a(lib_a-findfp.o)
                0x00000000020071d4                _cleanup_r
 .text.__sinit  0x00000000020071ec      0x18c c:/devkitpro/devkitarm/bin/../lib/gcc/arm-none-eabi/11.2.0/../../../../arm-none-eabi/lib\libg.a(lib_a-findfp.o)
                0x00000000020071ec                __sinit
 .text.__sfp_lock_acquire
                0x0000000002007378       0x18 c:/devkitpro/devkitarm/bin/../lib/gcc/arm-none-eabi/11.2.0/../../../../arm-none-eabi/lib\libg.a(lib_a-findfp.o)
                0x0000000002007378                __sfp_lock_acquire
 .text.__sfp_lock_release
                0x0000000002007390       0x18 c:/devkitpro/devkitarm/bin/../lib/gcc/arm-none-eabi/11.2.0/../../../../arm-none-eabi/lib\libg.a(lib_a-findfp.o)
                0x0000000002007390                __sfp_lock_release
 .text._malloc_trim_r
                0x00000000020073a8      0x100 c:/devkitpro/devkitarm/bin/../lib/gcc/arm-none-eabi/11.2.0/../../../../arm-none-eabi/lib\libg.a(lib_a-freer.o)
                0x00000000020073a8                _malloc_trim_r
 .text._free_r  0x00000000020074a8      0x2e0 c:/devkitpro/devkitarm/bin/../lib/gcc/arm-none-eabi/11.2.0/../../../../arm-none-eabi/lib\libg.a(lib_a-freer.o)
                0x00000000020074a8                _free_r
 .text._fwalk_reent
                0x0000000002007788       0x78 c:/devkitpro/devkitarm/bin/../lib/gcc/arm-none-eabi/11.2.0/../../../../arm-none-eabi/lib\libg.a(lib_a-fwalk.o)
                0x0000000002007788                _fwalk_reent
 .text.iswspace
                0x0000000002007800       0x14 c:/devkitpro/devkitarm/bin/../lib/gcc/arm-none-eabi/11.2.0/../../../../arm-none-eabi/lib\libg.a(lib_a-iswspace.o)
                0x0000000002007800                iswspace
 .text.__locale_mb_cur_max
                0x0000000002007814       0x10 c:/devkitpro/devkitarm/bin/../lib/gcc/arm-none-eabi/11.2.0/../../../../arm-none-eabi/lib\libg.a(lib_a-locale.o)
                0x0000000002007814                __locale_mb_cur_max
 .text.__swhatbuf_r
                0x0000000002007824       0x80 c:/devkitpro/devkitarm/bin/../lib/gcc/arm-none-eabi/11.2.0/../../../../arm-none-eabi/lib\libg.a(lib_a-makebuf.o)
                0x0000000002007824                __swhatbuf_r
 .text._mbrtowc_r
                0x00000000020078a4       0x70 c:/devkitpro/devkitarm/bin/../lib/gcc/arm-none-eabi/11.2.0/../../../../arm-none-eabi/lib\libg.a(lib_a-mbrtowc.o)
                0x00000000020078a4                _mbrtowc_r
 .text.__utf8_mbtowc
                0x0000000002007914      0x308 c:/devkitpro/devkitarm/bin/../lib/gcc/arm-none-eabi/11.2.0/../../../../arm-none-eabi/lib\libg.a(lib_a-mbtowc_r.o)
                0x0000000002007914                __utf8_mbtowc
 .text.memmove  0x0000000002007c1c      0x158 c:/devkitpro/devkitarm/bin/../lib/gcc/arm-none-eabi/11.2.0/../../../../arm-none-eabi/lib\libg.a(lib_a-memmove.o)
                0x0000000002007c1c                memmove
 .text.__sccl   0x0000000002007d74       0xe4 c:/devkitpro/devkitarm/bin/../lib/gcc/arm-none-eabi/11.2.0/../../../../arm-none-eabi/lib\libg.a(lib_a-sccl.o)
                0x0000000002007d74                __sccl
 .text._strtoll_l.constprop.0
                0x0000000002007e58      0x230 c:/devkitpro/devkitarm/bin/../lib/gcc/arm-none-eabi/11.2.0/../../../../arm-none-eabi/lib\libg.a(lib_a-strtoll.o)
 .text._strtoll_r
                0x0000000002008088        0x4 c:/devkitpro/devkitarm/bin/../lib/gcc/arm-none-eabi/11.2.0/../../../../arm-none-eabi/lib\libg.a(lib_a-strtoll.o)
                0x0000000002008088                _strtoll_r
 .text._strtol_l.part.0
                0x000000000200808c      0x1a8 c:/devkitpro/devkitarm/bin/../lib/gcc/arm-none-eabi/11.2.0/../../../../arm-none-eabi/lib\libg.a(lib_a-strtol.o)
 .text._strtol_r
                0x0000000002008234       0x3c c:/devkitpro/devkitarm/bin/../lib/gcc/arm-none-eabi/11.2.0/../../../../arm-none-eabi/lib\libg.a(lib_a-strtol.o)
                0x0000000002008234                _strtol_r
 .text._strtoull_l.constprop.0
                0x0000000002008270      0x248 c:/devkitpro/devkitarm/bin/../lib/gcc/arm-none-eabi/11.2.0/../../../../arm-none-eabi/lib\libg.a(lib_a-strtoull.o)
 .text._strtoull_r
                0x00000000020084b8        0x4 c:/devkitpro/devkitarm/bin/../lib/gcc/arm-none-eabi/11.2.0/../../../../arm-none-eabi/lib\libg.a(lib_a-strtoull.o)
                0x00000000020084b8                _strtoull_r
 .text._strtoul_l.constprop.0
                0x00000000020084bc      0x1c8 c:/devkitpro/devkitarm/bin/../lib/gcc/arm-none-eabi/11.2.0/../../../../arm-none-eabi/lib\libg.a(lib_a-strtoul.o)
 .text._strtoul_r
                0x0000000002008684        0x4 c:/devkitpro/devkitarm/bin/../lib/gcc/arm-none-eabi/11.2.0/../../../../arm-none-eabi/lib\libg.a(lib_a-strtoul.o)
                0x0000000002008684                _strtoul_r
 .text.__utf8_wctomb
                0x0000000002008688       0xf4 c:/devkitpro/devkitarm/bin/../lib/gcc/arm-none-eabi/11.2.0/../../../../arm-none-eabi/lib\libg.a(lib_a-wctomb_r.o)
                0x0000000002008688                __utf8_wctomb
 .text.__errno  0x000000000200877c       0x10 c:/devkitpro/devkitarm/bin/../lib/gcc/arm-none-eabi/11.2.0/../../../../arm-none-eabi/lib\libg.a(lib_a-errno.o)
                0x000000000200877c                __errno
 .text._fclose_r
                0x000000000200878c      0x16c c:/devkitpro/devkitarm/bin/../lib/gcc/arm-none-eabi/11.2.0/../../../../arm-none-eabi/lib\libg.a(lib_a-fclose.o)
                0x000000000200878c                _fclose_r
 .text.iswspace_l
                0x00000000020088f8       0x44 c:/devkitpro/devkitarm/bin/../lib/gcc/arm-none-eabi/11.2.0/../../../../arm-none-eabi/lib\libg.a(lib_a-iswspace_l.o)
                0x00000000020088f8                iswspace_l
 .text.__jp2uc  0x000000000200893c      0x1e4 c:/devkitpro/devkitarm/bin/../lib/gcc/arm-none-eabi/11.2.0/../../../../arm-none-eabi/lib\libg.a(lib_a-jp2uc.o)
 .text._jp2uc_l
                0x0000000002008b20       0x94 c:/devkitpro/devkitarm/bin/../lib/gcc/arm-none-eabi/11.2.0/../../../../arm-none-eabi/lib\libg.a(lib_a-jp2uc.o)
                0x0000000002008b20                _jp2uc_l
 .text.category
                0x0000000002008bb4       0x8c c:/devkitpro/devkitarm/bin/../lib/gcc/arm-none-eabi/11.2.0/../../../../arm-none-eabi/lib\libg.a(lib_a-categories.o)
                0x0000000002008bb4                category
 .text.null_write
                0x0000000002008c40        0x8 c:/devkitpro/devkitarm/bin/../lib/gcc/arm-none-eabi/11.2.0/../../../../arm-none-eabi/lib\libsysbase.a(iosupport.o)
 .text._fstat_r
                0x0000000002008c48       0x7c c:/devkitpro/devkitarm/bin/../lib/gcc/arm-none-eabi/11.2.0/../../../../arm-none-eabi/lib\libsysbase.a(fstat.o)
                0x0000000002008c48                _fstat_r
 .text._lseek_r
                0x0000000002008cc4       0x88 c:/devkitpro/devkitarm/bin/../lib/gcc/arm-none-eabi/11.2.0/../../../../arm-none-eabi/lib\libsysbase.a(lseek.o)
                0x0000000002008cc4                _lseek_r
 .text._read_r  0x0000000002008d4c       0x84 c:/devkitpro/devkitarm/bin/../lib/gcc/arm-none-eabi/11.2.0/../../../../arm-none-eabi/lib\libsysbase.a(read.o)
                0x0000000002008d4c                _read_r
 .text._sbrk_r  0x0000000002008dd0       0x7c c:/devkitpro/devkitarm/bin/../lib/gcc/arm-none-eabi/11.2.0/../../../../arm-none-eabi/lib\libsysbase.a(sbrk.o)
                0x0000000002008dd0                _sbrk_r
 .text._write_r
                0x0000000002008e4c       0x84 c:/devkitpro/devkitarm/bin/../lib/gcc/arm-none-eabi/11.2.0/../../../../arm-none-eabi/lib\libsysbase.a(write.o)
                0x0000000002008e4c                _write_r
 .text.build_argv
                0x0000000002008ed0       0x80 c:/devkitpro/devkitarm/bin/../lib/gcc/arm-none-eabi/11.2.0/../../../../arm-none-eabi/lib\libsysbase.a(build_argv.o)
                0x0000000002008ed0                build_argv
 .text.__flockfile
                0x0000000002008f50       0x14 c:/devkitpro/devkitarm/bin/../lib/gcc/arm-none-eabi/11.2.0/../../../../arm-none-eabi/lib\libsysbase.a(flock.o)
                0x0000000002008f50                __flockfile
 .text.__funlockfile
                0x0000000002008f64       0x14 c:/devkitpro/devkitarm/bin/../lib/gcc/arm-none-eabi/11.2.0/../../../../arm-none-eabi/lib\libsysbase.a(flock.o)
                0x0000000002008f64                __funlockfile
 .text.__get_handle
                0x0000000002008f78       0x40 c:/devkitpro/devkitarm/bin/../lib/gcc/arm-none-eabi/11.2.0/../../../../arm-none-eabi/lib\libsysbase.a(handle_manager.o)
                0x0000000002008f78                __get_handle
 .text._close_r
                0x0000000002008fb8       0xfc c:/devkitpro/devkitarm/bin/../lib/gcc/arm-none-eabi/11.2.0/../../../../arm-none-eabi/lib\libsysbase.a(handle_manager.o)
                0x0000000002008fb8                _close_r
 .text.__getreent
                0x00000000020090b4       0x30 c:/devkitpro/devkitarm/bin/../lib/gcc/arm-none-eabi/11.2.0/../../../../arm-none-eabi/lib\libsysbase.a(getreent.o)
                0x00000000020090b4                __getreent
 .text.__libc_lock_acquire
                0x00000000020090e4       0x20 c:/devkitpro/devkitarm/bin/../lib/gcc/arm-none-eabi/11.2.0/../../../../arm-none-eabi/lib\libsysbase.a(syscall_support.o)
                0x00000000020090e4                __libc_lock_acquire
 .text.__libc_lock_release
                0x0000000002009104       0x20 c:/devkitpro/devkitarm/bin/../lib/gcc/arm-none-eabi/11.2.0/../../../../arm-none-eabi/lib\libsysbase.a(syscall_support.o)
                0x0000000002009104                __libc_lock_release
 .text.__libc_lock_init_recursive
                0x0000000002009124       0x20 c:/devkitpro/devkitarm/bin/../lib/gcc/arm-none-eabi/11.2.0/../../../../arm-none-eabi/lib\libsysbase.a(syscall_support.o)
                0x0000000002009124                __libc_lock_init_recursive
 .text.__libc_lock_acquire_recursive
                0x0000000002009144       0x20 c:/devkitpro/devkitarm/bin/../lib/gcc/arm-none-eabi/11.2.0/../../../../arm-none-eabi/lib\libsysbase.a(syscall_support.o)
                0x0000000002009144                __libc_lock_acquire_recursive
 .text.__libc_lock_release_recursive
                0x0000000002009164       0x20 c:/devkitpro/devkitarm/bin/../lib/gcc/arm-none-eabi/11.2.0/../../../../arm-none-eabi/lib\libsysbase.a(syscall_support.o)
                0x0000000002009164                __libc_lock_release_recursive
 .text.__libc_lock_close_recursive
                0x0000000002009184       0x20 c:/devkitpro/devkitarm/bin/../lib/gcc/arm-none-eabi/11.2.0/../../../../arm-none-eabi/lib\libsysbase.a(syscall_support.o)
                0x0000000002009184                __libc_lock_close_recursive
 .text.__udivmoddi4
                0x00000000020091a4      0x128 c:/devkitpro/devkitarm/bin/../lib/gcc/arm-none-eabi/11.2.0\libgcc.a(_udivmoddi4.o)
                0x00000000020091a4                __udivmoddi4
 *fill*         0x00000000020092cc        0x4 ff
 .text.__udivmoddi4.__stub
                0x00000000020092d0       0xc8 linker stubs
 *(EXCLUDE_FILE(*.twl*) .gnu.warning)
 *(EXCLUDE_FILE(*.twl*) .gnu.linkonce.t*)
 *(.glue_7)
 .glue_7        0x00000000020093b8        0x0 linker stubs
 *(.glue_7t)
 .glue_7t       0x00000000020093b8        0x0 linker stubs
                0x00000000020093b8                . = ALIGN (0x4)

.vfp11_veneer   0x00000000020093b8        0x0
 .vfp11_veneer  0x00000000020093b8        0x0 linker stubs

.v4_bx          0x00000000020093b8        0x0
 .v4_bx         0x00000000020093b8        0x0 linker stubs

.iplt           0x00000000020093b8        0x0
 .iplt          0x00000000020093b8        0x0 c:/devkitpro/devkitarm/bin/../lib/gcc/arm-none-eabi/11.2.0/../../../../arm-none-eabi/lib/ds_arm9_crt0.o

.fini           0x00000000020093b8       0x18
 *(.fini)
 .fini          0x00000000020093b8        0xc c:/devkitpro/devkitarm/bin/../lib/gcc/arm-none-eabi/11.2.0/crti.o
                0x00000000020093b8                _fini
 .fini          0x00000000020093c4        0xc c:/devkitpro/devkitarm/bin/../lib/gcc/arm-none-eabi/11.2.0/crtn.o
                0x00000000020093d0                __text_end = .

.rodata         0x00000000020093d0    0x19340
 *(EXCLUDE_FILE(*.twl*) .rodata)
 .rodata        0x00000000020093d0      0x600 DeS.o
                0x00000000020093d0                DeSTiles
                0x00000000020097d0                DeSPal
 .rodata        0x00000000020099d0    0x10200 Store.o
                0x00000000020099d0                StoreBitmap
                0x00000000020199d0                StorePal
 *all.rodata*(*)
 *(EXCLUDE_FILE(*.twl*) .roda)
 *(EXCLUDE_FILE(*.twl*) .rodata.*)
 .rodata.SIN_LUT
                0x0000000002019bd0      0x102 C:/devkitPro/libnds/lib\libnds9.a(trig.o)
                0x0000000002019bd0                SIN_LUT
 *fill*         0x0000000002019cd2        0x2 ff
 .rodata.con_write.str1.4
                0x0000000002019cd4       0x30 C:/devkitPro/libnds/lib\libnds9.a(console.o)
 .rodata.con_write
                0x0000000002019d04       0xd4 C:/devkitPro/libnds/lib\libnds9.a(console.o)
 .rodata.str1.4
                0x0000000002019dd8       0x14 C:/devkitPro/libnds/lib\libnds9.a(console.o)
 .rodata.dotab_stdout
                0x0000000002019dec       0x70 C:/devkitPro/libnds/lib\libnds9.a(console.o)
 .rodata.default_font_bin
                0x0000000002019e5c     0x2000 C:/devkitPro/libnds/lib\libnds9.a(default_font.bin.o)
                0x0000000002019e5c                default_font_bin
                0x000000000201be5c                default_font_bin_end
 .rodata.basefix.0
                0x000000000201be5c       0x22 c:/devkitpro/devkitarm/bin/../lib/gcc/arm-none-eabi/11.2.0/../../../../arm-none-eabi/lib\libg.a(lib_a-svfiscanf.o)
 *fill*         0x000000000201be7e        0x2 ff
 .rodata._ctype_
                0x000000000201be80      0x101 c:/devkitpro/devkitarm/bin/../lib/gcc/arm-none-eabi/11.2.0/../../../../arm-none-eabi/lib\libg.a(lib_a-ctype_.o)
                0x000000000201be80                _ctype_
 *fill*         0x000000000201bf81        0x3 ff
 .rodata.str1.4
                0x000000000201bf84       0x48 c:/devkitpro/devkitarm/bin/../lib/gcc/arm-none-eabi/11.2.0/../../../../arm-none-eabi/lib\libg.a(lib_a-locale.o)
                                         0x4c (size before relaxing)
 .rodata._mbrtowc_r.str1.4
                0x000000000201bfcc        0x1 c:/devkitpro/devkitarm/bin/../lib/gcc/arm-none-eabi/11.2.0/../../../../arm-none-eabi/lib\libg.a(lib_a-mbrtowc.o)
 .rodata._jp2uc_l.str1.4
                0x000000000201bfcc       0x12 c:/devkitpro/devkitarm/bin/../lib/gcc/arm-none-eabi/11.2.0/../../../../arm-none-eabi/lib\libg.a(lib_a-jp2uc.o)
 *fill*         0x000000000201bfde        0x2 ff
 .rodata.a1     0x000000000201bfe0       0xbc c:/devkitpro/devkitarm/bin/../lib/gcc/arm-none-eabi/11.2.0/../../../../arm-none-eabi/lib\libg.a(lib_a-jp2uc.o)
 .rodata.a2     0x000000000201c09c       0xbc c:/devkitpro/devkitarm/bin/../lib/gcc/arm-none-eabi/11.2.0/../../../../arm-none-eabi/lib\libg.a(lib_a-jp2uc.o)
 .rodata.a3     0x000000000201c158       0x5b c:/devkitpro/devkitarm/bin/../lib/gcc/arm-none-eabi/11.2.0/../../../../arm-none-eabi/lib\libg.a(lib_a-jp2uc.o)
 *fill*         0x000000000201c1b3        0x1 ff
 .rodata.a6     0x000000000201c1b4       0x70 c:/devkitpro/devkitarm/bin/../lib/gcc/arm-none-eabi/11.2.0/../../../../arm-none-eabi/lib\libg.a(lib_a-jp2uc.o)
 .rodata.a7     0x000000000201c224       0xa2 c:/devkitpro/devkitarm/bin/../lib/gcc/arm-none-eabi/11.2.0/../../../../arm-none-eabi/lib\libg.a(lib_a-jp2uc.o)
 *fill*         0x000000000201c2c6        0x2 ff
 .rodata.a8     0x000000000201c2c8       0x40 c:/devkitpro/devkitarm/bin/../lib/gcc/arm-none-eabi/11.2.0/../../../../arm-none-eabi/lib\libg.a(lib_a-jp2uc.o)
 .rodata.b02cf  0x000000000201c308     0x172a c:/devkitpro/devkitarm/bin/../lib/gcc/arm-none-eabi/11.2.0/../../../../arm-none-eabi/lib\libg.a(lib_a-jp2uc.o)
 *fill*         0x000000000201da32        0x2 ff
 .rodata.d02f4  0x000000000201da34     0x1a7c c:/devkitpro/devkitarm/bin/../lib/gcc/arm-none-eabi/11.2.0/../../../../arm-none-eabi/lib\libg.a(lib_a-jp2uc.o)
 .rodata.categories
                0x000000000201f4b0     0x31e6 c:/devkitpro/devkitarm/bin/../lib/gcc/arm-none-eabi/11.2.0/../../../../arm-none-eabi/lib\libg.a(lib_a-categories.o)
 *fill*         0x0000000002022696        0x2 ff
 .rodata.AddDevice.str1.4
                0x0000000002022698        0x8 c:/devkitpro/devkitarm/bin/../lib/gcc/arm-none-eabi/11.2.0/../../../../arm-none-eabi/lib\libsysbase.a(iosupport.o)
 .rodata.dotab_stdnull
                0x00000000020226a0       0x70 c:/devkitpro/devkitarm/bin/../lib/gcc/arm-none-eabi/11.2.0/../../../../arm-none-eabi/lib\libsysbase.a(iosupport.o)
                0x00000000020226a0                dotab_stdnull
 *(EXCLUDE_FILE(*.twl*) .gnu.linkonce.r*)
                0x0000000002022710                . = ALIGN (0x4)

.ARM.extab
 *(.ARM.extab* .gnu.linkonce.armextab.*)
                0x0000000002022710                __exidx_start = .

ARM.exidx
 *(.ARM.exidx* .gnu.linkonce.armexidx.*)
                0x0000000002022710                __exidx_end = .
                0x0000000002022710                . = ALIGN (0x4)
                0x0000000002022710                PROVIDE (__preinit_array_start = .)

.preinit_array
 *(.preinit_array)
                0x0000000002022710                PROVIDE (__preinit_array_end = .)
                0x0000000002022710                PROVIDE (__init_array_start = .)

.init_array     0x0000000002022710        0x4
 *(SORT_BY_NAME(.init_array.*))
 *(.init_array)
 .init_array    0x0000000002022710        0x4 c:/devkitpro/devkitarm/bin/../lib/gcc/arm-none-eabi/11.2.0/crtbegin.o
                0x0000000002022714                PROVIDE (__init_array_end = .)
                [!provide]                        PROVIDE (__fini_array_start = .)

.fini_array     0x0000000002022714        0x4
 *(.fini_array)
 .fini_array    0x0000000002022714        0x4 c:/devkitpro/devkitarm/bin/../lib/gcc/arm-none-eabi/11.2.0/crtbegin.o
 *(SORT_BY_NAME(.fini_array.*))
                [!provide]                        PROVIDE (__fini_array_end = .)

.ctors          0x0000000002022718        0x0
 *crtbegin.o(.ctors)
 *(EXCLUDE_FILE(*crtend.o) .ctors)
 *(SORT_BY_NAME(.ctors.*))
 *(.ctors)
                0x0000000002022718                . = ALIGN (0x4)

.dtors          0x0000000002022718        0x0
 *crtbegin.o(.dtors)
 *(EXCLUDE_FILE(*crtend.o) .dtors)
 *(SORT_BY_NAME(.dtors.*))
 *(.dtors)
                0x0000000002022718                . = ALIGN (0x4)

.eh_frame       0x0000000002022718        0x4
 *(.eh_frame)
 .eh_frame      0x0000000002022718        0x0 c:/devkitpro/devkitarm/bin/../lib/gcc/arm-none-eabi/11.2.0/crtbegin.o
 .eh_frame      0x0000000002022718        0x4 c:/devkitpro/devkitarm/bin/../lib/gcc/arm-none-eabi/11.2.0/crtend.o
                0x000000000202271c                . = ALIGN (0x4)

.rel.dyn        0x000000000202271c        0x0
 .rel.iplt      0x000000000202271c        0x0 c:/devkitpro/devkitarm/bin/../lib/gcc/arm-none-eabi/11.2.0/../../../../arm-none-eabi/lib/ds_arm9_crt0.o

.gcc_except_table
                0x000000000202271c        0x0
 *(.gcc_except_table)
                0x000000000202271c                . = ALIGN (0x4)

.jcr
 *(.jcr)

.got
 *(.got.plt)
 *(.got)
 *(.rel.got)

.ewram          0x000000000202271c        0x0
                0x000000000202271c                __ewram_start = ABSOLUTE (.)
 *(.ewram)
 *ewram.*(.text)
                0x000000000202271c                . = ALIGN (0x4)

.data           0x000000000202271c     0x1bc8
                0x000000000202271c                __data_start = ABSOLUTE (.)
 *(EXCLUDE_FILE(*.twl*) .data)
 .data          0x000000000202271c        0x8 main.o
                0x000000000202271c                PlayerY
                0x0000000002022720                FramesToJump
 .data          0x0000000002022724       0x28 C:/devkitPro/libnds/lib\libnds9.a(mpu_setup.o)
 *(EXCLUDE_FILE(*.twl*) .data.*)
 .data.bgControl
                0x000000000202274c       0x20 C:/devkitPro/libnds/lib\libnds9.a(background.o)
                0x000000000202274c                bgControl
 .data.bgScrollTable
                0x000000000202276c       0x20 C:/devkitPro/libnds/lib\libnds9.a(background.o)
                0x000000000202276c                bgScrollTable
 .data.bgTransform
                0x000000000202278c       0x20 C:/devkitPro/libnds/lib\libnds9.a(background.o)
                0x000000000202278c                bgTransform
 .data.currentConsole
                0x00000000020227ac        0x4 C:/devkitPro/libnds/lib\libnds9.a(console.o)
                0x00000000020227ac                currentConsole
 .data.defaultConsole
                0x00000000020227b0       0x5c C:/devkitPro/libnds/lib\libnds9.a(console.o)
                0x00000000020227b0                defaultConsole
 .data.firstConsoleInit.0
                0x000000000202280c        0x1 C:/devkitPro/libnds/lib\libnds9.a(console.o)
 *fill*         0x000000000202280d        0x3 ff
 .data.oamMain  0x0000000002022810       0x18 C:/devkitPro/libnds/lib\libnds9.a(sprite.o)
                0x0000000002022810                oamMain
 .data.oamSub   0x0000000002022828       0x18 C:/devkitPro/libnds/lib\libnds9.a(sprite.o)
                0x0000000002022828                oamSub
 .data.count    0x0000000002022840        0x1 C:/devkitPro/libnds/lib\libnds9.a(keys.o)
 .data.delay    0x0000000002022841        0x1 C:/devkitPro/libnds/lib\libnds9.a(keys.o)
 .data.repeat   0x0000000002022842        0x1 C:/devkitPro/libnds/lib\libnds9.a(keys.o)
 *fill*         0x0000000002022843        0x1 ff
 .data.fifo_buffer_free
                0x0000000002022844        0x4 C:/devkitPro/libnds/lib\libnds9.a(fifosystem.o)
                0x0000000002022844                fifo_buffer_free
 .data.fifo_freewords
                0x0000000002022848        0x4 C:/devkitPro/libnds/lib\libnds9.a(fifosystem.o)
                0x0000000002022848                fifo_freewords
 .data.fifo_receive_queue
                0x000000000202284c        0x4 C:/devkitPro/libnds/lib\libnds9.a(fifosystem.o)
                0x000000000202284c                fifo_receive_queue
 .data.fifo_send_queue
                0x0000000002022850        0x4 C:/devkitPro/libnds/lib\libnds9.a(fifosystem.o)
                0x0000000002022850                fifo_send_queue
 .data.__malloc_av_
                0x0000000002022854      0x408 c:/devkitpro/devkitarm/bin/../lib/gcc/arm-none-eabi/11.2.0/../../../../arm-none-eabi/lib\libg.a(lib_a-mallocr.o)
                0x0000000002022854                __malloc_av_
 .data.__malloc_sbrk_base
                0x0000000002022c5c        0x4 c:/devkitpro/devkitarm/bin/../lib/gcc/arm-none-eabi/11.2.0/../../../../arm-none-eabi/lib\libg.a(lib_a-mallocr.o)
                0x0000000002022c5c                __malloc_sbrk_base
 .data.__malloc_trim_threshold
                0x0000000002022c60        0x4 c:/devkitpro/devkitarm/bin/../lib/gcc/arm-none-eabi/11.2.0/../../../../arm-none-eabi/lib\libg.a(lib_a-mallocr.o)
                0x0000000002022c60                __malloc_trim_threshold
 .data._impure_ptr
                0x0000000002022c64        0x4 c:/devkitpro/devkitarm/bin/../lib/gcc/arm-none-eabi/11.2.0/../../../../arm-none-eabi/lib\libg.a(lib_a-impure.o)
                0x0000000002022c64                _impure_ptr
 *fill*         0x0000000002022c68        0x0 ff
 .data.impure_data
                0x0000000002022c68      0x460 c:/devkitpro/devkitarm/bin/../lib/gcc/arm-none-eabi/11.2.0/../../../../arm-none-eabi/lib\libg.a(lib_a-impure.o)
 .data.__global_locale
                0x00000000020230c8      0x16c c:/devkitpro/devkitarm/bin/../lib/gcc/arm-none-eabi/11.2.0/../../../../arm-none-eabi/lib\libg.a(lib_a-locale.o)
                0x00000000020230c8                __global_locale
 .data.devoptab_list
                0x0000000002023234       0x8c c:/devkitpro/devkitarm/bin/../lib/gcc/arm-none-eabi/11.2.0/../../../../arm-none-eabi/lib\libsysbase.a(iosupport.o)
                0x0000000002023234                devoptab_list
 .data.__stderr_handle
                0x00000000020232c0        0xc c:/devkitpro/devkitarm/bin/../lib/gcc/arm-none-eabi/11.2.0/../../../../arm-none-eabi/lib\libsysbase.a(handle_manager.o)
 .data.__stdin_handle
                0x00000000020232cc        0xc c:/devkitpro/devkitarm/bin/../lib/gcc/arm-none-eabi/11.2.0/../../../../arm-none-eabi/lib\libsysbase.a(handle_manager.o)
 .data.__stdout_handle
                0x00000000020232d8        0xc c:/devkitpro/devkitarm/bin/../lib/gcc/arm-none-eabi/11.2.0/../../../../arm-none-eabi/lib\libsysbase.a(handle_manager.o)
 .data.handles  0x00000000020232e4     0x1000 c:/devkitpro/devkitarm/bin/../lib/gcc/arm-none-eabi/11.2.0/../../../../arm-none-eabi/lib\libsysbase.a(handle_manager.o)
 *(EXCLUDE_FILE(*.twl*) .gnu.linkonce.d*)
                0x00000000020242e4                . = ALIGN (0x4)
                0x00000000020242e4                __data_end = ABSOLUTE (.)
                0x00000000020242e4                __bss_vma = .

.igot.plt       0x00000000020242e4        0x0
 .igot.plt      0x00000000020242e4        0x0 c:/devkitpro/devkitarm/bin/../lib/gcc/arm-none-eabi/11.2.0/../../../../arm-none-eabi/lib/ds_arm9_crt0.o

.dtcm           0x0000000002ff0000        0x0 load address 0x00000000020242e4
                0x00000000020242e4                __dtcm_lma = LOADADDR (.dtcm)
                0x0000000002ff0000                __dtcm_start = ABSOLUTE (.)
 *(.dtcm)
 *(.dtcm.*)
                0x0000000002ff0000                . = ALIGN (0x4)
                0x0000000002ff0000                __dtcm_end = ABSOLUTE (.)

.itcm           0x0000000001000100      0x194 load address 0x00000000020242e4
                0x00000000020242e4                __itcm_lma = LOADADDR (.itcm)
                0x0000000001000100                __itcm_start = ABSOLUTE (.)
 *(.itcm)
 .itcm          0x0000000001000100       0xc8 C:/devkitPro/libnds/lib\libnds9.a(interrupts.o)
                0x0000000001000100                irqTable
 .itcm          0x00000000010001c8       0xcc C:/devkitPro/libnds/lib\libnds9.a(interruptDispatcher.o)
                0x00000000010001c8                IntrMain
 *.itcm*(.text .stub .text.*)
                0x0000000001000294                . = ALIGN (0x4)
                0x0000000001000294                __itcm_end = ABSOLUTE (.)

.vectors        0x0000000001000000        0x0 load address 0x0000000002024478
                0x0000000002024478                __vectors_lma = LOADADDR (.vectors)
                0x0000000001000000                __vectors_start = ABSOLUTE (.)
 *(.vectors .vectors.*)
                0x0000000001000000                . = ALIGN (0x4)
                0x0000000001000000                __vectors_end = ABSOLUTE (.)

.sbss           0x0000000002ff0000        0x0
                0x0000000002ff0000                __sbss_start = ABSOLUTE (.)
                0x0000000002ff0000                __sbss_start__ = ABSOLUTE (.)
 *(.sbss)
                0x0000000002ff0000                . = ALIGN (0x4)
                0x0000000002ff0000                __sbss_end = ABSOLUTE (.)

.bss            0x00000000020242e4     0x188c
                0x00000000020242e4                __bss_start = ABSOLUTE (.)
                0x00000000020242e4                __bss_start__ = ABSOLUTE (.)
 *(EXCLUDE_FILE(*.twl*) .dynbss)
 *(EXCLUDE_FILE(*.twl*) .gnu.linkonce.b*)
 *(EXCLUDE_FILE(*.twl*) .bss*)
 .bss.completed.1
                0x00000000020242e4        0x1 c:/devkitpro/devkitarm/bin/../lib/gcc/arm-none-eabi/11.2.0/crtbegin.o
 *fill*         0x00000000020242e5        0x3 
 .bss.object.0  0x00000000020242e8       0x18 c:/devkitpro/devkitarm/bin/../lib/gcc/arm-none-eabi/11.2.0/crtbegin.o
 .bss           0x0000000002024300      0x40d main.o
                0x0000000002024300                OAMCopy
                0x0000000002024700                frame
                0x0000000002024704                PlayerJumpState
                0x0000000002024708                FramesDone
                0x000000000202470c                TouchType
 *fill*         0x000000000202470d        0x3 
 .bss.bgIsTextLut
                0x0000000002024710        0x8 C:/devkitPro/libnds/lib\libnds9.a(background.o)
                0x0000000002024710                bgIsTextLut
 .bss.bgState   0x0000000002024718      0x140 C:/devkitPro/libnds/lib\libnds9.a(background.o)
                0x0000000002024718                bgState
 .bss.currentCopy
                0x0000000002024858       0x5c C:/devkitPro/libnds/lib\libnds9.a(console.o)
                0x0000000002024858                currentCopy
 .bss.OamMemory
                0x00000000020248b4      0x400 C:/devkitPro/libnds/lib\libnds9.a(sprite.o)
                0x00000000020248b4                OamMemory
 .bss.OamMemorySub
                0x0000000002024cb4      0x400 C:/devkitPro/libnds/lib\libnds9.a(sprite.o)
                0x0000000002024cb4                OamMemorySub
 .bss.keys      0x00000000020250b4        0x2 C:/devkitPro/libnds/lib\libnds9.a(keys.o)
 .bss.keysold   0x00000000020250b6        0x2 C:/devkitPro/libnds/lib\libnds9.a(keys.o)
 .bss.keysrepeat
                0x00000000020250b8        0x2 C:/devkitPro/libnds/lib\libnds9.a(keys.o)
 .bss.__dsimode
                0x00000000020250ba        0x1 C:/devkitPro/libnds/lib\libnds9.a(initSystem.o)
                0x00000000020250ba                __dsimode
 *fill*         0x00000000020250bb        0x1 
 .bss.punixTime
                0x00000000020250bc        0x4 C:/devkitPro/libnds/lib\libnds9.a(initSystem.o)
                0x00000000020250bc                punixTime
 .bss.fifo_address_data
                0x00000000020250c0       0x40 C:/devkitPro/libnds/lib\libnds9.a(fifosystem.o)
                0x00000000020250c0                fifo_address_data
 .bss.fifo_address_func
                0x0000000002025100       0x40 C:/devkitPro/libnds/lib\libnds9.a(fifosystem.o)
                0x0000000002025100                fifo_address_func
 .bss.fifo_address_queue
                0x0000000002025140       0x40 C:/devkitPro/libnds/lib\libnds9.a(fifosystem.o)
                0x0000000002025140                fifo_address_queue
 .bss.fifo_buffer
                0x0000000002025180      0x800 C:/devkitPro/libnds/lib\libnds9.a(fifosystem.o)
                0x0000000002025180                fifo_buffer
 .bss.fifo_data_queue
                0x0000000002025980       0x40 C:/devkitPro/libnds/lib\libnds9.a(fifosystem.o)
                0x0000000002025980                fifo_data_queue
 .bss.fifo_datamsg_data
                0x00000000020259c0       0x40 C:/devkitPro/libnds/lib\libnds9.a(fifosystem.o)
                0x00000000020259c0                fifo_datamsg_data
 .bss.fifo_datamsg_func
                0x0000000002025a00       0x40 C:/devkitPro/libnds/lib\libnds9.a(fifosystem.o)
                0x0000000002025a00                fifo_datamsg_func
 .bss.fifo_value32_data
                0x0000000002025a40       0x40 C:/devkitPro/libnds/lib\libnds9.a(fifosystem.o)
                0x0000000002025a40                fifo_value32_data
 .bss.fifo_value32_func
                0x0000000002025a80       0x40 C:/devkitPro/libnds/lib\libnds9.a(fifosystem.o)
                0x0000000002025a80                fifo_value32_func
 .bss.fifo_value32_queue
                0x0000000002025ac0       0x40 C:/devkitPro/libnds/lib\libnds9.a(fifosystem.o)
                0x0000000002025ac0                fifo_value32_queue
 .bss.processing
                0x0000000002025b00        0x4 C:/devkitPro/libnds/lib\libnds9.a(fifosystem.o)
                0x0000000002025b00                processing
 .bss.SDcallback
                0x0000000002025b04        0x4 C:/devkitPro/libnds/lib\libnds9.a(system.o)
 .bss.__malloc_current_mallinfo
                0x0000000002025b08       0x28 c:/devkitpro/devkitarm/bin/../lib/gcc/arm-none-eabi/11.2.0/../../../../arm-none-eabi/lib\libg.a(lib_a-mallocr.o)
                0x0000000002025b08                __malloc_current_mallinfo
 .bss.__malloc_max_sbrked_mem
                0x0000000002025b30        0x4 c:/devkitpro/devkitarm/bin/../lib/gcc/arm-none-eabi/11.2.0/../../../../arm-none-eabi/lib\libg.a(lib_a-mallocr.o)
                0x0000000002025b30                __malloc_max_sbrked_mem
 .bss.__malloc_max_total_mem
                0x0000000002025b34        0x4 c:/devkitpro/devkitarm/bin/../lib/gcc/arm-none-eabi/11.2.0/../../../../arm-none-eabi/lib\libg.a(lib_a-mallocr.o)
                0x0000000002025b34                __malloc_max_total_mem
 .bss.__malloc_top_pad
                0x0000000002025b38        0x4 c:/devkitpro/devkitarm/bin/../lib/gcc/arm-none-eabi/11.2.0/../../../../arm-none-eabi/lib\libg.a(lib_a-mallocr.o)
                0x0000000002025b38                __malloc_top_pad
 .bss.__malloc_recursive_mutex
                0x0000000002025b3c        0xc c:/devkitpro/devkitarm/bin/../lib/gcc/arm-none-eabi/11.2.0/../../../../arm-none-eabi/lib\libg.a(lib_a-mlock.o)
 .bss.__sfp_recursive_mutex
                0x0000000002025b48        0xc c:/devkitpro/devkitarm/bin/../lib/gcc/arm-none-eabi/11.2.0/../../../../arm-none-eabi/lib\libg.a(lib_a-findfp.o)
 .bss.__sinit_recursive_mutex
                0x0000000002025b54        0xc c:/devkitpro/devkitarm/bin/../lib/gcc/arm-none-eabi/11.2.0/../../../../arm-none-eabi/lib\libg.a(lib_a-findfp.o)
 .bss.heap_start.0
                0x0000000002025b60        0x4 c:/devkitpro/devkitarm/bin/../lib/gcc/arm-none-eabi/11.2.0/../../../../arm-none-eabi/lib\libsysbase.a(sbrk.o)
 .bss.fake_heap_end
                0x0000000002025b64        0x4 c:/devkitpro/devkitarm/bin/../lib/gcc/arm-none-eabi/11.2.0/../../../../arm-none-eabi/lib\libsysbase.a(malloc_vars.o)
                0x0000000002025b64                fake_heap_end
 .bss.fake_heap_start
                0x0000000002025b68        0x4 c:/devkitpro/devkitarm/bin/../lib/gcc/arm-none-eabi/11.2.0/../../../../arm-none-eabi/lib\libsysbase.a(malloc_vars.o)
                0x0000000002025b68                fake_heap_start
 .bss.__hndl_lock
                0x0000000002025b6c        0x4 c:/devkitpro/devkitarm/bin/../lib/gcc/arm-none-eabi/11.2.0/../../../../arm-none-eabi/lib\libsysbase.a(handle_manager.o)
 *(EXCLUDE_FILE(*.twl*) COMMON)
                0x0000000002025b70                . = ALIGN (0x4)
                0x0000000002025b70                __bss_end__ = ABSOLUTE (.)
                0x0000000002025b70                __end__ = ABSOLUTE (.)

.twl            0x0000000002025b70        0x0 load address 0x0000000002400000
                0x0000000002400000                __arm9i_lma__ = LOADADDR (.twl)
                0x0000000002025b70                __arm9i_start__ = ABSOLUTE (.)
 *(.twl)
 *.twl*(.text .stub .text.* .gnu.linkonce.t.*)
 *.twl*(.rodata)
 *.twl*(.roda)
 *.twl*(.rodata.*)
 *.twl*(.data)
 *.twl*(.data.*)
 *.twl*(.gnu.linkonce.d*)
                0x0000000002025b70                __arm9i_end__ = ABSOLUTE (.)

.twl_bss        0x0000000002025b70        0x0
                0x0000000002025b70                __twl_bss_start__ = ABSOLUTE (.)
 *(.twl_bss)
 *.twl*(.dynbss)
 *.twl*(.gnu.linkonce.b*)
 *.twl*(.bss*)
 *.twl*(COMMON)
                0x0000000002025b70                . = ALIGN (0x4)
                0x0000000002025b70                __twl_bss_end__ = ABSOLUTE (.)
                0x0000000002025b70                __twl_end__ = ABSOLUTE (.)

.stab
 *(.stab)

.stabstr
 *(.stabstr)

.stab.excl
 *(.stab.excl)

.stab.exclstr
 *(.stab.exclstr)

.stab.index
 *(.stab.index)

.stab.indexstr
 *(.stab.indexstr)

.comment        0x0000000000000000       0x23
 *(.comment)
 .comment       0x0000000000000000       0x23 c:/devkitpro/devkitarm/bin/../lib/gcc/arm-none-eabi/11.2.0/crtbegin.o
                                         0x24 (size before relaxing)
 .comment       0x0000000000000023       0x24 main.o
 .comment       0x0000000000000023       0x24 C:/devkitPro/libnds/lib\libnds9.a(background.o)
 .comment       0x0000000000000023       0x24 C:/devkitPro/libnds/lib\libnds9.a(trig.o)
 .comment       0x0000000000000023       0x24 C:/devkitPro/libnds/lib\libnds9.a(touch.o)
 .comment       0x0000000000000023       0x24 C:/devkitPro/libnds/lib\libnds9.a(console.o)
 .comment       0x0000000000000023       0x24 C:/devkitPro/libnds/lib\libnds9.a(sprite.o)
 .comment       0x0000000000000023       0x24 C:/devkitPro/libnds/lib\libnds9.a(keys.o)
 .comment       0x0000000000000023       0x24 C:/devkitPro/libnds/lib\libnds9.a(initSystem.o)
 .comment       0x0000000000000023       0x24 C:/devkitPro/libnds/lib\libnds9.a(securearea.o)
 .comment       0x0000000000000023       0x24 C:/devkitPro/libnds/lib\libnds9.a(interrupts.o)
 .comment       0x0000000000000023       0x24 C:/devkitPro/libnds/lib\libnds9.a(libnds_exit.arm.o)
 .comment       0x0000000000000023       0x24 C:/devkitPro/libnds/lib\libnds9.a(fifosystem.o)
 .comment       0x0000000000000023       0x24 C:/devkitPro/libnds/lib\libnds9.a(video.o)
 .comment       0x0000000000000023       0x24 C:/devkitPro/libnds/lib\libnds9.a(sprite_alloc.o)
 .comment       0x0000000000000023       0x24 C:/devkitPro/libnds/lib\libnds9.a(system.o)
 .comment       0x0000000000000023       0x24 c:/devkitpro/devkitarm/bin/../lib/gcc/arm-none-eabi/11.2.0/../../../../arm-none-eabi/lib\libg.a(lib_a-init.o)
 .comment       0x0000000000000023       0x24 c:/devkitpro/devkitarm/bin/../lib/gcc/arm-none-eabi/11.2.0/../../../../arm-none-eabi/lib\libg.a(lib_a-malloc.o)
 .comment       0x0000000000000023       0x24 c:/devkitpro/devkitarm/bin/../lib/gcc/arm-none-eabi/11.2.0/../../../../arm-none-eabi/lib\libg.a(lib_a-mallocr.o)
 .comment       0x0000000000000023       0x24 c:/devkitpro/devkitarm/bin/../lib/gcc/arm-none-eabi/11.2.0/../../../../arm-none-eabi/lib\libg.a(lib_a-memcpy-stub.o)
 .comment       0x0000000000000023       0x24 c:/devkitpro/devkitarm/bin/../lib/gcc/arm-none-eabi/11.2.0/../../../../arm-none-eabi/lib\libg.a(lib_a-memset.o)
 .comment       0x0000000000000023       0x24 c:/devkitpro/devkitarm/bin/../lib/gcc/arm-none-eabi/11.2.0/../../../../arm-none-eabi/lib\libg.a(lib_a-mlock.o)
 .comment       0x0000000000000023       0x24 c:/devkitpro/devkitarm/bin/../lib/gcc/arm-none-eabi/11.2.0/../../../../arm-none-eabi/lib\libg.a(lib_a-realloc.o)
 .comment       0x0000000000000023       0x24 c:/devkitpro/devkitarm/bin/../lib/gcc/arm-none-eabi/11.2.0/../../../../arm-none-eabi/lib\libg.a(lib_a-reallocr.o)
 .comment       0x0000000000000023       0x24 c:/devkitpro/devkitarm/bin/../lib/gcc/arm-none-eabi/11.2.0/../../../../arm-none-eabi/lib\libg.a(lib_a-setvbuf.o)
 .comment       0x0000000000000023       0x24 c:/devkitpro/devkitarm/bin/../lib/gcc/arm-none-eabi/11.2.0/../../../../arm-none-eabi/lib\libg.a(lib_a-siscanf.o)
 .comment       0x0000000000000023       0x24 c:/devkitpro/devkitarm/bin/../lib/gcc/arm-none-eabi/11.2.0/../../../../arm-none-eabi/lib\libg.a(lib_a-stdio.o)
 .comment       0x0000000000000023       0x24 c:/devkitpro/devkitarm/bin/../lib/gcc/arm-none-eabi/11.2.0/../../../../arm-none-eabi/lib\libg.a(lib_a-strlen-stub.o)
 .comment       0x0000000000000023       0x24 c:/devkitpro/devkitarm/bin/../lib/gcc/arm-none-eabi/11.2.0/../../../../arm-none-eabi/lib\libg.a(lib_a-svfiscanf.o)
 .comment       0x0000000000000023       0x24 c:/devkitpro/devkitarm/bin/../lib/gcc/arm-none-eabi/11.2.0/../../../../arm-none-eabi/lib\libg.a(lib_a-ungetc.o)
 .comment       0x0000000000000023       0x24 c:/devkitpro/devkitarm/bin/../lib/gcc/arm-none-eabi/11.2.0/../../../../arm-none-eabi/lib\libg.a(lib_a-ctype_.o)
 .comment       0x0000000000000023       0x24 c:/devkitpro/devkitarm/bin/../lib/gcc/arm-none-eabi/11.2.0/../../../../arm-none-eabi/lib\libg.a(lib_a-fflush.o)
 .comment       0x0000000000000023       0x24 c:/devkitpro/devkitarm/bin/../lib/gcc/arm-none-eabi/11.2.0/../../../../arm-none-eabi/lib\libg.a(lib_a-findfp.o)
 .comment       0x0000000000000023       0x24 c:/devkitpro/devkitarm/bin/../lib/gcc/arm-none-eabi/11.2.0/../../../../arm-none-eabi/lib\libg.a(lib_a-freer.o)
 .comment       0x0000000000000023       0x24 c:/devkitpro/devkitarm/bin/../lib/gcc/arm-none-eabi/11.2.0/../../../../arm-none-eabi/lib\libg.a(lib_a-fwalk.o)
 .comment       0x0000000000000023       0x24 c:/devkitpro/devkitarm/bin/../lib/gcc/arm-none-eabi/11.2.0/../../../../arm-none-eabi/lib\libg.a(lib_a-impure.o)
 .comment       0x0000000000000023       0x24 c:/devkitpro/devkitarm/bin/../lib/gcc/arm-none-eabi/11.2.0/../../../../arm-none-eabi/lib\libg.a(lib_a-iswspace.o)
 .comment       0x0000000000000023       0x24 c:/devkitpro/devkitarm/bin/../lib/gcc/arm-none-eabi/11.2.0/../../../../arm-none-eabi/lib\libg.a(lib_a-locale.o)
 .comment       0x0000000000000023       0x24 c:/devkitpro/devkitarm/bin/../lib/gcc/arm-none-eabi/11.2.0/../../../../arm-none-eabi/lib\libg.a(lib_a-makebuf.o)
 .comment       0x0000000000000023       0x24 c:/devkitpro/devkitarm/bin/../lib/gcc/arm-none-eabi/11.2.0/../../../../arm-none-eabi/lib\libg.a(lib_a-mbrtowc.o)
 .comment       0x0000000000000023       0x24 c:/devkitpro/devkitarm/bin/../lib/gcc/arm-none-eabi/11.2.0/../../../../arm-none-eabi/lib\libg.a(lib_a-mbtowc_r.o)
 .comment       0x0000000000000023       0x24 c:/devkitpro/devkitarm/bin/../lib/gcc/arm-none-eabi/11.2.0/../../../../arm-none-eabi/lib\libg.a(lib_a-memmove.o)
 .comment       0x0000000000000023       0x24 c:/devkitpro/devkitarm/bin/../lib/gcc/arm-none-eabi/11.2.0/../../../../arm-none-eabi/lib\libg.a(lib_a-sccl.o)
 .comment       0x0000000000000023       0x24 c:/devkitpro/devkitarm/bin/../lib/gcc/arm-none-eabi/11.2.0/../../../../arm-none-eabi/lib\libg.a(lib_a-strtoll.o)
 .comment       0x0000000000000023       0x24 c:/devkitpro/devkitarm/bin/../lib/gcc/arm-none-eabi/11.2.0/../../../../arm-none-eabi/lib\libg.a(lib_a-strtol.o)
 .comment       0x0000000000000023       0x24 c:/devkitpro/devkitarm/bin/../lib/gcc/arm-none-eabi/11.2.0/../../../../arm-none-eabi/lib\libg.a(lib_a-strtoull.o)
 .comment       0x0000000000000023       0x24 c:/devkitpro/devkitarm/bin/../lib/gcc/arm-none-eabi/11.2.0/../../../../arm-none-eabi/lib\libg.a(lib_a-strtoul.o)
 .comment       0x0000000000000023       0x24 c:/devkitpro/devkitarm/bin/../lib/gcc/arm-none-eabi/11.2.0/../../../../arm-none-eabi/lib\libg.a(lib_a-wctomb_r.o)
 .comment       0x0000000000000023       0x24 c:/devkitpro/devkitarm/bin/../lib/gcc/arm-none-eabi/11.2.0/../../../../arm-none-eabi/lib\libg.a(lib_a-errno.o)
 .comment       0x0000000000000023       0x24 c:/devkitpro/devkitarm/bin/../lib/gcc/arm-none-eabi/11.2.0/../../../../arm-none-eabi/lib\libg.a(lib_a-fclose.o)
 .comment       0x0000000000000023       0x24 c:/devkitpro/devkitarm/bin/../lib/gcc/arm-none-eabi/11.2.0/../../../../arm-none-eabi/lib\libg.a(lib_a-iswspace_l.o)
 .comment       0x0000000000000023       0x24 c:/devkitpro/devkitarm/bin/../lib/gcc/arm-none-eabi/11.2.0/../../../../arm-none-eabi/lib\libg.a(lib_a-jp2uc.o)
 .comment       0x0000000000000023       0x24 c:/devkitpro/devkitarm/bin/../lib/gcc/arm-none-eabi/11.2.0/../../../../arm-none-eabi/lib\libg.a(lib_a-categories.o)
 .comment       0x0000000000000023       0x24 c:/devkitpro/devkitarm/bin/../lib/gcc/arm-none-eabi/11.2.0/../../../../arm-none-eabi/lib\libsysbase.a(iosupport.o)
 .comment       0x0000000000000023       0x24 c:/devkitpro/devkitarm/bin/../lib/gcc/arm-none-eabi/11.2.0/../../../../arm-none-eabi/lib\libsysbase.a(fstat.o)
 .comment       0x0000000000000023       0x24 c:/devkitpro/devkitarm/bin/../lib/gcc/arm-none-eabi/11.2.0/../../../../arm-none-eabi/lib\libsysbase.a(lseek.o)
 .comment       0x0000000000000023       0x24 c:/devkitpro/devkitarm/bin/../lib/gcc/arm-none-eabi/11.2.0/../../../../arm-none-eabi/lib\libsysbase.a(read.o)
 .comment       0x0000000000000023       0x24 c:/devkitpro/devkitarm/bin/../lib/gcc/arm-none-eabi/11.2.0/../../../../arm-none-eabi/lib\libsysbase.a(sbrk.o)
 .comment       0x0000000000000023       0x24 c:/devkitpro/devkitarm/bin/../lib/gcc/arm-none-eabi/11.2.0/../../../../arm-none-eabi/lib\libsysbase.a(write.o)
 .comment       0x0000000000000023       0x24 c:/devkitpro/devkitarm/bin/../lib/gcc/arm-none-eabi/11.2.0/../../../../arm-none-eabi/lib\libsysbase.a(malloc_vars.o)
 .comment       0x0000000000000023       0x24 c:/devkitpro/devkitarm/bin/../lib/gcc/arm-none-eabi/11.2.0/../../../../arm-none-eabi/lib\libsysbase.a(build_argv.o)
 .comment       0x0000000000000023       0x24 c:/devkitpro/devkitarm/bin/../lib/gcc/arm-none-eabi/11.2.0/../../../../arm-none-eabi/lib\libsysbase.a(flock.o)
 .comment       0x0000000000000023       0x24 c:/devkitpro/devkitarm/bin/../lib/gcc/arm-none-eabi/11.2.0/../../../../arm-none-eabi/lib\libsysbase.a(handle_manager.o)
 .comment       0x0000000000000023       0x24 c:/devkitpro/devkitarm/bin/../lib/gcc/arm-none-eabi/11.2.0/../../../../arm-none-eabi/lib\libsysbase.a(getreent.o)
 .comment       0x0000000000000023       0x24 c:/devkitpro/devkitarm/bin/../lib/gcc/arm-none-eabi/11.2.0/../../../../arm-none-eabi/lib\libsysbase.a(syscall_support.o)
 .comment       0x0000000000000023       0x24 c:/devkitpro/devkitarm/bin/../lib/gcc/arm-none-eabi/11.2.0\libgcc.a(_udivmoddi4.o)
 .comment       0x0000000000000023       0x24 c:/devkitpro/devkitarm/bin/../lib/gcc/arm-none-eabi/11.2.0/crtend.o

.ARM.attributes
                0x0000000000000000       0x2d
 .ARM.attributes
                0x0000000000000000       0x21 c:/devkitpro/devkitarm/bin/../lib/gcc/arm-none-eabi/11.2.0/../../../../arm-none-eabi/lib/ds_arm9_crt0.o
 .ARM.attributes
                0x0000000000000021       0x1c c:/devkitpro/devkitarm/bin/../lib/gcc/arm-none-eabi/11.2.0/crti.o
 .ARM.attributes
                0x000000000000003d       0x2a c:/devkitpro/devkitarm/bin/../lib/gcc/arm-none-eabi/11.2.0/crtbegin.o
 .ARM.attributes
                0x0000000000000067       0x1b DeS.o
 .ARM.attributes
                0x0000000000000082       0x1b Store.o
 .ARM.attributes
                0x000000000000009d       0x2b main.o
 .ARM.attributes
                0x00000000000000c8       0x2b C:/devkitPro/libnds/lib\libnds9.a(background.o)
 .ARM.attributes
                0x00000000000000f3       0x2b C:/devkitPro/libnds/lib\libnds9.a(trig.o)
 .ARM.attributes
                0x000000000000011e       0x2b C:/devkitPro/libnds/lib\libnds9.a(touch.o)
 .ARM.attributes
                0x0000000000000149       0x2b C:/devkitPro/libnds/lib\libnds9.a(console.o)
 .ARM.attributes
                0x0000000000000174       0x2b C:/devkitPro/libnds/lib\libnds9.a(sprite.o)
 .ARM.attributes
                0x000000000000019f       0x2b C:/devkitPro/libnds/lib\libnds9.a(keys.o)
 .ARM.attributes
                0x00000000000001ca       0x2b C:/devkitPro/libnds/lib\libnds9.a(initSystem.o)
 .ARM.attributes
                0x00000000000001f5       0x2b C:/devkitPro/libnds/lib\libnds9.a(securearea.o)
 .ARM.attributes
                0x0000000000000220       0x2b C:/devkitPro/libnds/lib\libnds9.a(interrupts.o)
 .ARM.attributes
                0x000000000000024b       0x2b C:/devkitPro/libnds/lib\libnds9.a(libnds_exit.arm.o)
 .ARM.attributes
                0x0000000000000276       0x2b C:/devkitPro/libnds/lib\libnds9.a(fifosystem.o)
 .ARM.attributes
                0x00000000000002a1       0x1b C:/devkitPro/libnds/lib\libnds9.a(dcache.o)
 .ARM.attributes
                0x00000000000002bc       0x21 C:/devkitPro/libnds/lib\libnds9.a(mpu_setup.o)
 .ARM.attributes
                0x00000000000002dd       0x21 C:/devkitPro/libnds/lib\libnds9.a(IntrWait.o)
 .ARM.attributes
                0x00000000000002fe       0x21 C:/devkitPro/libnds/lib\libnds9.a(cpu_clock.o)
 .ARM.attributes
                0x000000000000031f       0x1b C:/devkitPro/libnds/lib\libnds9.a(interruptDispatcher.o)
 .ARM.attributes
                0x000000000000033a       0x21 C:/devkitPro/libnds/lib\libnds9.a(swiSoftReset.o)
 .ARM.attributes
                0x000000000000035b       0x14 C:/devkitPro/libnds/lib\libnds9.a(default_font.bin.o)
 .ARM.attributes
                0x000000000000036f       0x2b C:/devkitPro/libnds/lib\libnds9.a(video.o)
 .ARM.attributes
                0x000000000000039a       0x2b C:/devkitPro/libnds/lib\libnds9.a(sprite_alloc.o)
 .ARM.attributes
                0x00000000000003c5       0x2b C:/devkitPro/libnds/lib\libnds9.a(system.o)
 .ARM.attributes
                0x00000000000003f0       0x1b C:/devkitPro/libnds/lib\libnds9.a(biosCalls.o)
 .ARM.attributes
                0x000000000000040b       0x1c c:/devkitpro/devkitarm/bin/../lib/gcc/arm-none-eabi/11.2.0\libgcc.a(_divsi3.o)
 .ARM.attributes
                0x0000000000000427       0x1c c:/devkitpro/devkitarm/bin/../lib/gcc/arm-none-eabi/11.2.0\libgcc.a(_dvmd_tls.o)
 .ARM.attributes
                0x0000000000000443       0x2a c:/devkitpro/devkitarm/bin/../lib/gcc/arm-none-eabi/11.2.0/../../../../arm-none-eabi/lib\libg.a(lib_a-init.o)
 .ARM.attributes
                0x000000000000046d       0x2a c:/devkitpro/devkitarm/bin/../lib/gcc/arm-none-eabi/11.2.0/../../../../arm-none-eabi/lib\libg.a(lib_a-malloc.o)
 .ARM.attributes
                0x0000000000000497       0x2a c:/devkitpro/devkitarm/bin/../lib/gcc/arm-none-eabi/11.2.0/../../../../arm-none-eabi/lib\libg.a(lib_a-mallocr.o)
 .ARM.attributes
                0x00000000000004c1       0x2a c:/devkitpro/devkitarm/bin/../lib/gcc/arm-none-eabi/11.2.0/../../../../arm-none-eabi/lib\libg.a(lib_a-memcpy-stub.o)
 .ARM.attributes
                0x00000000000004eb       0x2a c:/devkitpro/devkitarm/bin/../lib/gcc/arm-none-eabi/11.2.0/../../../../arm-none-eabi/lib\libg.a(lib_a-memset.o)
 .ARM.attributes
                0x0000000000000515       0x2a c:/devkitpro/devkitarm/bin/../lib/gcc/arm-none-eabi/11.2.0/../../../../arm-none-eabi/lib\libg.a(lib_a-mlock.o)
 .ARM.attributes
                0x000000000000053f       0x2a c:/devkitpro/devkitarm/bin/../lib/gcc/arm-none-eabi/11.2.0/../../../../arm-none-eabi/lib\libg.a(lib_a-realloc.o)
 .ARM.attributes
                0x0000000000000569       0x2a c:/devkitpro/devkitarm/bin/../lib/gcc/arm-none-eabi/11.2.0/../../../../arm-none-eabi/lib\libg.a(lib_a-reallocr.o)
 .ARM.attributes
                0x0000000000000593       0x2a c:/devkitpro/devkitarm/bin/../lib/gcc/arm-none-eabi/11.2.0/../../../../arm-none-eabi/lib\libg.a(lib_a-setvbuf.o)
 .ARM.attributes
                0x00000000000005bd       0x2a c:/devkitpro/devkitarm/bin/../lib/gcc/arm-none-eabi/11.2.0/../../../../arm-none-eabi/lib\libg.a(lib_a-siscanf.o)
 .ARM.attributes
                0x00000000000005e7       0x2a c:/devkitpro/devkitarm/bin/../lib/gcc/arm-none-eabi/11.2.0/../../../../arm-none-eabi/lib\libg.a(lib_a-stdio.o)
 .ARM.attributes
                0x0000000000000611       0x2a c:/devkitpro/devkitarm/bin/../lib/gcc/arm-none-eabi/11.2.0/../../../../arm-none-eabi/lib\libg.a(lib_a-strlen-stub.o)
 .ARM.attributes
                0x000000000000063b       0x2a c:/devkitpro/devkitarm/bin/../lib/gcc/arm-none-eabi/11.2.0/../../../../arm-none-eabi/lib\libg.a(lib_a-svfiscanf.o)
 .ARM.attributes
                0x0000000000000665       0x2a c:/devkitpro/devkitarm/bin/../lib/gcc/arm-none-eabi/11.2.0/../../../../arm-none-eabi/lib\libg.a(lib_a-ungetc.o)
 .ARM.attributes
                0x000000000000068f       0x2a c:/devkitpro/devkitarm/bin/../lib/gcc/arm-none-eabi/11.2.0/../../../../arm-none-eabi/lib\libg.a(lib_a-ctype_.o)
 .ARM.attributes
                0x00000000000006b9       0x2a c:/devkitpro/devkitarm/bin/../lib/gcc/arm-none-eabi/11.2.0/../../../../arm-none-eabi/lib\libg.a(lib_a-fflush.o)
 .ARM.attributes
                0x00000000000006e3       0x2a c:/devkitpro/devkitarm/bin/../lib/gcc/arm-none-eabi/11.2.0/../../../../arm-none-eabi/lib\libg.a(lib_a-findfp.o)
 .ARM.attributes
                0x000000000000070d       0x2a c:/devkitpro/devkitarm/bin/../lib/gcc/arm-none-eabi/11.2.0/../../../../arm-none-eabi/lib\libg.a(lib_a-freer.o)
 .ARM.attributes
                0x0000000000000737       0x2a c:/devkitpro/devkitarm/bin/../lib/gcc/arm-none-eabi/11.2.0/../../../../arm-none-eabi/lib\libg.a(lib_a-fwalk.o)
 .ARM.attributes
                0x0000000000000761       0x30 c:/devkitpro/devkitarm/bin/../lib/gcc/arm-none-eabi/11.2.0/../../../../arm-none-eabi/lib\libg.a(lib_a-impure.o)
 .ARM.attributes
                0x0000000000000791       0x2a c:/devkitpro/devkitarm/bin/../lib/gcc/arm-none-eabi/11.2.0/../../../../arm-none-eabi/lib\libg.a(lib_a-iswspace.o)
 .ARM.attributes
                0x00000000000007bb       0x2a c:/devkitpro/devkitarm/bin/../lib/gcc/arm-none-eabi/11.2.0/../../../../arm-none-eabi/lib\libg.a(lib_a-locale.o)
 .ARM.attributes
                0x00000000000007e5       0x2a c:/devkitpro/devkitarm/bin/../lib/gcc/arm-none-eabi/11.2.0/../../../../arm-none-eabi/lib\libg.a(lib_a-makebuf.o)
 .ARM.attributes
                0x000000000000080f       0x2a c:/devkitpro/devkitarm/bin/../lib/gcc/arm-none-eabi/11.2.0/../../../../arm-none-eabi/lib\libg.a(lib_a-mbrtowc.o)
 .ARM.attributes
                0x0000000000000839       0x2a c:/devkitpro/devkitarm/bin/../lib/gcc/arm-none-eabi/11.2.0/../../../../arm-none-eabi/lib\libg.a(lib_a-mbtowc_r.o)
 .ARM.attributes
                0x0000000000000863       0x2a c:/devkitpro/devkitarm/bin/../lib/gcc/arm-none-eabi/11.2.0/../../../../arm-none-eabi/lib\libg.a(lib_a-memmove.o)
 .ARM.attributes
                0x000000000000088d       0x2a c:/devkitpro/devkitarm/bin/../lib/gcc/arm-none-eabi/11.2.0/../../../../arm-none-eabi/lib\libg.a(lib_a-sccl.o)
 .ARM.attributes
                0x00000000000008b7       0x1a c:/devkitpro/devkitarm/bin/../lib/gcc/arm-none-eabi/11.2.0/../../../../arm-none-eabi/lib\libg.a(lib_a-strcmp.o)
 .ARM.attributes
                0x00000000000008d1       0x2a c:/devkitpro/devkitarm/bin/../lib/gcc/arm-none-eabi/11.2.0/../../../../arm-none-eabi/lib\libg.a(lib_a-strtoll.o)
 .ARM.attributes
                0x00000000000008fb       0x2a c:/devkitpro/devkitarm/bin/../lib/gcc/arm-none-eabi/11.2.0/../../../../arm-none-eabi/lib\libg.a(lib_a-strtol.o)
 .ARM.attributes
                0x0000000000000925       0x2a c:/devkitpro/devkitarm/bin/../lib/gcc/arm-none-eabi/11.2.0/../../../../arm-none-eabi/lib\libg.a(lib_a-strtoull.o)
 .ARM.attributes
                0x000000000000094f       0x2a c:/devkitpro/devkitarm/bin/../lib/gcc/arm-none-eabi/11.2.0/../../../../arm-none-eabi/lib\libg.a(lib_a-strtoul.o)
 .ARM.attributes
                0x0000000000000979       0x2a c:/devkitpro/devkitarm/bin/../lib/gcc/arm-none-eabi/11.2.0/../../../../arm-none-eabi/lib\libg.a(lib_a-wctomb_r.o)
 .ARM.attributes
                0x00000000000009a3       0x2a c:/devkitpro/devkitarm/bin/../lib/gcc/arm-none-eabi/11.2.0/../../../../arm-none-eabi/lib\libg.a(lib_a-errno.o)
 .ARM.attributes
                0x00000000000009cd       0x2a c:/devkitpro/devkitarm/bin/../lib/gcc/arm-none-eabi/11.2.0/../../../../arm-none-eabi/lib\libg.a(lib_a-fclose.o)
 .ARM.attributes
                0x00000000000009f7       0x2a c:/devkitpro/devkitarm/bin/../lib/gcc/arm-none-eabi/11.2.0/../../../../arm-none-eabi/lib\libg.a(lib_a-iswspace_l.o)
 .ARM.attributes
                0x0000000000000a21       0x2a c:/devkitpro/devkitarm/bin/../lib/gcc/arm-none-eabi/11.2.0/../../../../arm-none-eabi/lib\libg.a(lib_a-jp2uc.o)
 .ARM.attributes
                0x0000000000000a4b       0x2a c:/devkitpro/devkitarm/bin/../lib/gcc/arm-none-eabi/11.2.0/../../../../arm-none-eabi/lib\libg.a(lib_a-categories.o)
 .ARM.attributes
                0x0000000000000a75       0x2a c:/devkitpro/devkitarm/bin/../lib/gcc/arm-none-eabi/11.2.0/../../../../arm-none-eabi/lib\libsysbase.a(iosupport.o)
 .ARM.attributes
                0x0000000000000a9f       0x2a c:/devkitpro/devkitarm/bin/../lib/gcc/arm-none-eabi/11.2.0/../../../../arm-none-eabi/lib\libsysbase.a(fstat.o)
 .ARM.attributes
                0x0000000000000ac9       0x2a c:/devkitpro/devkitarm/bin/../lib/gcc/arm-none-eabi/11.2.0/../../../../arm-none-eabi/lib\libsysbase.a(lseek.o)
 .ARM.attributes
                0x0000000000000af3       0x2a c:/devkitpro/devkitarm/bin/../lib/gcc/arm-none-eabi/11.2.0/../../../../arm-none-eabi/lib\libsysbase.a(read.o)
 .ARM.attributes
                0x0000000000000b1d       0x2a c:/devkitpro/devkitarm/bin/../lib/gcc/arm-none-eabi/11.2.0/../../../../arm-none-eabi/lib\libsysbase.a(sbrk.o)
 .ARM.attributes
                0x0000000000000b47       0x2a c:/devkitpro/devkitarm/bin/../lib/gcc/arm-none-eabi/11.2.0/../../../../arm-none-eabi/lib\libsysbase.a(write.o)
 .ARM.attributes
                0x0000000000000b71       0x30 c:/devkitpro/devkitarm/bin/../lib/gcc/arm-none-eabi/11.2.0/../../../../arm-none-eabi/lib\libsysbase.a(malloc_vars.o)
 .ARM.attributes
                0x0000000000000ba1       0x2a c:/devkitpro/devkitarm/bin/../lib/gcc/arm-none-eabi/11.2.0/../../../../arm-none-eabi/lib\libsysbase.a(build_argv.o)
 .ARM.attributes
                0x0000000000000bcb       0x2a c:/devkitpro/devkitarm/bin/../lib/gcc/arm-none-eabi/11.2.0/../../../../arm-none-eabi/lib\libsysbase.a(flock.o)
 .ARM.attributes
                0x0000000000000bf5       0x2a c:/devkitpro/devkitarm/bin/../lib/gcc/arm-none-eabi/11.2.0/../../../../arm-none-eabi/lib\libsysbase.a(handle_manager.o)
 .ARM.attributes
                0x0000000000000c1f       0x2a c:/devkitpro/devkitarm/bin/../lib/gcc/arm-none-eabi/11.2.0/../../../../arm-none-eabi/lib\libsysbase.a(getreent.o)
 .ARM.attributes
                0x0000000000000c49       0x2a c:/devkitpro/devkitarm/bin/../lib/gcc/arm-none-eabi/11.2.0/../../../../arm-none-eabi/lib\libsysbase.a(syscall_support.o)
 .ARM.attributes
                0x0000000000000c73       0x1c c:/devkitpro/devkitarm/bin/../lib/gcc/arm-none-eabi/11.2.0\libgcc.a(_udivsi3.o)
 .ARM.attributes
                0x0000000000000c8f       0x1c c:/devkitpro/devkitarm/bin/../lib/gcc/arm-none-eabi/11.2.0\libgcc.a(_aeabi_uldivmod.o)
 .ARM.attributes
                0x0000000000000cab       0x2a c:/devkitpro/devkitarm/bin/../lib/gcc/arm-none-eabi/11.2.0\libgcc.a(_udivmoddi4.o)
 .ARM.attributes
                0x0000000000000cd5       0x1c c:/devkitpro/devkitarm/bin/../lib/gcc/arm-none-eabi/11.2.0\libgcc.a(_clzdi2.o)
 .ARM.attributes
                0x0000000000000cf1       0x1c c:/devkitpro/devkitarm/bin/../lib/gcc/arm-none-eabi/11.2.0\libgcc.a(_clzsi2.o)
 .ARM.attributes
                0x0000000000000d0d       0x30 c:/devkitpro/devkitarm/bin/../lib/gcc/arm-none-eabi/11.2.0/crtend.o
 .ARM.attributes
                0x0000000000000d3d       0x1c c:/devkitpro/devkitarm/bin/../lib/gcc/arm-none-eabi/11.2.0/crtn.o

.debug
 *(.debug)

.line
 *(.line)

.debug_srcinfo
 *(.debug_srcinfo)

.debug_sfnames
 *(.debug_sfnames)

.debug_aranges  0x0000000000000000      0x630
 *(.debug_aranges)
 .debug_aranges
                0x0000000000000000       0x28 main.o
 .debug_aranges
                0x0000000000000028       0x40 C:/devkitPro/libnds/lib\libnds9.a(background.o)
 .debug_aranges
                0x0000000000000068       0x60 C:/devkitPro/libnds/lib\libnds9.a(trig.o)
 .debug_aranges
                0x00000000000000c8       0x28 C:/devkitPro/libnds/lib\libnds9.a(touch.o)
 .debug_aranges
                0x00000000000000f0       0x80 C:/devkitPro/libnds/lib\libnds9.a(console.o)
 .debug_aranges
                0x0000000000000170       0x60 C:/devkitPro/libnds/lib\libnds9.a(sprite.o)
 .debug_aranges
                0x00000000000001d0       0x50 C:/devkitPro/libnds/lib\libnds9.a(keys.o)
 .debug_aranges
                0x0000000000000220       0x30 C:/devkitPro/libnds/lib\libnds9.a(initSystem.o)
 .debug_aranges
                0x0000000000000250       0x18 C:/devkitPro/libnds/lib\libnds9.a(securearea.o)
 .debug_aranges
                0x0000000000000268       0x50 C:/devkitPro/libnds/lib\libnds9.a(interrupts.o)
 .debug_aranges
                0x00000000000002b8       0x28 C:/devkitPro/libnds/lib\libnds9.a(libnds_exit.arm.o)
 .debug_aranges
                0x00000000000002e0       0xb0 C:/devkitPro/libnds/lib\libnds9.a(fifosystem.o)
 .debug_aranges
                0x0000000000000390       0x38 C:/devkitPro/libnds/lib\libnds9.a(dcache.o)
 .debug_aranges
                0x00000000000003c8       0x30 C:/devkitPro/libnds/lib\libnds9.a(mpu_setup.o)
 .debug_aranges
                0x00000000000003f8       0x28 C:/devkitPro/libnds/lib\libnds9.a(IntrWait.o)
 .debug_aranges
                0x0000000000000420       0x20 C:/devkitPro/libnds/lib\libnds9.a(cpu_clock.o)
 .debug_aranges
                0x0000000000000440       0x20 C:/devkitPro/libnds/lib\libnds9.a(interruptDispatcher.o)
 .debug_aranges
                0x0000000000000460       0x20 C:/devkitPro/libnds/lib\libnds9.a(swiSoftReset.o)
 .debug_aranges
                0x0000000000000480       0x48 C:/devkitPro/libnds/lib\libnds9.a(video.o)
 .debug_aranges
                0x00000000000004c8       0x38 C:/devkitPro/libnds/lib\libnds9.a(sprite_alloc.o)
 .debug_aranges
                0x0000000000000500       0x68 C:/devkitPro/libnds/lib\libnds9.a(system.o)
 .debug_aranges
                0x0000000000000568       0xc8 C:/devkitPro/libnds/lib\libnds9.a(biosCalls.o)

.debug_pubnames
 *(.debug_pubnames)

.debug_info     0x0000000000000000     0xc81b
 *(.debug_info)
 .debug_info    0x0000000000000000     0x1761 main.o
 .debug_info    0x0000000000001761      0xa9c C:/devkitPro/libnds/lib\libnds9.a(background.o)
 .debug_info    0x00000000000021fd      0x793 C:/devkitPro/libnds/lib\libnds9.a(trig.o)
 .debug_info    0x0000000000002990      0x329 C:/devkitPro/libnds/lib\libnds9.a(touch.o)
 .debug_info    0x0000000000002cb9     0x26ac C:/devkitPro/libnds/lib\libnds9.a(console.o)
 .debug_info    0x0000000000005365      0xd00 C:/devkitPro/libnds/lib\libnds9.a(sprite.o)
 .debug_info    0x0000000000006065      0x43b C:/devkitPro/libnds/lib\libnds9.a(keys.o)
 .debug_info    0x00000000000064a0     0x113e C:/devkitPro/libnds/lib\libnds9.a(initSystem.o)
 .debug_info    0x00000000000075de       0x5a C:/devkitPro/libnds/lib\libnds9.a(securearea.o)
 .debug_info    0x0000000000007638      0x68d C:/devkitPro/libnds/lib\libnds9.a(interrupts.o)
 .debug_info    0x0000000000007cc5      0x367 C:/devkitPro/libnds/lib\libnds9.a(libnds_exit.arm.o)
 .debug_info    0x000000000000802c     0x183f C:/devkitPro/libnds/lib\libnds9.a(fifosystem.o)
 .debug_info    0x000000000000986b       0x23 C:/devkitPro/libnds/lib\libnds9.a(dcache.o)
 .debug_info    0x000000000000988e       0x23 C:/devkitPro/libnds/lib\libnds9.a(mpu_setup.o)
 .debug_info    0x00000000000098b1       0x23 C:/devkitPro/libnds/lib\libnds9.a(IntrWait.o)
 .debug_info    0x00000000000098d4       0x24 C:/devkitPro/libnds/lib\libnds9.a(cpu_clock.o)
 .debug_info    0x00000000000098f8       0x25 C:/devkitPro/libnds/lib\libnds9.a(interruptDispatcher.o)
 .debug_info    0x000000000000991d       0x24 C:/devkitPro/libnds/lib\libnds9.a(swiSoftReset.o)
 .debug_info    0x0000000000009941      0x790 C:/devkitPro/libnds/lib\libnds9.a(video.o)
 .debug_info    0x000000000000a0d1     0x1cb1 C:/devkitPro/libnds/lib\libnds9.a(sprite_alloc.o)
 .debug_info    0x000000000000bd82      0xa76 C:/devkitPro/libnds/lib\libnds9.a(system.o)
 .debug_info    0x000000000000c7f8       0x23 C:/devkitPro/libnds/lib\libnds9.a(biosCalls.o)

.debug_abbrev   0x0000000000000000     0x2eab
 *(.debug_abbrev)
 .debug_abbrev  0x0000000000000000      0x53a main.o
 .debug_abbrev  0x000000000000053a      0x366 C:/devkitPro/libnds/lib\libnds9.a(background.o)
 .debug_abbrev  0x00000000000008a0      0x26e C:/devkitPro/libnds/lib\libnds9.a(trig.o)
 .debug_abbrev  0x0000000000000b0e      0x157 C:/devkitPro/libnds/lib\libnds9.a(touch.o)
 .debug_abbrev  0x0000000000000c65      0x5b3 C:/devkitPro/libnds/lib\libnds9.a(console.o)
 .debug_abbrev  0x0000000000001218      0x3de C:/devkitPro/libnds/lib\libnds9.a(sprite.o)
 .debug_abbrev  0x00000000000015f6      0x1a7 C:/devkitPro/libnds/lib\libnds9.a(keys.o)
 .debug_abbrev  0x000000000000179d      0x3e1 C:/devkitPro/libnds/lib\libnds9.a(initSystem.o)
 .debug_abbrev  0x0000000000001b7e       0x47 C:/devkitPro/libnds/lib\libnds9.a(securearea.o)
 .debug_abbrev  0x0000000000001bc5      0x2da C:/devkitPro/libnds/lib\libnds9.a(interrupts.o)
 .debug_abbrev  0x0000000000001e9f      0x1ad C:/devkitPro/libnds/lib\libnds9.a(libnds_exit.arm.o)
 .debug_abbrev  0x000000000000204c      0x4bb C:/devkitPro/libnds/lib\libnds9.a(fifosystem.o)
 .debug_abbrev  0x0000000000002507       0x12 C:/devkitPro/libnds/lib\libnds9.a(dcache.o)
 .debug_abbrev  0x0000000000002519       0x12 C:/devkitPro/libnds/lib\libnds9.a(mpu_setup.o)
 .debug_abbrev  0x000000000000252b       0x12 C:/devkitPro/libnds/lib\libnds9.a(IntrWait.o)
 .debug_abbrev  0x000000000000253d       0x14 C:/devkitPro/libnds/lib\libnds9.a(cpu_clock.o)
 .debug_abbrev  0x0000000000002551       0x14 C:/devkitPro/libnds/lib\libnds9.a(interruptDispatcher.o)
 .debug_abbrev  0x0000000000002565       0x14 C:/devkitPro/libnds/lib\libnds9.a(swiSoftReset.o)
 .debug_abbrev  0x0000000000002579      0x24c C:/devkitPro/libnds/lib\libnds9.a(video.o)
 .debug_abbrev  0x00000000000027c5      0x3b5 C:/devkitPro/libnds/lib\libnds9.a(sprite_alloc.o)
 .debug_abbrev  0x0000000000002b7a      0x31f C:/devkitPro/libnds/lib\libnds9.a(system.o)
 .debug_abbrev  0x0000000000002e99       0x12 C:/devkitPro/libnds/lib\libnds9.a(biosCalls.o)

.debug_line     0x0000000000000000     0x8057
 *(.debug_line)
 .debug_line    0x0000000000000000      0x6ee main.o
 .debug_line    0x00000000000006ee      0x725 C:/devkitPro/libnds/lib\libnds9.a(background.o)
 .debug_line    0x0000000000000e13      0x837 C:/devkitPro/libnds/lib\libnds9.a(trig.o)
 .debug_line    0x000000000000164a      0x2d4 C:/devkitPro/libnds/lib\libnds9.a(touch.o)
 .debug_line    0x000000000000191e     0x1414 C:/devkitPro/libnds/lib\libnds9.a(console.o)
 .debug_line    0x0000000000002d32      0x74e C:/devkitPro/libnds/lib\libnds9.a(sprite.o)
 .debug_line    0x0000000000003480      0x399 C:/devkitPro/libnds/lib\libnds9.a(keys.o)
 .debug_line    0x0000000000003819      0x597 C:/devkitPro/libnds/lib\libnds9.a(initSystem.o)
 .debug_line    0x0000000000003db0       0x8f C:/devkitPro/libnds/lib\libnds9.a(securearea.o)
 .debug_line    0x0000000000003e3f      0x54c C:/devkitPro/libnds/lib\libnds9.a(interrupts.o)
 .debug_line    0x000000000000438b      0x23b C:/devkitPro/libnds/lib\libnds9.a(libnds_exit.arm.o)
 .debug_line    0x00000000000045c6     0x14f5 C:/devkitPro/libnds/lib\libnds9.a(fifosystem.o)
 .debug_line    0x0000000000005abb       0x96 C:/devkitPro/libnds/lib\libnds9.a(dcache.o)
 .debug_line    0x0000000000005b51       0xe8 C:/devkitPro/libnds/lib\libnds9.a(mpu_setup.o)
 .debug_line    0x0000000000005c39       0x74 C:/devkitPro/libnds/lib\libnds9.a(IntrWait.o)
 .debug_line    0x0000000000005cad       0x5c C:/devkitPro/libnds/lib\libnds9.a(cpu_clock.o)
 .debug_line    0x0000000000005d09       0x80 C:/devkitPro/libnds/lib\libnds9.a(interruptDispatcher.o)
 .debug_line    0x0000000000005d89       0x57 C:/devkitPro/libnds/lib\libnds9.a(swiSoftReset.o)
 .debug_line    0x0000000000005de0      0x4b5 C:/devkitPro/libnds/lib\libnds9.a(video.o)
 .debug_line    0x0000000000006295     0x1736 C:/devkitPro/libnds/lib\libnds9.a(sprite_alloc.o)
 .debug_line    0x00000000000079cb      0x4dc C:/devkitPro/libnds/lib\libnds9.a(system.o)
 .debug_line    0x0000000000007ea7      0x1b0 C:/devkitPro/libnds/lib\libnds9.a(biosCalls.o)

.debug_frame    0x0000000000000000      0xb68
 *(.debug_frame)
 .debug_frame   0x0000000000000000       0x84 main.o
 .debug_frame   0x0000000000000084       0xb8 C:/devkitPro/libnds/lib\libnds9.a(background.o)
 .debug_frame   0x000000000000013c       0xd8 C:/devkitPro/libnds/lib\libnds9.a(trig.o)
 .debug_frame   0x0000000000000214       0x3c C:/devkitPro/libnds/lib\libnds9.a(touch.o)
 .debug_frame   0x0000000000000250      0x180 C:/devkitPro/libnds/lib\libnds9.a(console.o)
 .debug_frame   0x00000000000003d0       0xf0 C:/devkitPro/libnds/lib\libnds9.a(sprite.o)
 .debug_frame   0x00000000000004c0       0x8c C:/devkitPro/libnds/lib\libnds9.a(keys.o)
 .debug_frame   0x000000000000054c       0x5c C:/devkitPro/libnds/lib\libnds9.a(initSystem.o)
 .debug_frame   0x00000000000005a8       0xa4 C:/devkitPro/libnds/lib\libnds9.a(interrupts.o)
 .debug_frame   0x000000000000064c       0x38 C:/devkitPro/libnds/lib\libnds9.a(libnds_exit.arm.o)
 .debug_frame   0x0000000000000684      0x294 C:/devkitPro/libnds/lib\libnds9.a(fifosystem.o)
 .debug_frame   0x0000000000000918       0xbc C:/devkitPro/libnds/lib\libnds9.a(video.o)
 .debug_frame   0x00000000000009d4       0x9c C:/devkitPro/libnds/lib\libnds9.a(sprite_alloc.o)
 .debug_frame   0x0000000000000a70       0xf8 C:/devkitPro/libnds/lib\libnds9.a(system.o)

.debug_str      0x0000000000000000     0x3b5a
 *(.debug_str)
 .debug_str     0x0000000000000000      0xfb3 main.o
                                       0x1071 (size before relaxing)
 .debug_str     0x0000000000000fb3      0x3f4 C:/devkitPro/libnds/lib\libnds9.a(background.o)
                                        0x7a2 (size before relaxing)
 .debug_str     0x00000000000013a7      0x116 C:/devkitPro/libnds/lib\libnds9.a(trig.o)
                                        0x2fc (size before relaxing)
 .debug_str     0x00000000000014bd      0x13b C:/devkitPro/libnds/lib\libnds9.a(touch.o)
                                        0x332 (size before relaxing)
 .debug_str     0x00000000000015f8      0xa8a C:/devkitPro/libnds/lib\libnds9.a(console.o)
                                       0x1282 (size before relaxing)
 .debug_str     0x0000000000002082      0x2c2 C:/devkitPro/libnds/lib\libnds9.a(sprite.o)
                                        0x870 (size before relaxing)
 .debug_str     0x0000000000002344       0xc3 C:/devkitPro/libnds/lib\libnds9.a(keys.o)
                                        0x420 (size before relaxing)
 .debug_str     0x0000000000002407      0x38d C:/devkitPro/libnds/lib\libnds9.a(initSystem.o)
                                        0xb81 (size before relaxing)
 .debug_str     0x0000000000002794       0x7f C:/devkitPro/libnds/lib\libnds9.a(securearea.o)
                                        0x16e (size before relaxing)
 .debug_str     0x0000000000002813      0x19c C:/devkitPro/libnds/lib\libnds9.a(interrupts.o)
                                        0x496 (size before relaxing)
 .debug_str     0x00000000000029af      0x1cd C:/devkitPro/libnds/lib\libnds9.a(libnds_exit.arm.o)
                                        0x3e5 (size before relaxing)
 .debug_str     0x0000000000002b7c      0x470 C:/devkitPro/libnds/lib\libnds9.a(fifosystem.o)
                                        0x8a9 (size before relaxing)
 .debug_str     0x0000000000002fec       0x15 C:/devkitPro/libnds/lib\libnds9.a(dcache.o)
                                         0x69 (size before relaxing)
 .debug_str     0x0000000000003001        0xc C:/devkitPro/libnds/lib\libnds9.a(mpu_setup.o)
                                         0x6c (size before relaxing)
 .debug_str     0x000000000000300d        0xb C:/devkitPro/libnds/lib\libnds9.a(IntrWait.o)
                                         0x6b (size before relaxing)
 .debug_str     0x0000000000003018        0xc C:/devkitPro/libnds/lib\libnds9.a(cpu_clock.o)
                                         0x6c (size before relaxing)
 .debug_str     0x0000000000003024       0x16 C:/devkitPro/libnds/lib\libnds9.a(interruptDispatcher.o)
                                         0x76 (size before relaxing)
 .debug_str     0x000000000000303a        0xf C:/devkitPro/libnds/lib\libnds9.a(swiSoftReset.o)
                                         0x6f (size before relaxing)
 .debug_str     0x0000000000003049      0x695 C:/devkitPro/libnds/lib\libnds9.a(video.o)
                                        0xc53 (size before relaxing)
 .debug_str     0x00000000000036de      0x128 C:/devkitPro/libnds/lib\libnds9.a(sprite_alloc.o)
                                        0x7de (size before relaxing)
 .debug_str     0x0000000000003806      0x348 C:/devkitPro/libnds/lib\libnds9.a(system.o)
                                        0x798 (size before relaxing)
 .debug_str     0x0000000000003b4e        0xc C:/devkitPro/libnds/lib\libnds9.a(biosCalls.o)
                                         0x6c (size before relaxing)

.debug_loc
 *(.debug_loc)

.debug_macinfo
 *(.debug_macinfo)

.debug_weaknames
 *(.debug_weaknames)

.debug_funcnames
 *(.debug_funcnames)

.debug_typenames
 *(.debug_typenames)

.debug_varnames
 *(.debug_varnames)

.stack          0x0000000000080000        0x0
                0x0000000000080000                _stack = .
 *(.stack)
LOAD c:/devkitpro/devkitarm/bin/../lib/gcc/arm-none-eabi/11.2.0/../../../../arm-none-eabi/lib/ds_arm9_crt0.o
LOAD c:/devkitpro/devkitarm/bin/../lib/gcc/arm-none-eabi/11.2.0/crti.o
LOAD c:/devkitpro/devkitarm/bin/../lib/gcc/arm-none-eabi/11.2.0/crtbegin.o
LOAD ball.o
LOAD DeS.o
LOAD Dirt.o
LOAD man.o
LOAD Store.o
LOAD main.o
LOAD C:/devkitPro/libnds/lib\libnds9.a
START GROUP
LOAD c:/devkitpro/devkitarm/bin/../lib/gcc/arm-none-eabi/11.2.0\libgcc.a
LOAD c:/devkitpro/devkitarm/bin/../lib/gcc/arm-none-eabi/11.2.0/../../../../arm-none-eabi/lib\libg.a
LOAD c:/devkitpro/devkitarm/bin/../lib/gcc/arm-none-eabi/11.2.0/../../../../arm-none-eabi/lib\libc.a
LOAD c:/devkitpro/devkitarm/bin/../lib/gcc/arm-none-eabi/11.2.0/../../../../arm-none-eabi/lib\libsysbase.a
END GROUP
LOAD c:/devkitpro/devkitarm/bin/../lib/gcc/arm-none-eabi/11.2.0/crtend.o
LOAD c:/devkitpro/devkitarm/bin/../lib/gcc/arm-none-eabi/11.2.0/crtn.o
OUTPUT(E:/DS-Creator/DSTest/DeS_Jumping/DeS_Jumping.elf elf32-littlearm)
LOAD linker stubs

.debug_loclists
                0x0000000000000000     0x4720
 .debug_loclists
                0x0000000000000000      0x14c main.o
 .debug_loclists
                0x000000000000014c      0x2a3 C:/devkitPro/libnds/lib\libnds9.a(background.o)
 .debug_loclists
                0x00000000000003ef      0x779 C:/devkitPro/libnds/lib\libnds9.a(trig.o)
 .debug_loclists
                0x0000000000000b68       0x8f C:/devkitPro/libnds/lib\libnds9.a(touch.o)
 .debug_loclists
                0x0000000000000bf7      0xf6c C:/devkitPro/libnds/lib\libnds9.a(console.o)
 .debug_loclists
                0x0000000000001b63      0x5a6 C:/devkitPro/libnds/lib\libnds9.a(sprite.o)
 .debug_loclists
                0x0000000000002109       0x17 C:/devkitPro/libnds/lib\libnds9.a(keys.o)
 .debug_loclists
                0x0000000000002120       0xc5 C:/devkitPro/libnds/lib\libnds9.a(initSystem.o)
 .debug_loclists
                0x00000000000021e5      0x1a5 C:/devkitPro/libnds/lib\libnds9.a(interrupts.o)
 .debug_loclists
                0x000000000000238a       0x48 C:/devkitPro/libnds/lib\libnds9.a(libnds_exit.arm.o)
 .debug_loclists
                0x00000000000023d2      0xe1a C:/devkitPro/libnds/lib\libnds9.a(fifosystem.o)
 .debug_loclists
                0x00000000000031ec      0x1da C:/devkitPro/libnds/lib\libnds9.a(video.o)
 .debug_loclists
                0x00000000000033c6     0x121a C:/devkitPro/libnds/lib\libnds9.a(sprite_alloc.o)
 .debug_loclists
                0x00000000000045e0      0x140 C:/devkitPro/libnds/lib\libnds9.a(system.o)

.debug_rnglists
                0x0000000000000000     0x1142
 .debug_rnglists
                0x0000000000000000       0xce main.o
 .debug_rnglists
                0x00000000000000ce       0x7c C:/devkitPro/libnds/lib\libnds9.a(background.o)
 .debug_rnglists
                0x000000000000014a       0x9d C:/devkitPro/libnds/lib\libnds9.a(trig.o)
 .debug_rnglists
                0x00000000000001e7       0x28 C:/devkitPro/libnds/lib\libnds9.a(touch.o)
 .debug_rnglists
                0x000000000000020f      0x20e C:/devkitPro/libnds/lib\libnds9.a(console.o)
 .debug_rnglists
                0x000000000000041d       0x7b C:/devkitPro/libnds/lib\libnds9.a(sprite.o)
 .debug_rnglists
                0x0000000000000498       0x44 C:/devkitPro/libnds/lib\libnds9.a(keys.o)
 .debug_rnglists
                0x00000000000004dc       0x20 C:/devkitPro/libnds/lib\libnds9.a(initSystem.o)
 .debug_rnglists
                0x00000000000004fc       0x8b C:/devkitPro/libnds/lib\libnds9.a(interrupts.o)
 .debug_rnglists
                0x0000000000000587       0x19 C:/devkitPro/libnds/lib\libnds9.a(libnds_exit.arm.o)
 .debug_rnglists
                0x00000000000005a0      0x2a4 C:/devkitPro/libnds/lib\libnds9.a(fifosystem.o)
 .debug_rnglists
                0x0000000000000844       0x25 C:/devkitPro/libnds/lib\libnds9.a(dcache.o)
 .debug_rnglists
                0x0000000000000869       0x20 C:/devkitPro/libnds/lib\libnds9.a(mpu_setup.o)
 .debug_rnglists