Archive member included to satisfy reference by file (symbol)

E:/Repos/DS-Creator/DSTest/Snake/nflib/lib\libnflib.a(nf_2d.o)
                              main.o (NF_Set2D)
E:/Repos/DS-Creator/DSTest/Snake/nflib/lib\libnflib.a(nf_basic.o)
                              E:/Repos/DS-Creator/DSTest/Snake/nflib/lib\libnflib.a(nf_2d.o) (NF_Error)
E:/Repos/DS-Creator/DSTest/Snake/nflib/lib\libnflib.a(nf_sprite256.o)
                              main.o (NF_InitSpriteBuffers)
E:/Repos/DS-Creator/DSTest/Snake/nflib/lib\libnflib.a(nf_tiledbg.o)
                              E:/Repos/DS-Creator/DSTest/Snake/nflib/lib\libnflib.a(nf_2d.o) (NF_BUFFER_BGMAP)
C:/devkitPro/libnds/lib\libfilesystem.a(nitrofs.o)
                              E:/Repos/DS-Creator/DSTest/Snake/nflib/lib\libnflib.a(nf_basic.o) (nitroFSInit)
C:/devkitPro/libnds/lib\libfat.a(libfat.o)
                              E:/Repos/DS-Creator/DSTest/Snake/nflib/lib\libnflib.a(nf_basic.o) (fatInitDefault)
C:/devkitPro/libnds/lib\libfat.a(disc.o)
                              C:/devkitPro/libnds/lib\libfat.a(libfat.o) (_FAT_disc_interfaces)
C:/devkitPro/libnds/lib\libfat.a(fatfile.o)
                              C:/devkitPro/libnds/lib\libfat.a(libfat.o) (_FAT_open_r)
C:/devkitPro/libnds/lib\libfat.a(cache.o)
                              C:/devkitPro/libnds/lib\libfat.a(fatfile.o) (_FAT_cache_readSectors)
C:/devkitPro/libnds/lib\libfat.a(fatdir.o)
                              C:/devkitPro/libnds/lib\libfat.a(libfat.o) (_FAT_stat_r)
C:/devkitPro/libnds/lib\libfat.a(directory.o)
                              C:/devkitPro/libnds/lib\libfat.a(fatfile.o) (_FAT_directory_entryGetCluster)
C:/devkitPro/libnds/lib\libfat.a(partition.o)
                              C:/devkitPro/libnds/lib\libfat.a(libfat.o) (_FAT_partition_destructor)
C:/devkitPro/libnds/lib\libfat.a(lock.o)
                              C:/devkitPro/libnds/lib\libfat.a(partition.o) (_FAT_lock_init)
C:/devkitPro/libnds/lib\libfat.a(filetime.o)
                              C:/devkitPro/libnds/lib\libfat.a(fatfile.o) (_FAT_filetime_getTimeFromRTC)
C:/devkitPro/libnds/lib\libfat.a(file_allocation_table.o)
                              C:/devkitPro/libnds/lib\libfat.a(fatfile.o) (_FAT_fat_nextCluster)
C:/devkitPro/libnds/lib\libnds9.a(video.o)
                              E:/Repos/DS-Creator/DSTest/Snake/nflib/lib\libnflib.a(nf_basic.o) (setBrightness)
C:/devkitPro/libnds/lib\libnds9.a(touch.o)
                              main.o (touchRead)
C:/devkitPro/libnds/lib\libnds9.a(console.o)
                              main.o (consoleDemoInit)
C:/devkitPro/libnds/lib\libnds9.a(sprite.o)
                              E:/Repos/DS-Creator/DSTest/Snake/nflib/lib\libnflib.a(nf_sprite256.o) (oamInit)
C:/devkitPro/libnds/lib\libnds9.a(keys.o)
                              main.o (scanKeys)
C:/devkitPro/libnds/lib\libnds9.a(dldi.o)
                              C:/devkitPro/libnds/lib\libfat.a(disc.o) (dldiGetInternal)
C:/devkitPro/libnds/lib\libnds9.a(initSystem.o)
                              c:/devkitpro/devkitarm/bin/../lib/gcc/arm-none-eabi/11.2.0/../../../../arm-none-eabi/lib/thumb/ds_arm9_crt0.o (initSystem)
C:/devkitPro/libnds/lib\libnds9.a(securearea.o)
                              c:/devkitpro/devkitarm/bin/../lib/gcc/arm-none-eabi/11.2.0/../../../../arm-none-eabi/lib/thumb/ds_arm9_crt0.o (__secure_area__)
C:/devkitPro/libnds/lib\libnds9.a(interrupts.o)
                              C:/devkitPro/libnds/lib\libnds9.a(initSystem.o) (irqInit)
C:/devkitPro/libnds/lib\libnds9.a(libnds_exit.arm.o)
                              c:/devkitpro/devkitarm/bin/../lib/gcc/arm-none-eabi/11.2.0/../../../../arm-none-eabi/lib/thumb/ds_arm9_crt0.o (__libnds_exit)
C:/devkitPro/libnds/lib\libnds9.a(card.o)
                              C:/devkitPro/libnds/lib\libfilesystem.a(nitrofs.o) (cardParamCommand)
C:/devkitPro/libnds/lib\libnds9.a(fifosystem.o)
                              C:/devkitPro/libnds/lib\libnds9.a(initSystem.o) (fifoSetValue32Handler)
C:/devkitPro/libnds/lib\libnds9.a(dcache.o)
                              E:/Repos/DS-Creator/DSTest/Snake/nflib/lib\libnflib.a(nf_basic.o) (DC_FlushRange)
C:/devkitPro/libnds/lib\libnds9.a(dldi_stub.o)
                              C:/devkitPro/libnds/lib\libnds9.a(dldi.o) (_io_dldi_stub)
C:/devkitPro/libnds/lib\libnds9.a(mpu_setup.o)
                              c:/devkitpro/devkitarm/bin/../lib/gcc/arm-none-eabi/11.2.0/../../../../arm-none-eabi/lib/thumb/ds_arm9_crt0.o (__libnds_mpu_setup)
C:/devkitPro/libnds/lib\libnds9.a(IntrWait.o)
                              main.o (swiWaitForVBlank)
C:/devkitPro/libnds/lib\libnds9.a(cpu_clock.o)
                              C:/devkitPro/libnds/lib\libnds9.a(initSystem.o) (setCpuClock)
C:/devkitPro/libnds/lib\libnds9.a(interruptDispatcher.o)
                              C:/devkitPro/libnds/lib\libnds9.a(interrupts.o) (IntrMain)
C:/devkitPro/libnds/lib\libnds9.a(biosCalls.o)
[...]
Memory Configuration

Name             Origin             Length             Attributes
ewram            0x0000000002000000 0x0000000000380000
dtcm             0x0000000002ff0000 0x0000000000004000
vectors          0x0000000001000000 0x0000000000000100
itcm             0x0000000001000100 0x0000000000007f00
*default*        0x0000000000000000 0xffffffffffffffff

Linker script and memory map

                0x0000000002380000                __ewram_end = (ORIGIN (ewram) + LENGTH (ewram))
                0x0000000002380000                __eheap_end = (ORIGIN (ewram) + LENGTH (ewram))
                0x0000000002ff4000                __dtcm_top = (ORIGIN (dtcm) + LENGTH (dtcm))
                0x0000000002ff3ff8                __irq_flags = (__dtcm_top - 0x8)
                0x0000000002ff3ffc                __irq_vector = (__dtcm_top - 0x4)
                0x0000000002ff3f00                __sp_svc = (__dtcm_top - 0x100)
                0x0000000002ff3e00                __sp_irq = (__sp_svc - 0x100)
                0x0000000002ff3d00                __sp_usr = (__sp_irq - 0x100)

.secure         0x0000000002000000      0x800
 *(.secure)
 .secure        0x0000000002000000      0x800 C:/devkitPro/libnds/lib\libnds9.a(securearea.o)
                0x0000000002000000                __secure_area__

.crt0           0x0000000002000800      0x300
                0x0000000002000800                __text_start = .
 *(.crt0)
 .crt0          0x0000000002000800      0x300 c:/devkitpro/devkitarm/bin/../lib/gcc/arm-none-eabi/11.2.0/../../../../arm-none-eabi/lib/thumb/ds_arm9_crt0.o
                0x0000000002000800                _start
                0x0000000002000b00                . = ALIGN (0x4)

.plt
 *(.plt)

.init           0x0000000002000b00        0xc
 *(SORT_NONE(.init))
 .init          0x0000000002000b00        0x4 c:/devkitpro/devkitarm/bin/../lib/gcc/arm-none-eabi/11.2.0/thumb/crti.o
                0x0000000002000b00                _init
 .init          0x0000000002000b04        0x8 c:/devkitpro/devkitarm/bin/../lib/gcc/arm-none-eabi/11.2.0/thumb/crtn.o

.text           0x0000000002000b40    0x1ba10
 *(EXCLUDE_FILE(*.twl* *.vectors* *.itcm*) .text)
 .text          0x0000000002000b40      0x874 E:/Repos/DS-Creator/DSTest/Snake/nflib/lib\libnflib.a(nf_2d.o)
                0x0000000002000b40                NF_Set2D
                0x0000000002000ba8                NF_ShowBg
                0x0000000002000c24                NF_HideBg
                0x0000000002000cc8                NF_ScrollBg
                0x0000000002001018                NF_MoveSprite
                0x0000000002001038                NF_SpriteLayer
                0x0000000002001054                NF_ShowSprite
                0x0000000002001074                NF_HflipSprite
                0x0000000002001090                NF_GetSpriteHflip
                0x00000000020010ac                NF_VflipSprite
                0x00000000020010c8                NF_GetSpriteVflip
                0x00000000020010e4                NF_SpriteFrame
                0x00000000020011b4                NF_EnableSpriteRotScale
                0x0000000002001248                NF_DisableSpriteRotScale
                0x00000000020012bc                NF_SpriteRotScale
 .text          0x00000000020013b4      0x4a0 E:/Repos/DS-Creator/DSTest/Snake/nflib/lib\libnflib.a(nf_basic.o)
                0x00000000020013b4                NF_Error
                0x0000000002001660                NF_SetRootFolder
                0x00000000020017b8                NF_DmaMemCopy
                0x0000000002001844                NF_GetLanguage
 .text          0x0000000002001854     0x13b4 E:/Repos/DS-Creator/DSTest/Snake/nflib/lib\libnflib.a(nf_sprite256.o)
                0x0000000002001854                NF_InitSpriteBuffers
                0x00000000020018a0                NF_ResetSpriteBuffers
                0x00000000020018d4                NF_InitSpriteSys
                0x0000000002001ae4                NF_LoadSpriteGfx
                0x0000000002001bf4                NF_UnloadSpriteGfx
                0x0000000002001c64                NF_LoadSpritePal
                0x0000000002001d60                NF_UnloadSpritePal
                0x0000000002001db0                NF_VramSpriteGfx
                0x0000000002002108                NF_VramSpriteGfxDefrag
                0x000000000200230c                NF_FreeSpriteGfx
                0x000000000200240c                NF_VramSpritePal
                0x00000000020024e0                NF_CreateSprite
                0x0000000002002880                NF_DeleteSprite
                0x0000000002002920                NF_SpriteOamSet
                0x00000000020029f8                NF_SpriteSetPalColor
                0x0000000002002a90                NF_SpriteEditPalColor
                0x0000000002002b0c                NF_SpriteUpdatePalette
                0x0000000002002b9c                NF_SpriteGetPalColor
 *fill*         0x0000000002002c08       0x38 ff
 .text          0x0000000002002c40     0x4000 C:/devkitPro/libnds/lib\libnds9.a(dldi_stub.o)
                0x0000000002002c40                _io_dldi_stub
 .text          0x0000000002006c40      0x11c c:/devkitpro/devkitarm/bin/../lib/gcc/arm-none-eabi/11.2.0/thumb\libgcc.a(_udivsi3.o)
                0x0000000002006c40                __aeabi_uidiv
                0x0000000002006c40                __udivsi3
                0x0000000002006d3c                __aeabi_uidivmod
 .text          0x0000000002006d5c      0x150 c:/devkitpro/devkitarm/bin/../lib/gcc/arm-none-eabi/11.2.0/thumb\libgcc.a(_divsi3.o)
                0x0000000002006d5c                __divsi3
                0x0000000002006d5c                __aeabi_idiv
                0x0000000002006e8c                __aeabi_idivmod
 .text          0x0000000002006eac        0x4 c:/devkitpro/devkitarm/bin/../lib/gcc/arm-none-eabi/11.2.0/thumb\libgcc.a(_dvmd_tls.o)
                0x0000000002006eac                __aeabi_idiv0
                0x0000000002006eac                __aeabi_ldiv0
 .text          0x0000000002006eb0       0xd4 c:/devkitpro/devkitarm/bin/../lib/gcc/arm-none-eabi/11.2.0/thumb\libgcc.a(_aeabi_ldivmod.o)
                0x0000000002006eb0                __aeabi_ldivmod
 .text          0x0000000002006f84       0x28 c:/devkitpro/devkitarm/bin/../lib/gcc/arm-none-eabi/11.2.0/thumb\libgcc.a(_clzdi2.o)
                0x0000000002006f84                __clzdi2
 .text          0x0000000002006fac       0x48 c:/devkitpro/devkitarm/bin/../lib/gcc/arm-none-eabi/11.2.0/thumb\libgcc.a(_clzsi2.o)
                0x0000000002006fac                __clzsi2
 .text          0x0000000002006ff4      0x224 c:/devkitpro/devkitarm/bin/../lib/gcc/arm-none-eabi/11.2.0/../../../../arm-none-eabi/lib/thumb\libg.a(lib_a-strcmp.o)
                0x0000000002006ff4                strcmp
 .text          0x0000000002007218       0x14 c:/devkitpro/devkitarm/bin/../lib/gcc/arm-none-eabi/11.2.0/thumb\libgcc.a(_thumb1_case_uqi.o)
                0x0000000002007218                __gnu_thumb1_case_uqi
 .text          0x000000000200722c       0x14 c:/devkitpro/devkitarm/bin/../lib/gcc/arm-none-eabi/11.2.0/thumb\libgcc.a(_thumb1_case_uhi.o)
                0x000000000200722c                __gnu_thumb1_case_uhi
 .text          0x0000000002007240      0x424 c:/devkitpro/devkitarm/bin/../lib/gcc/arm-none-eabi/11.2.0/thumb\libgcc.a(_arm_addsubdf3.o)
                0x0000000002007240                __aeabi_drsub
                0x0000000002007248                __aeabi_dsub
                0x0000000002007248                __subdf3
                0x000000000200724c                __aeabi_dadd
                0x000000000200724c                __adddf3
                0x000000000200755c                __floatunsidf
                0x000000000200755c                __aeabi_ui2d
                0x0000000002007580                __floatsidf
                0x0000000002007580                __aeabi_i2d
                0x00000000020075a8                __aeabi_f2d
                0x00000000020075a8                __extendsfdf2
                0x00000000020075f0                __floatundidf
                0x00000000020075f0                __aeabi_ul2d
                0x0000000002007604                __floatdidf
                0x0000000002007604                __aeabi_l2d
 .text          0x0000000002007664      0x49c c:/devkitpro/devkitarm/bin/../lib/gcc/arm-none-eabi/11.2.0/thumb\libgcc.a(_arm_muldivdf3.o)
                0x0000000002007664                __aeabi_dmul
                0x0000000002007664                __muldf3
                0x00000000020078f4                __divdf3
                0x00000000020078f4                __aeabi_ddiv
 .text          0x0000000002007b00      0x144 c:/devkitpro/devkitarm/bin/../lib/gcc/arm-none-eabi/11.2.0/thumb\libgcc.a(_arm_cmpdf2.o)
                0x0000000002007b00                __gtdf2
                0x0000000002007b00                __gedf2
                0x0000000002007b08                __ltdf2
                0x0000000002007b08                __ledf2
                0x0000000002007b10                __nedf2
                0x0000000002007b10                __eqdf2
                0x0000000002007b10                __cmpdf2
                0x0000000002007b98                __aeabi_cdrcmple
                0x0000000002007bb4                __aeabi_cdcmpeq
                0x0000000002007bb4                __aeabi_cdcmple
                0x0000000002007bcc                __aeabi_dcmpeq
                0x0000000002007be4                __aeabi_dcmplt
                0x0000000002007bfc                __aeabi_dcmple
                0x0000000002007c14                __aeabi_dcmpge
                0x0000000002007c2c                __aeabi_dcmpgt
 .text          0x0000000002007c44       0x38 c:/devkitpro/devkitarm/bin/../lib/gcc/arm-none-eabi/11.2.0/thumb\libgcc.a(_arm_unorddf2.o)
                0x0000000002007c44                __unorddf2
                0x0000000002007c44                __aeabi_dcmpun
 .text          0x0000000002007c7c       0x5c c:/devkitpro/devkitarm/bin/../lib/gcc/arm-none-eabi/11.2.0/thumb\libgcc.a(_arm_fixdfsi.o)
                0x0000000002007c7c                __aeabi_d2iz
                0x0000000002007c7c                __fixdfsi
 .text          0x0000000002007cd8       0x3c c:/devkitpro/devkitarm/bin/../lib/gcc/arm-none-eabi/11.2.0/thumb\libgcc.a(_aeabi_uldivmod.o)
                0x0000000002007cd8                __aeabi_uldivmod
 *(EXCLUDE_FILE(*.twl* *.vectors* *.itcm*) .stub)
 *(EXCLUDE_FILE(*.twl* *.vectors* *.itcm*) .text.*)
 .text.__do_global_dtors_aux
                0x0000000002007d14       0x2c c:/devkitpro/devkitarm/bin/../lib/gcc/arm-none-eabi/11.2.0/thumb/crtbegin.o
 .text.frame_dummy
                0x0000000002007d40       0x24 c:/devkitpro/devkitarm/bin/../lib/gcc/arm-none-eabi/11.2.0/thumb/crtbegin.o
 .text.startup  0x0000000002007d64      0x104 main.o
                0x0000000002007d64                main
 .text.nitroFSDirClose
                0x0000000002007e68        0x4 C:/devkitPro/libnds/lib\libfilesystem.a(nitrofs.o)
 .text.nitroFSSeek
                0x0000000002007e6c       0x78 C:/devkitPro/libnds/lib\libfilesystem.a(nitrofs.o)
 .text.nitroFSFstat
                0x0000000002007ee4       0x10 C:/devkitPro/libnds/lib\libfilesystem.a(nitrofs.o)
 .text.nitroSubReadBlock
                0x0000000002007ef4       0x54 C:/devkitPro/libnds/lib\libfilesystem.a(nitrofs.o)
 .text.nitroSubReadCard
                0x0000000002007f48       0xb0 C:/devkitPro/libnds/lib\libfilesystem.a(nitrofs.o)
 .text.nitroFSClose
                0x0000000002007ff8        0x4 C:/devkitPro/libnds/lib\libfilesystem.a(nitrofs.o)
 .text.nitroDirReset
                0x0000000002007ffc       0x9c C:/devkitPro/libnds/lib\libfilesystem.a(nitrofs.o)
 .text.nitroFSRead
                0x0000000002008098       0xbc C:/devkitPro/libnds/lib\libfilesystem.a(nitrofs.o)
 .text.nitroFSDirNext
                0x0000000002008154      0x30c C:/devkitPro/libnds/lib\libfilesystem.a(nitrofs.o)
 .text.nitroFSDirOpen
                0x0000000002008460       0xe0 C:/devkitPro/libnds/lib\libfilesystem.a(nitrofs.o)
 .text.nitroFSChdir
                0x0000000002008540       0x30 C:/devkitPro/libnds/lib\libfilesystem.a(nitrofs.o)
 .text.nitroFSOpen
                0x0000000002008570       0xc4 C:/devkitPro/libnds/lib\libfilesystem.a(nitrofs.o)
 .text.nitroFSstat
                0x0000000002008634       0x68 C:/devkitPro/libnds/lib\libfilesystem.a(nitrofs.o)
 .text.nitroFSInit
                0x000000000200869c      0x12c C:/devkitPro/libnds/lib\libfilesystem.a(nitrofs.o)
                0x000000000200869c                nitroFSInit
 .text.fatMount.part.0
                0x00000000020087c8       0xa0 C:/devkitPro/libnds/lib\libfat.a(libfat.o)
 .text.fatMount
                0x0000000002008868       0x3c C:/devkitPro/libnds/lib\libfat.a(libfat.o)
                0x0000000002008868                fatMount
 .text.fatInit  0x00000000020088a4      0x130 C:/devkitPro/libnds/lib\libfat.a(libfat.o)
                0x00000000020088a4                fatInit
 .text.fatInitDefault
                0x00000000020089d4        0xc C:/devkitPro/libnds/lib\libfat.a(libfat.o)
                0x00000000020089d4                fatInitDefault
 .text._FAT_check_position_for_next_cluster.part.0
                0x00000000020089e0       0x68 C:/devkitPro/libnds/lib\libfat.a(fatfile.o)
 .text._FAT_syncToDisc.part.0
                0x0000000002008a48       0xd4 C:/devkitPro/libnds/lib\libfat.a(fatfile.o)
 .text._FAT_file_extend_r
                0x0000000002008b1c      0x208 C:/devkitPro/libnds/lib\libfat.a(fatfile.o)
 .text._FAT_open_r
                0x0000000002008d24      0x2d4 C:/devkitPro/libnds/lib\libfat.a(fatfile.o)
                0x0000000002008d24                _FAT_open_r
 .text._FAT_close_r
                0x0000000002008ff8       0x74 C:/devkitPro/libnds/lib\libfat.a(fatfile.o)
                0x0000000002008ff8                _FAT_close_r
 .text._FAT_read_r
                0x000000000200906c      0x398 C:/devkitPro/libnds/lib\libfat.a(fatfile.o)
                0x000000000200906c                _FAT_read_r
 .text._FAT_write_r
                0x0000000002009404      0x53c C:/devkitPro/libnds/lib\libfat.a(fatfile.o)
                0x0000000002009404                _FAT_write_r
 .text._FAT_seek_r
                0x0000000002009940      0x194 C:/devkitPro/libnds/lib\libfat.a(fatfile.o)
                0x0000000002009940                _FAT_seek_r
 .text._FAT_fstat_r
                0x0000000002009ad4       0x8c C:/devkitPro/libnds/lib\libfat.a(fatfile.o)
                0x0000000002009ad4                _FAT_fstat_r
 .text._FAT_ftruncate_r
                0x0000000002009b60      0x16c C:/devkitPro/libnds/lib\libfat.a(fatfile.o)
                0x0000000002009b60                _FAT_ftruncate_r
 .text._FAT_fsync_r
                0x0000000002009ccc       0x44 C:/devkitPro/libnds/lib\libfat.a(fatfile.o)
                0x0000000002009ccc                _FAT_fsync_r
 .text._FAT_cache_getPage
                0x0000000002009d10       0xf0 C:/devkitPro/libnds/lib\libfat.a(cache.o)
 .text._FAT_cache_constructor
                0x0000000002009e00       0x90 C:/devkitPro/libnds/lib\libfat.a(cache.o)
                0x0000000002009e00                _FAT_cache_constructor
 .text._FAT_cache_readSectors
                0x0000000002009e90       0x60 C:/devkitPro/libnds/lib\libfat.a(cache.o)
                0x0000000002009e90                _FAT_cache_readSectors
 .text._FAT_cache_readPartialSector
                0x0000000002009ef0       0x3c C:/devkitPro/libnds/lib\libfat.a(cache.o)
                0x0000000002009ef0                _FAT_cache_readPartialSector
 .text._FAT_cache_readLittleEndianValue
                0x0000000002009f2c       0x70 C:/devkitPro/libnds/lib\libfat.a(cache.o)
                0x0000000002009f2c                _FAT_cache_readLittleEndianValue
 .text._FAT_cache_writePartialSector
                0x0000000002009f9c       0x4c C:/devkitPro/libnds/lib\libfat.a(cache.o)
                0x0000000002009f9c                _FAT_cache_writePartialSector
 .text._FAT_cache_writeLittleEndianValue
                0x0000000002009fe8       0x8c C:/devkitPro/libnds/lib\libfat.a(cache.o)
                0x0000000002009fe8                _FAT_cache_writeLittleEndianValue
 .text._FAT_cache_eraseWritePartialSector
                0x000000000200a074       0x60 C:/devkitPro/libnds/lib\libfat.a(cache.o)
                0x000000000200a074                _FAT_cache_eraseWritePartialSector
 .text._FAT_cache_writeSectors
                0x000000000200a0d4       0x80 C:/devkitPro/libnds/lib\libfat.a(cache.o)
                0x000000000200a0d4                _FAT_cache_writeSectors
 .text._FAT_cache_flush
                0x000000000200a154       0x40 C:/devkitPro/libnds/lib\libfat.a(cache.o)
                0x000000000200a154                _FAT_cache_flush
 .text._FAT_stat_r
                0x000000000200a194       0x90 C:/devkitPro/libnds/lib\libfat.a(fatdir.o)
                0x000000000200a194                _FAT_stat_r
 .text._FAT_link_r
                0x000000000200a224        0xc C:/devkitPro/libnds/lib\libfat.a(fatdir.o)
                0x000000000200a224                _FAT_link_r
 .text._FAT_unlink_r
                0x000000000200a230      0x184 C:/devkitPro/libnds/lib\libfat.a(fatdir.o)
                0x000000000200a230                _FAT_unlink_r
 .text._FAT_chdir_r
                0x000000000200a3b4       0x70 C:/devkitPro/libnds/lib\libfat.a(fatdir.o)
                0x000000000200a3b4                _FAT_chdir_r
 .text._FAT_rename_r
                0x000000000200a424      0x1c4 C:/devkitPro/libnds/lib\libfat.a(fatdir.o)
                0x000000000200a424                _FAT_rename_r
 .text._FAT_mkdir_r
                0x000000000200a5e8      0x244 C:/devkitPro/libnds/lib\libfat.a(fatdir.o)
                0x000000000200a5e8                _FAT_mkdir_r
 .text._FAT_statvfs_r
                0x000000000200a82c       0x78 C:/devkitPro/libnds/lib\libfat.a(fatdir.o)
                0x000000000200a82c                _FAT_statvfs_r
 .text._FAT_diropen_r
                0x000000000200a8a4       0xb0 C:/devkitPro/libnds/lib\libfat.a(fatdir.o)
                0x000000000200a8a4                _FAT_diropen_r
 .text._FAT_dirreset_r
                0x000000000200a954       0x4c C:/devkitPro/libnds/lib\libfat.a(fatdir.o)
                0x000000000200a954                _FAT_dirreset_r
 .text._FAT_dirnext_r
                0x000000000200a9a0       0x7c C:/devkitPro/libnds/lib\libfat.a(fatdir.o)
                0x000000000200a9a0                _FAT_dirnext_r
 .text._FAT_dirclose_r
                0x000000000200aa1c       0x20 C:/devkitPro/libnds/lib\libfat.a(fatdir.o)
                0x000000000200aa1c                _FAT_dirclose_r
 .text._FAT_directory_entryGetAlias
                0x000000000200aa3c       0xc8 C:/devkitPro/libnds/lib\libfat.a(directory.o)
 .text._FAT_directory_incrementDirEntryPosition
                0x000000000200ab04       0x80 C:/devkitPro/libnds/lib\libfat.a(directory.o)
 .text._FAT_directory_mbsncasecmp
                0x000000000200ab84       0xa8 C:/devkitPro/libnds/lib\libfat.a(directory.o)
 .text._FAT_directory_ucs2tombs.constprop.0
                0x000000000200ac2c       0x90 C:/devkitPro/libnds/lib\libfat.a(directory.o)
 .text._FAT_directory_entryGetCluster
                0x000000000200acbc       0x20 C:/devkitPro/libnds/lib\libfat.a(directory.o)
                0x000000000200acbc                _FAT_directory_entryGetCluster
 .text._FAT_directory_getNextEntry
                0x000000000200acdc      0x23c C:/devkitPro/libnds/lib\libfat.a(directory.o)
                0x000000000200acdc                _FAT_directory_getNextEntry
 .text._FAT_directory_entryExists
                0x000000000200af18       0x80 C:/devkitPro/libnds/lib\libfat.a(directory.o)
 .text._FAT_directory_getFirstEntry
                0x000000000200af98       0x20 C:/devkitPro/libnds/lib\libfat.a(directory.o)
                0x000000000200af98                _FAT_directory_getFirstEntry
 .text._FAT_directory_getRootEntry
                0x000000000200afb8       0x60 C:/devkitPro/libnds/lib\libfat.a(directory.o)
                0x000000000200afb8                _FAT_directory_getRootEntry
 .text._FAT_directory_entryFromPosition
                0x000000000200b018      0x150 C:/devkitPro/libnds/lib\libfat.a(directory.o)
                0x000000000200b018                _FAT_directory_entryFromPosition
 .text._FAT_directory_entryFromPath
                0x000000000200b168      0x248 C:/devkitPro/libnds/lib\libfat.a(directory.o)
                0x000000000200b168                _FAT_directory_entryFromPath
 .text._FAT_directory_removeEntry
                0x000000000200b3b0       0xd8 C:/devkitPro/libnds/lib\libfat.a(directory.o)
                0x000000000200b3b0                _FAT_directory_removeEntry
 .text._FAT_directory_addEntry
                0x000000000200b488      0x808 C:/devkitPro/libnds/lib\libfat.a(directory.o)
                0x000000000200b488                _FAT_directory_addEntry
 .text._FAT_directory_chdir
                0x000000000200bc90       0x3c C:/devkitPro/libnds/lib\libfat.a(directory.o)
                0x000000000200bc90                _FAT_directory_chdir
 .text._FAT_directory_entryStat
                0x000000000200bccc       0xe4 C:/devkitPro/libnds/lib\libfat.a(directory.o)
                0x000000000200bccc                _FAT_directory_entryStat
 .text.isValidMBR
                0x000000000200bdb0       0x5c C:/devkitPro/libnds/lib\libfat.a(partition.o)
 .text._FAT_updateFS_INFO
                0x000000000200be0c       0x54 C:/devkitPro/libnds/lib\libfat.a(partition.o)
 .text.FindFirstValidPartition_buf.part.0
                0x000000000200be60      0x11c C:/devkitPro/libnds/lib\libfat.a(partition.o)
 .text._FAT_partition_getPartitionFromPath
                0x000000000200bf7c       0x10 C:/devkitPro/libnds/lib\libfat.a(partition.o)
                0x000000000200bf7c                _FAT_partition_getPartitionFromPath
 .text._FAT_partition_createFSinfo
                0x000000000200bf8c       0x50 C:/devkitPro/libnds/lib\libfat.a(partition.o)
                0x000000000200bf8c                _FAT_partition_createFSinfo
 .text._FAT_partition_readFSinfo.part.0
                0x000000000200bfdc       0x74 C:/devkitPro/libnds/lib\libfat.a(partition.o)
 .text._FAT_partition_constructor_buf
                0x000000000200c050      0x2e8 C:/devkitPro/libnds/lib\libfat.a(partition.o)
                0x000000000200c050                _FAT_partition_constructor_buf
 .text._FAT_partition_constructor
                0x000000000200c338       0x40 C:/devkitPro/libnds/lib\libfat.a(partition.o)
                0x000000000200c338                _FAT_partition_constructor
 .text._FAT_partition_readFSinfo
                0x000000000200c378       0x10 C:/devkitPro/libnds/lib\libfat.a(partition.o)
                0x000000000200c378                _FAT_partition_readFSinfo
 .text._FAT_lock_init
                0x000000000200c388        0x4 C:/devkitPro/libnds/lib\libfat.a(lock.o)
                0x000000000200c388                _FAT_lock_init
 .text._FAT_lock
                0x000000000200c38c        0x4 C:/devkitPro/libnds/lib\libfat.a(lock.o)
                0x000000000200c38c                _FAT_lock
 .text._FAT_unlock
                0x000000000200c390        0x4 C:/devkitPro/libnds/lib\libfat.a(lock.o)
                0x000000000200c390                _FAT_unlock
 .text._FAT_filetime_getTimeFromRTC
                0x000000000200c394       0x44 C:/devkitPro/libnds/lib\libfat.a(filetime.o)
                0x000000000200c394                _FAT_filetime_getTimeFromRTC
 .text._FAT_filetime_getDateFromRTC
                0x000000000200c3d8       0x44 C:/devkitPro/libnds/lib\libfat.a(filetime.o)
                0x000000000200c3d8                _FAT_filetime_getDateFromRTC
 .text._FAT_filetime_to_time_t
                0x000000000200c41c       0x38 C:/devkitPro/libnds/lib\libfat.a(filetime.o)
                0x000000000200c41c                _FAT_filetime_to_time_t
 .text._FAT_fat_writeFatEntry.part.0.isra.0
                0x000000000200c454      0x12c C:/devkitPro/libnds/lib\libfat.a(file_allocation_table.o)
 .text._FAT_fat_nextCluster
                0x000000000200c580      0x108 C:/devkitPro/libnds/lib\libfat.a(file_allocation_table.o)
                0x000000000200c580                _FAT_fat_nextCluster
 .text._FAT_fat_linkFreeCluster
                0x000000000200c688       0xac C:/devkitPro/libnds/lib\libfat.a(file_allocation_table.o)
                0x000000000200c688                _FAT_fat_linkFreeCluster
 .text._FAT_fat_linkFreeClusterCleared
                0x000000000200c734       0x68 C:/devkitPro/libnds/lib\libfat.a(file_allocation_table.o)
                0x000000000200c734                _FAT_fat_linkFreeClusterCleared
 .text._FAT_fat_clearLinks
                0x000000000200c79c       0x7c C:/devkitPro/libnds/lib\libfat.a(file_allocation_table.o)
                0x000000000200c79c                _FAT_fat_clearLinks
 .text._FAT_fat_trimChain
                0x000000000200c818       0x80 C:/devkitPro/libnds/lib\libfat.a(file_allocation_table.o)
                0x000000000200c818                _FAT_fat_trimChain
 .text._FAT_fat_lastCluster
                0x000000000200c898       0x34 C:/devkitPro/libnds/lib\libfat.a(file_allocation_table.o)
                0x000000000200c898                _FAT_fat_lastCluster
 .text._FAT_fat_freeClusterCount
                0x000000000200c8cc       0x2c C:/devkitPro/libnds/lib\libfat.a(file_allocation_table.o)
                0x000000000200c8cc                _FAT_fat_freeClusterCount
 .text.setBrightness
                0x000000000200c8f8       0x40 C:/devkitPro/libnds/lib\libnds9.a(video.o)
                0x000000000200c8f8                setBrightness
 .text.vramDefault
                0x000000000200c938       0xd0 C:/devkitPro/libnds/lib\libnds9.a(video.o)
                0x000000000200c938                vramDefault
 .text.touchRead
                0x000000000200ca08       0x24 C:/devkitPro/libnds/lib\libnds9.a(touch.o)
                0x000000000200ca08                touchRead
 .text.newRow   0x000000000200ca2c       0xa8 C:/devkitPro/libnds/lib\libnds9.a(console.o)
 .text.consolePrintChar
                0x000000000200cad4       0xe0 C:/devkitPro/libnds/lib\libnds9.a(console.o)
                0x000000000200cad4                consolePrintChar
 .text.con_write
                0x000000000200cbb4      0x36c C:/devkitPro/libnds/lib\libnds9.a(console.o)
                0x000000000200cbb4                con_write
 .text.consoleLoadFont
                0x000000000200cf20      0x2a0 C:/devkitPro/libnds/lib\libnds9.a(console.o)
                0x000000000200cf20                consoleLoadFont
 .text.consoleInit
                0x000000000200d1c0      0x18c C:/devkitPro/libnds/lib\libnds9.a(console.o)
                0x000000000200d1c0                consoleInit
 .text.consoleDemoInit
                0x000000000200d34c       0x40 C:/devkitPro/libnds/lib\libnds9.a(console.o)
                0x000000000200d34c                consoleDemoInit
 .text.consoleClear
                0x000000000200d38c       0x10 C:/devkitPro/libnds/lib\libnds9.a(console.o)
                0x000000000200d38c                consoleClear
 .text.oamInit  0x000000000200d39c      0x114 C:/devkitPro/libnds/lib\libnds9.a(sprite.o)
                0x000000000200d39c                oamInit
 .text.oamGfxPtrToOffset
                0x000000000200d4b0       0x34 C:/devkitPro/libnds/lib\libnds9.a(sprite.o)
                0x000000000200d4b0                oamGfxPtrToOffset
 .text.oamSet   0x000000000200d4e4      0x104 C:/devkitPro/libnds/lib\libnds9.a(sprite.o)
                0x000000000200d4e4                oamSet
 .text.oamRotateScale
                0x000000000200d5e8       0x4c C:/devkitPro/libnds/lib\libnds9.a(sprite.o)
                0x000000000200d5e8                oamRotateScale
 .text.scanKeys
                0x000000000200d634       0x8c C:/devkitPro/libnds/lib\libnds9.a(keys.o)
                0x000000000200d634                scanKeys
 .text.keysHeld
                0x000000000200d6c0        0xc C:/devkitPro/libnds/lib\libnds9.a(keys.o)
                0x000000000200d6c0                keysHeld
 .text.keysDown
                0x000000000200d6cc       0x14 C:/devkitPro/libnds/lib\libnds9.a(keys.o)
                0x000000000200d6cc                keysDown
 .text.dldiGetInternal
                0x000000000200d6e0       0x34 C:/devkitPro/libnds/lib\libnds9.a(dldi.o)
                0x000000000200d6e0                dldiGetInternal
 .text.get_io_dsisd
                0x000000000200d714       0x24 C:/devkitPro/libnds/lib\libnds9.a(dldi.o)
                0x000000000200d714                get_io_dsisd
 .text.__syscall_gettod_r
                0x000000000200d738       0x28 C:/devkitPro/libnds/lib\libnds9.a(initSystem.o)
                0x000000000200d738                __syscall_gettod_r
 .text.__syscall_exit
                0x000000000200d760        0x8 C:/devkitPro/libnds/lib\libnds9.a(initSystem.o)
                0x000000000200d760                __syscall_exit
 .text.initSystem
                0x000000000200d768      0x180 C:/devkitPro/libnds/lib\libnds9.a(initSystem.o)
                0x000000000200d768                initSystem
 .text.irqDummy
                0x000000000200d8e8        0x4 C:/devkitPro/libnds/lib\libnds9.a(interrupts.o)
                0x000000000200d8e8                irqDummy
 .text.irqSet   0x000000000200d8ec       0x6c C:/devkitPro/libnds/lib\libnds9.a(interrupts.o)
                0x000000000200d8ec                irqSet
 .text.irqInit  0x000000000200d958       0x50 C:/devkitPro/libnds/lib\libnds9.a(interrupts.o)
                0x000000000200d958                irqInit
 .text.irqEnable
                0x000000000200d9a8       0x64 C:/devkitPro/libnds/lib\libnds9.a(interrupts.o)
                0x000000000200d9a8                irqEnable
 .text.systemErrorExit
                0x000000000200da0c        0x4 C:/devkitPro/libnds/lib\libnds9.a(libnds_exit.arm.o)
                0x000000000200da0c                systemErrorExit
 .text.__libnds_exit
                0x000000000200da10       0x5c C:/devkitPro/libnds/lib\libnds9.a(libnds_exit.arm.o)
                0x000000000200da10                __libnds_exit
 .text.cardPolledTransfer
                0x000000000200da6c       0x54 C:/devkitPro/libnds/lib\libnds9.a(card.o)
                0x000000000200da6c                cardPolledTransfer
 .text.cardParamCommand
                0x000000000200dac0       0x34 C:/devkitPro/libnds/lib\libnds9.a(card.o)
                0x000000000200dac0                cardParamCommand
 .text.fifo_queueBlock
                0x000000000200daf4       0x44 C:/devkitPro/libnds/lib\libnds9.a(fifosystem.o)
 .text.fifo_waitBlock
                0x000000000200db38       0x80 C:/devkitPro/libnds/lib\libnds9.a(fifosystem.o)
 .text.fifoInternalSend.part.0
                0x000000000200dbb8       0xd4 C:/devkitPro/libnds/lib\libnds9.a(fifosystem.o)
 .text.fifoInternalSendInterrupt
                0x000000000200dc8c       0xb0 C:/devkitPro/libnds/lib\libnds9.a(fifosystem.o)
 .text.fifoSetValue32Handler
                0x000000000200dd3c       0xd4 C:/devkitPro/libnds/lib\libnds9.a(fifosystem.o)
                0x000000000200dd3c                fifoSetValue32Handler
 .text.fifoSendValue32
                0x000000000200de10       0x4c C:/devkitPro/libnds/lib\libnds9.a(fifosystem.o)
                0x000000000200de10                fifoSendValue32
 .text.fifoSendDatamsg
                0x000000000200de5c       0x90 C:/devkitPro/libnds/lib\libnds9.a(fifosystem.o)
                0x000000000200de5c                fifoSendDatamsg
 .text.fifoGetValue32
                0x000000000200deec       0x70 C:/devkitPro/libnds/lib\libnds9.a(fifosystem.o)
                0x000000000200deec                fifoGetValue32
 .text.fifoGetDatamsg
                0x000000000200df5c       0xf4 C:/devkitPro/libnds/lib\libnds9.a(fifosystem.o)
                0x000000000200df5c                fifoGetDatamsg
 .text.fifoInternalRecvInterrupt
                0x000000000200e050      0x37c C:/devkitPro/libnds/lib\libnds9.a(fifosystem.o)
 .text.fifoSetDatamsgHandler
                0x000000000200e3cc       0x9c C:/devkitPro/libnds/lib\libnds9.a(fifosystem.o)
                0x000000000200e3cc                fifoSetDatamsgHandler
 .text.fifoCheckValue32
                0x000000000200e468       0x24 C:/devkitPro/libnds/lib\libnds9.a(fifosystem.o)
                0x000000000200e468                fifoCheckValue32
 .text.fifoInit
                0x000000000200e48c      0x108 C:/devkitPro/libnds/lib\libnds9.a(fifosystem.o)
                0x000000000200e48c                fifoInit
 .text.DC_FlushRange
                0x000000000200e594       0x24 C:/devkitPro/libnds/lib\libnds9.a(dcache.o)
                0x000000000200e594                DC_FlushRange
 .text.DC_InvalidateRange
                0x000000000200e5b8       0x2c C:/devkitPro/libnds/lib\libnds9.a(dcache.o)
                0x000000000200e5b8                DC_InvalidateRange
 .text.__libnds_mpu_setup
                0x000000000200e5e4      0x174 C:/devkitPro/libnds/lib\libnds9.a(mpu_setup.o)
                0x000000000200e5e4                __libnds_mpu_setup
 .text.memUncached
                0x000000000200e758       0x20 C:/devkitPro/libnds/lib\libnds9.a(mpu_setup.o)
                0x000000000200e758                memUncached
 .text.swiWaitForVBlank
                0x000000000200e778        0x8 C:/devkitPro/libnds/lib\libnds9.a(IntrWait.o)
                0x000000000200e778                swiWaitForVBlank
 .text.swiIntrWait
                0x000000000200e780       0x70 C:/devkitPro/libnds/lib\libnds9.a(IntrWait.o)
                0x000000000200e780                swiIntrWait
 .text.setCpuClock
                0x000000000200e7f0       0x50 C:/devkitPro/libnds/lib\libnds9.a(cpu_clock.o)
                0x000000000200e7f0                setCpuClock
 .text.swiDelay
                0x000000000200e840        0x4 C:/devkitPro/libnds/lib\libnds9.a(biosCalls.o)
                0x000000000200e840                swiDelay
 .text.swiSoftReset
                0x000000000200e844       0x2c C:/devkitPro/libnds/lib\libnds9.a(swiSoftReset.o)
                0x000000000200e844                swiSoftReset
 .text.checkIfText
                0x000000000200e870       0x5c C:/devkitPro/libnds/lib\libnds9.a(background.o)
                0x000000000200e870                checkIfText
 .text.bgUpdate
                0x000000000200e8cc       0xf4 C:/devkitPro/libnds/lib\libnds9.a(background.o)
                0x000000000200e8cc                bgUpdate
 .text.bgInit_call
                0x000000000200e9c0       0xc4 C:/devkitPro/libnds/lib\libnds9.a(background.o)
                0x000000000200e9c0                bgInit_call
 .text.bgInitSub_call
                0x000000000200ea84       0xcc C:/devkitPro/libnds/lib\libnds9.a(background.o)
                0x000000000200ea84                bgInitSub_call
 .text.sinLutLookup
                0x000000000200eb50       0x4c C:/devkitPro/libnds/lib\libnds9.a(trig.o)
                0x000000000200eb50                sinLutLookup
 .text.sinLerp  0x000000000200eb9c       0x40 C:/devkitPro/libnds/lib\libnds9.a(trig.o)
                0x000000000200eb9c                sinLerp
 .text.cosLerp  0x000000000200ebdc       0x4c C:/devkitPro/libnds/lib\libnds9.a(trig.o)
                0x000000000200ebdc                cosLerp
 .text.oamAllocReset
                0x000000000200ec28       0x1c C:/devkitPro/libnds/lib\libnds9.a(sprite_alloc.o)
                0x000000000200ec28                oamAllocReset
 .text.systemValueHandler
                0x000000000200ec44       0x48 C:/devkitPro/libnds/lib\libnds9.a(system.o)
                0x000000000200ec44                systemValueHandler
 .text.systemMsgHandler
                0x000000000200ec8c       0x60 C:/devkitPro/libnds/lib\libnds9.a(system.o)
                0x000000000200ec8c                systemMsgHandler
 .text.powerOn  0x000000000200ecec       0x2c C:/devkitPro/libnds/lib\libnds9.a(system.o)
                0x000000000200ecec                powerOn
 .text.__muldi3
                0x000000000200ed18       0x54 c:/devkitpro/devkitarm/bin/../lib/gcc/arm-none-eabi/11.2.0/thumb\libgcc.a(_muldi3.o)
                0x000000000200ed18                __muldi3
                0x000000000200ed18                __aeabi_lmul
 .text.__udivmoddi4
                0x000000000200ed6c      0x19c c:/devkitpro/devkitarm/bin/../lib/gcc/arm-none-eabi/11.2.0/thumb\libgcc.a(_udivmoddi4.o)
                0x000000000200ed6c                __udivmoddi4
 .text.calloc   0x000000000200ef08       0x18 c:/devkitpro/devkitarm/bin/../lib/gcc/arm-none-eabi/11.2.0/../../../../arm-none-eabi/lib/thumb\libg.a(lib_a-calloc.o)
                0x000000000200ef08                calloc
 .text._calloc_r
                0x000000000200ef20       0xb0 c:/devkitpro/devkitarm/bin/../lib/gcc/arm-none-eabi/11.2.0/../../../../arm-none-eabi/lib/thumb\libg.a(lib_a-callocr.o)
                0x000000000200ef20                _calloc_r
 .text.__errno  0x000000000200efd0        0xc c:/devkitpro/devkitarm/bin/../lib/gcc/arm-none-eabi/11.2.0/../../../../arm-none-eabi/lib/thumb\libg.a(lib_a-errno.o)
                0x000000000200efd0                __errno
 .text._fclose_r
                0x000000000200efdc       0xe8 c:/devkitpro/devkitarm/bin/../lib/gcc/arm-none-eabi/11.2.0/../../../../arm-none-eabi/lib/thumb\libg.a(lib_a-fclose.o)
                0x000000000200efdc                _fclose_r
 .text.fclose   0x000000000200f0c4       0x14 c:/devkitpro/devkitarm/bin/../lib/gcc/arm-none-eabi/11.2.0/../../../../arm-none-eabi/lib/thumb\libg.a(lib_a-fclose.o)
                0x000000000200f0c4                fclose
 .text.__sflush_r
                0x000000000200f0d8      0x1c0 c:/devkitpro/devkitarm/bin/../lib/gcc/arm-none-eabi/11.2.0/../../../../arm-none-eabi/lib/thumb\libg.a(lib_a-fflush.o)
                0x000000000200f0d8                __sflush_r
 .text._fflush_r
                0x000000000200f298       0x70 c:/devkitpro/devkitarm/bin/../lib/gcc/arm-none-eabi/11.2.0/../../../../arm-none-eabi/lib/thumb\libg.a(lib_a-fflush.o)
                0x000000000200f298                _fflush_r
 .text.fflush   0x000000000200f308       0x2c c:/devkitpro/devkitarm/bin/../lib/gcc/arm-none-eabi/11.2.0/../../../../arm-none-eabi/lib/thumb\libg.a(lib_a-fflush.o)
                0x000000000200f308                fflush
 .text._cleanup_r
                0x000000000200f334       0x14 c:/devkitpro/devkitarm/bin/../lib/gcc/arm-none-eabi/11.2.0/../../../../arm-none-eabi/lib/thumb\libg.a(lib_a-findfp.o)
                0x000000000200f334                _cleanup_r
 .text.__sinit  0x000000000200f348      0x124 c:/devkitpro/devkitarm/bin/../lib/gcc/arm-none-eabi/11.2.0/../../../../arm-none-eabi/lib/thumb\libg.a(lib_a-findfp.o)
                0x000000000200f348                __sinit
 .text.__sfp    0x000000000200f46c       0xdc c:/devkitpro/devkitarm/bin/../lib/gcc/arm-none-eabi/11.2.0/../../../../arm-none-eabi/lib/thumb\libg.a(lib_a-findfp.o)
                0x000000000200f46c                __sfp
 .text.__sfp_lock_acquire
                0x000000000200f548       0x14 c:/devkitpro/devkitarm/bin/../lib/gcc/arm-none-eabi/11.2.0/../../../../arm-none-eabi/lib/thumb\libg.a(lib_a-findfp.o)
                0x000000000200f548                __sfp_lock_acquire
 .text.__sfp_lock_release
                0x000000000200f55c       0x14 c:/devkitpro/devkitarm/bin/../lib/gcc/arm-none-eabi/11.2.0/../../../../arm-none-eabi/lib/thumb\libg.a(lib_a-findfp.o)
                0x000000000200f55c                __sfp_lock_release
 .text._fopen_r
                0x000000000200f570       0xb8 c:/devkitpro/devkitarm/bin/../lib/gcc/arm-none-eabi/11.2.0/../../../../arm-none-eabi/lib/thumb\libg.a(lib_a-fopen.o)
                0x000000000200f570                _fopen_r
 .text.fopen    0x000000000200f628       0x18 c:/devkitpro/devkitarm/bin/../lib/gcc/arm-none-eabi/11.2.0/../../../../arm-none-eabi/lib/thumb\libg.a(lib_a-fopen.o)
                0x000000000200f628                fopen
 .text._fread_r
                0x000000000200f640      0x1f4 c:/devkitpro/devkitarm/bin/../lib/gcc/arm-none-eabi/11.2.0/../../../../arm-none-eabi/lib/thumb\libg.a(lib_a-fread.o)
                0x000000000200f640                _fread_r
 .text.fread    0x000000000200f834       0x24 c:/devkitpro/devkitarm/bin/../lib/gcc/arm-none-eabi/11.2.0/../../../../arm-none-eabi/lib/thumb\libg.a(lib_a-fread.o)
                0x000000000200f834                fread
 .text._malloc_trim_r
                0x000000000200f858       0xa0 c:/devkitpro/devkitarm/bin/../lib/gcc/arm-none-eabi/11.2.0/../../../../arm-none-eabi/lib/thumb\libg.a(lib_a-freer.o)
                0x000000000200f858                _malloc_trim_r
 .text._free_r  0x000000000200f8f8      0x1d8 c:/devkitpro/devkitarm/bin/../lib/gcc/arm-none-eabi/11.2.0/../../../../arm-none-eabi/lib/thumb\libg.a(lib_a-freer.o)
                0x000000000200f8f8                _free_r
 .text._fseek_r
                0x000000000200fad0       0x18 c:/devkitpro/devkitarm/bin/../lib/gcc/arm-none-eabi/11.2.0/../../../../arm-none-eabi/lib/thumb\libg.a(lib_a-fseek.o)
                0x000000000200fad0                _fseek_r
 .text.fseek    0x000000000200fae8       0x24 c:/devkitpro/devkitarm/bin/../lib/gcc/arm-none-eabi/11.2.0/../../../../arm-none-eabi/lib/thumb\libg.a(lib_a-fseek.o)
                0x000000000200fae8                fseek
 .text._fseeko_r
                0x000000000200fb0c      0x41c c:/devkitpro/devkitarm/bin/../lib/gcc/arm-none-eabi/11.2.0/../../../../arm-none-eabi/lib/thumb\libg.a(lib_a-fseeko.o)
                0x000000000200fb0c                _fseeko_r
 .text.ftell    0x000000000200ff28       0x24 c:/devkitpro/devkitarm/bin/../lib/gcc/arm-none-eabi/11.2.0/../../../../arm-none-eabi/lib/thumb\libg.a(lib_a-ftell.o)
                0x000000000200ff28                ftell
 .text._ftello_r
                0x000000000200ff4c      0x11c c:/devkitpro/devkitarm/bin/../lib/gcc/arm-none-eabi/11.2.0/../../../../arm-none-eabi/lib/thumb\libg.a(lib_a-ftello.o)
                0x000000000200ff4c                _ftello_r
 .text._fwalk   0x0000000002010068       0x48 c:/devkitpro/devkitarm/bin/../lib/gcc/arm-none-eabi/11.2.0/../../../../arm-none-eabi/lib/thumb\libg.a(lib_a-fwalk.o)
                0x0000000002010068                _fwalk
 .text._fwalk_reent
                0x00000000020100b0       0x50 c:/devkitpro/devkitarm/bin/../lib/gcc/arm-none-eabi/11.2.0/../../../../arm-none-eabi/lib/thumb\libg.a(lib_a-fwalk.o)
                0x00000000020100b0                _fwalk_reent
 .text.__libc_init_array
                0x0000000002010100       0x50 c:/devkitpro/devkitarm/bin/../lib/gcc/arm-none-eabi/11.2.0/../../../../arm-none-eabi/lib/thumb\libg.a(lib_a-init.o)
                0x0000000002010100                __libc_init_array
 .text.iprintf  0x0000000002010150       0x24 c:/devkitpro/devkitarm/bin/../lib/gcc/arm-none-eabi/11.2.0/../../../../arm-none-eabi/lib/thumb\libg.a(lib_a-iprintf.o)
                0x0000000002010150                iprintf
 .text.localtime_r
                0x0000000002010174      0x244 c:/devkitpro/devkitarm/bin/../lib/gcc/arm-none-eabi/11.2.0/../../../../arm-none-eabi/lib/thumb\libg.a(lib_a-lcltime_r.o)
                0x0000000002010174                localtime_r
 .text.__locale_mb_cur_max
                0x00000000020103b8       0x10 c:/devkitpro/devkitarm/bin/../lib/gcc/arm-none-eabi/11.2.0/../../../../arm-none-eabi/lib/thumb\libg.a(lib_a-locale.o)
                0x00000000020103b8                __locale_mb_cur_max
 .text.__smakebuf_r
                0x00000000020103c8       0xec c:/devkitpro/devkitarm/bin/../lib/gcc/arm-none-eabi/11.2.0/../../../../arm-none-eabi/lib/thumb\libg.a(lib_a-makebuf.o)
                0x00000000020103c8                __smakebuf_r
 .text.__swhatbuf_r
                0x00000000020104b4       0x5c c:/devkitpro/devkitarm/bin/../lib/gcc/arm-none-eabi/11.2.0/../../../../arm-none-eabi/lib/thumb\libg.a(lib_a-makebuf.o)
                0x00000000020104b4                __swhatbuf_r
 .text.malloc   0x0000000002010510       0x14 c:/devkitpro/devkitarm/bin/../lib/gcc/arm-none-eabi/11.2.0/../../../../arm-none-eabi/lib/thumb\libg.a(lib_a-malloc.o)
                0x0000000002010510                malloc
 .text.free     0x0000000002010524       0x14 c:/devkitpro/devkitarm/bin/../lib/gcc/arm-none-eabi/11.2.0/../../../../arm-none-eabi/lib/thumb\libg.a(lib_a-malloc.o)
                0x0000000002010524                free
 .text._malloc_r
                0x0000000002010538      0x58c c:/devkitpro/devkitarm/bin/../lib/gcc/arm-none-eabi/11.2.0/../../../../arm-none-eabi/lib/thumb\libg.a(lib_a-mallocr.o)
                0x0000000002010538                _malloc_r
 .text._mbrtowc_r
                0x0000000002010ac4       0x60 c:/devkitpro/devkitarm/bin/../lib/gcc/arm-none-eabi/11.2.0/../../../../arm-none-eabi/lib/thumb\libg.a(lib_a-mbrtowc.o)
                0x0000000002010ac4                _mbrtowc_r
 .text.mbrtowc  0x0000000002010b24       0x7c c:/devkitpro/devkitarm/bin/../lib/gcc/arm-none-eabi/11.2.0/../../../../arm-none-eabi/lib/thumb\libg.a(lib_a-mbrtowc.o)
                0x0000000002010b24                mbrtowc
 .text.mbsrtowcs
                0x0000000002010ba0       0x28 c:/devkitpro/devkitarm/bin/../lib/gcc/arm-none-eabi/11.2.0/../../../../arm-none-eabi/lib/thumb\libg.a(lib_a-mbsrtowcs.o)
                0x0000000002010ba0                mbsrtowcs
 .text.__utf8_mbtowc
                0x0000000002010bc8      0x294 c:/devkitpro/devkitarm/bin/../lib/gcc/arm-none-eabi/11.2.0/../../../../arm-none-eabi/lib/thumb\libg.a(lib_a-mbtowc_r.o)
                0x0000000002010bc8                __utf8_mbtowc
 .text.memcmp   0x0000000002010e5c       0x4c c:/devkitpro/devkitarm/bin/../lib/gcc/arm-none-eabi/11.2.0/../../../../arm-none-eabi/lib/thumb\libg.a(lib_a-memcmp.o)
                0x0000000002010e5c                memcmp
 .text.memcpy   0x0000000002010ea8       0xa8 c:/devkitpro/devkitarm/bin/../lib/gcc/arm-none-eabi/11.2.0/../../../../arm-none-eabi/lib/thumb\libg.a(lib_a-memcpy-stub.o)
                0x0000000002010ea8                memcpy
 .text.memmove  0x0000000002010f50       0xbc c:/devkitpro/devkitarm/bin/../lib/gcc/arm-none-eabi/11.2.0/../../../../arm-none-eabi/lib/thumb\libg.a(lib_a-memmove.o)
                0x0000000002010f50                memmove
 .text.memset   0x000000000201100c       0xb0 c:/devkitpro/devkitarm/bin/../lib/gcc/arm-none-eabi/11.2.0/../../../../arm-none-eabi/lib/thumb\libg.a(lib_a-memset.o)
                0x000000000201100c                memset
 .text.validate_structure
                0x00000000020110bc      0x1dc c:/devkitpro/devkitarm/bin/../lib/gcc/arm-none-eabi/11.2.0/../../../../arm-none-eabi/lib/thumb\libg.a(lib_a-mktime.o)
 .text.mktime   0x0000000002011298      0x450 c:/devkitpro/devkitarm/bin/../lib/gcc/arm-none-eabi/11.2.0/../../../../arm-none-eabi/lib/thumb\libg.a(lib_a-mktime.o)
                0x0000000002011298                mktime
 .text.__malloc_lock
                0x00000000020116e8       0x14 c:/devkitpro/devkitarm/bin/../lib/gcc/arm-none-eabi/11.2.0/../../../../arm-none-eabi/lib/thumb\libg.a(lib_a-mlock.o)
                0x00000000020116e8                __malloc_lock
 .text.__malloc_unlock
                0x00000000020116fc       0x14 c:/devkitpro/devkitarm/bin/../lib/gcc/arm-none-eabi/11.2.0/../../../../arm-none-eabi/lib/thumb\libg.a(lib_a-mlock.o)
                0x00000000020116fc                __malloc_unlock
 .text.srand    0x0000000002011710       0x18 c:/devkitpro/devkitarm/bin/../lib/gcc/arm-none-eabi/11.2.0/../../../../arm-none-eabi/lib/thumb\libg.a(lib_a-rand.o)
                0x0000000002011710                srand
 .text.realloc  0x0000000002011728       0x18 c:/devkitpro/devkitarm/bin/../lib/gcc/arm-none-eabi/11.2.0/../../../../arm-none-eabi/lib/thumb\libg.a(lib_a-realloc.o)
                0x0000000002011728                realloc
 .text._realloc_r
                0x0000000002011740      0x380 c:/devkitpro/devkitarm/bin/../lib/gcc/arm-none-eabi/11.2.0/../../../../arm-none-eabi/lib/thumb\libg.a(lib_a-reallocr.o)
                0x0000000002011740                _realloc_r
 .text.lflush   0x0000000002011ac0       0x20 c:/devkitpro/devkitarm/bin/../lib/gcc/arm-none-eabi/11.2.0/../../../../arm-none-eabi/lib/thumb\libg.a(lib_a-refill.o)
 .text.__srefill_r
                0x0000000002011ae0      0x118 c:/devkitpro/devkitarm/bin/../lib/gcc/arm-none-eabi/11.2.0/../../../../arm-none-eabi/lib/thumb\libg.a(lib_a-refill.o)
                0x0000000002011ae0                __srefill_r
 .text.rewind   0x0000000002011bf8       0x20 c:/devkitpro/devkitarm/bin/../lib/gcc/arm-none-eabi/11.2.0/../../../../arm-none-eabi/lib/thumb\libg.a(lib_a-rewind.o)
                0x0000000002011bf8                rewind
 .text.setvbuf  0x0000000002011c18      0x1ac c:/devkitpro/devkitarm/bin/../lib/gcc/arm-none-eabi/11.2.0/../../../../arm-none-eabi/lib/thumb\libg.a(lib_a-setvbuf.o)
                0x0000000002011c18                setvbuf
 .text.siscanf  0x0000000002011dc4       0x4c c:/devkitpro/devkitarm/bin/../lib/gcc/arm-none-eabi/11.2.0/../../../../arm-none-eabi/lib/thumb\libg.a(lib_a-siscanf.o)
                0x0000000002011dc4                siscanf
 .text.sprintf  0x0000000002011e10       0x40 c:/devkitpro/devkitarm/bin/../lib/gcc/arm-none-eabi/11.2.0/../../../../arm-none-eabi/lib/thumb\libg.a(lib_a-sprintf.o)
                0x0000000002011e10                sprintf
 .text.__sread  0x0000000002011e50       0x34 c:/devkitpro/devkitarm/bin/../lib/gcc/arm-none-eabi/11.2.0/../../../../arm-none-eabi/lib/thumb\libg.a(lib_a-stdio.o)
                0x0000000002011e50                __sread
 .text.__seofread
                0x0000000002011e84        0x4 c:/devkitpro/devkitarm/bin/../lib/gcc/arm-none-eabi/11.2.0/../../../../arm-none-eabi/lib/thumb\libg.a(lib_a-stdio.o)
                0x0000000002011e84                __seofread
 .text.__swrite
                0x0000000002011e88       0x4c c:/devkitpro/devkitarm/bin/../lib/gcc/arm-none-eabi/11.2.0/../../../../arm-none-eabi/lib/thumb\libg.a(lib_a-stdio.o)
                0x0000000002011e88                __swrite
 .text.__sseek  0x0000000002011ed4       0x40 c:/devkitpro/devkitarm/bin/../lib/gcc/arm-none-eabi/11.2.0/../../../../arm-none-eabi/lib/thumb\libg.a(lib_a-stdio.o)
                0x0000000002011ed4                __sseek
 .text.__sclose
                0x0000000002011f14       0x10 c:/devkitpro/devkitarm/bin/../lib/gcc/arm-none-eabi/11.2.0/../../../../arm-none-eabi/lib/thumb\libg.a(lib_a-stdio.o)
                0x0000000002011f14                __sclose
 .text.stpcpy   0x0000000002011f24       0x50 c:/devkitpro/devkitarm/bin/../lib/gcc/arm-none-eabi/11.2.0/../../../../arm-none-eabi/lib/thumb\libg.a(lib_a-stpcpy.o)
                0x0000000002011f24                stpcpy
 .text.strcasecmp
                0x0000000002011f74       0x48 c:/devkitpro/devkitarm/bin/../lib/gcc/arm-none-eabi/11.2.0/../../../../arm-none-eabi/lib/thumb\libg.a(lib_a-strcasecmp.o)
                0x0000000002011f74                strcasecmp
 .text.strchr   0x0000000002011fbc       0xc8 c:/devkitpro/devkitarm/bin/../lib/gcc/arm-none-eabi/11.2.0/../../../../arm-none-eabi/lib/thumb\libg.a(lib_a-strchr.o)
                0x0000000002011fbc                strchr
 .text.strcpy   0x0000000002012084       0x10 c:/devkitpro/devkitarm/bin/../lib/gcc/arm-none-eabi/11.2.0/../../../../arm-none-eabi/lib/thumb\libg.a(lib_a-strcpy.o)
                0x0000000002012084                strcpy
 .text.strdup   0x0000000002012094       0x14 c:/devkitpro/devkitarm/bin/../lib/gcc/arm-none-eabi/11.2.0/../../../../arm-none-eabi/lib/thumb\libg.a(lib_a-strdup.o)
                0x0000000002012094                strdup
 .text._strdup_r
                0x00000000020120a8       0x2c c:/devkitpro/devkitarm/bin/../lib/gcc/arm-none-eabi/11.2.0/../../../../arm-none-eabi/lib/thumb\libg.a(lib_a-strdup_r.o)
                0x00000000020120a8                _strdup_r
 .text.strlen   0x00000000020120d4       0x60 c:/devkitpro/devkitarm/bin/../lib/gcc/arm-none-eabi/11.2.0/../../../../arm-none-eabi/lib/thumb\libg.a(lib_a-strlen-stub.o)
                0x00000000020120d4                strlen
 .text.strncasecmp
                0x0000000002012134       0x54 c:/devkitpro/devkitarm/bin/../lib/gcc/arm-none-eabi/11.2.0/../../../../arm-none-eabi/lib/thumb\libg.a(lib_a-strncasecmp.o)
                0x0000000002012134                strncasecmp
 .text.strncmp  0x0000000002012188       0x78 c:/devkitpro/devkitarm/bin/../lib/gcc/arm-none-eabi/11.2.0/../../../../arm-none-eabi/lib/thumb\libg.a(lib_a-strncmp.o)
                0x0000000002012188                strncmp
 .text.strncpy  0x0000000002012200       0x74 c:/devkitpro/devkitarm/bin/../lib/gcc/arm-none-eabi/11.2.0/../../../../arm-none-eabi/lib/thumb\libg.a(lib_a-strncpy.o)
                0x0000000002012200                strncpy
 .text.strnlen  0x0000000002012274       0x28 c:/devkitpro/devkitarm/bin/../lib/gcc/arm-none-eabi/11.2.0/../../../../arm-none-eabi/lib/thumb\libg.a(lib_a-strnlen.o)
                0x0000000002012274                strnlen
 .text.strpbrk  0x000000000201229c       0x3c c:/devkitpro/devkitarm/bin/../lib/gcc/arm-none-eabi/11.2.0/../../../../arm-none-eabi/lib/thumb\libg.a(lib_a-strpbrk.o)
                0x000000000201229c                strpbrk
 .text.strrchr  0x00000000020122d8       0x2c c:/devkitpro/devkitarm/bin/../lib/gcc/arm-none-eabi/11.2.0/../../../../arm-none-eabi/lib/thumb\libg.a(lib_a-strrchr.o)
                0x00000000020122d8                strrchr
 .text._strtol_l.part.0
                0x0000000002012304      0x144 c:/devkitpro/devkitarm/bin/../lib/gcc/arm-none-eabi/11.2.0/../../../../arm-none-eabi/lib/thumb\libg.a(lib_a-strtol.o)
 .text._strtol_r
                0x0000000002012448       0x20 c:/devkitpro/devkitarm/bin/../lib/gcc/arm-none-eabi/11.2.0/../../../../arm-none-eabi/lib/thumb\libg.a(lib_a-strtol.o)
                0x0000000002012448                _strtol_r
 .text.get_arg  0x0000000002012468       0x32 c:/devkitpro/devkitarm/bin/../lib/gcc/arm-none-eabi/11.2.0/../../../../arm-none-eabi/lib/thumb\libg.a(lib_a-svfiscanf.o)
 .text._sungetc_r
                0x000000000201249a       0x7e c:/devkitpro/devkitarm/bin/../lib/gcc/arm-none-eabi/11.2.0/../../../../arm-none-eabi/lib/thumb\libg.a(lib_a-svfiscanf.o)
                0x000000000201249a                _sungetc_r
 .text.__ssrefill_r
                0x0000000002012518       0x42 c:/devkitpro/devkitarm/bin/../lib/gcc/arm-none-eabi/11.2.0/../../../../arm-none-eabi/lib/thumb\libg.a(lib_a-svfiscanf.o)
                0x0000000002012518                __ssrefill_r
 .text._sfread_r
                0x000000000201255a       0x88 c:/devkitpro/devkitarm/bin/../lib/gcc/arm-none-eabi/11.2.0/../../../../arm-none-eabi/lib/thumb\libg.a(lib_a-svfiscanf.o)
                0x000000000201255a                _sfread_r
 *fill*         0x00000000020125e2        0x2 ff
 .text.__ssvfiscanf_r
                0x00000000020125e4     0x1a04 c:/devkitpro/devkitarm/bin/../lib/gcc/arm-none-eabi/11.2.0/../../../../arm-none-eabi/lib/thumb\libg.a(lib_a-svfiscanf.o)
                0x00000000020125e4                __ssvfiscanf_r
 .text.get_arg  0x0000000002013fe8      0x400 c:/devkitpro/devkitarm/bin/../lib/gcc/arm-none-eabi/11.2.0/../../../../arm-none-eabi/lib/thumb\libg.a(lib_a-svfprintf.o)
 .text._svfprintf_r
                0x00000000020143e8     0x22fc c:/devkitpro/devkitarm/bin/../lib/gcc/arm-none-eabi/11.2.0/../../../../arm-none-eabi/lib/thumb\libg.a(lib_a-svfprintf.o)
                0x00000000020143e8                _svfprintf_r
 .text.lseek    0x00000000020166e4       0x24 c:/devkitpro/devkitarm/bin/../lib/gcc/arm-none-eabi/11.2.0/../../../../arm-none-eabi/lib/thumb\libg.a(lib_a-syslseek.o)
                0x00000000020166e4                lseek
 .text.open     0x0000000002016708       0x28 c:/devkitpro/devkitarm/bin/../lib/gcc/arm-none-eabi/11.2.0/../../../../arm-none-eabi/lib/thumb\libg.a(lib_a-sysopen.o)
                0x0000000002016708                open
 .text.read     0x0000000002016730       0x1c c:/devkitpro/devkitarm/bin/../lib/gcc/arm-none-eabi/11.2.0/../../../../arm-none-eabi/lib/thumb\libg.a(lib_a-sysread.o)
                0x0000000002016730                read
 .text.time     0x000000000201674c       0x34 c:/devkitpro/devkitarm/bin/../lib/gcc/arm-none-eabi/11.2.0/../../../../arm-none-eabi/lib/thumb\libg.a(lib_a-time.o)
                0x000000000201674c                time
 .text.towlower
                0x0000000002016780       0x10 c:/devkitpro/devkitarm/bin/../lib/gcc/arm-none-eabi/11.2.0/../../../../arm-none-eabi/lib/thumb\libg.a(lib_a-towlower.o)
                0x0000000002016780                towlower
 .text.towupper
                0x0000000002016790       0x10 c:/devkitpro/devkitarm/bin/../lib/gcc/arm-none-eabi/11.2.0/../../../../arm-none-eabi/lib/thumb\libg.a(lib_a-towupper.o)
                0x0000000002016790                towupper
 .text.__tzcalc_limits
                0x00000000020167a0      0x1b4 c:/devkitpro/devkitarm/bin/../lib/gcc/arm-none-eabi/11.2.0/../../../../arm-none-eabi/lib/thumb\libg.a(lib_a-tzcalc_limits.o)
                0x00000000020167a0                __tzcalc_limits
 .text.__tz_lock
                0x0000000002016954       0x14 c:/devkitpro/devkitarm/bin/../lib/gcc/arm-none-eabi/11.2.0/../../../../arm-none-eabi/lib/thumb\libg.a(lib_a-tzlock.o)
                0x0000000002016954                __tz_lock
 .text.__tz_unlock
                0x0000000002016968       0x14 c:/devkitpro/devkitarm/bin/../lib/gcc/arm-none-eabi/11.2.0/../../../../arm-none-eabi/lib/thumb\libg.a(lib_a-tzlock.o)
                0x0000000002016968                __tz_unlock
 .text._tzset_unlocked
                0x000000000201697c       0x10 c:/devkitpro/devkitarm/bin/../lib/gcc/arm-none-eabi/11.2.0/../../../../arm-none-eabi/lib/thumb\libg.a(lib_a-tzset.o)
                0x000000000201697c                _tzset_unlocked
 .text._tzset_unlocked_r
                0x000000000201698c      0x370 c:/devkitpro/devkitarm/bin/../lib/gcc/arm-none-eabi/11.2.0/../../../../arm-none-eabi/lib/thumb\libg.a(lib_a-tzset_r.o)
                0x000000000201698c                _tzset_unlocked_r
 .text.__submore
                0x0000000002016cfc       0x88 c:/devkitpro/devkitarm/bin/../lib/gcc/arm-none-eabi/11.2.0/../../../../arm-none-eabi/lib/thumb\libg.a(lib_a-ungetc.o)
                0x0000000002016cfc                __submore
 .text.get_arg  0x0000000002016d84      0x400 c:/devkitpro/devkitarm/bin/../lib/gcc/arm-none-eabi/11.2.0/../../../../arm-none-eabi/lib/thumb\libg.a(lib_a-vfiprintf.o)
 .text.__sprint_r
                0x0000000002017184       0x24 c:/devkitpro/devkitarm/bin/../lib/gcc/arm-none-eabi/11.2.0/../../../../arm-none-eabi/lib/thumb\libg.a(lib_a-vfiprintf.o)
                0x0000000002017184                __sprint_r
 .text._vfiprintf_r
                0x00000000020171a8     0x1710 c:/devkitpro/devkitarm/bin/../lib/gcc/arm-none-eabi/11.2.0/../../../../arm-none-eabi/lib/thumb\libg.a(lib_a-vfiprintf.o)
                0x00000000020171a8                _vfiprintf_r
 .text.__sbprintf
                0x00000000020188b8       0x8c c:/devkitpro/devkitarm/bin/../lib/gcc/arm-none-eabi/11.2.0/../../../../arm-none-eabi/lib/thumb\libg.a(lib_a-vfiprintf.o)
 .text._wcrtomb_r
                0x0000000002018944       0x5c c:/devkitpro/devkitarm/bin/../lib/gcc/arm-none-eabi/11.2.0/../../../../arm-none-eabi/lib/thumb\libg.a(lib_a-wcrtomb.o)
                0x0000000002018944                _wcrtomb_r
 .text.wcrtomb  0x00000000020189a0       0x74 c:/devkitpro/devkitarm/bin/../lib/gcc/arm-none-eabi/11.2.0/../../../../arm-none-eabi/lib/thumb\libg.a(lib_a-wcrtomb.o)
                0x00000000020189a0                wcrtomb
 .text._wcsrtombs_r
                0x0000000002018a14       0x1c c:/devkitpro/devkitarm/bin/../lib/gcc/arm-none-eabi/11.2.0/../../../../arm-none-eabi/lib/thumb\libg.a(lib_a-wcsrtombs.o)
                0x0000000002018a14                _wcsrtombs_r
 .text.wctob    0x0000000002018a30       0x48 c:/devkitpro/devkitarm/bin/../lib/gcc/arm-none-eabi/11.2.0/../../../../arm-none-eabi/lib/thumb\libg.a(lib_a-wctob.o)
                0x0000000002018a30                wctob
 .text.__utf8_wctomb
                0x0000000002018a78       0xb4 c:/devkitpro/devkitarm/bin/../lib/gcc/arm-none-eabi/11.2.0/../../../../arm-none-eabi/lib/thumb\libg.a(lib_a-wctomb_r.o)
                0x0000000002018a78                __utf8_wctomb
 .text.__swsetup_r
                0x0000000002018b2c       0xe4 c:/devkitpro/devkitarm/bin/../lib/gcc/arm-none-eabi/11.2.0/../../../../arm-none-eabi/lib/thumb\libg.a(lib_a-wsetup.o)
                0x0000000002018b2c                __swsetup_r
 .text.div      0x0000000002018c10       0x34 c:/devkitpro/devkitarm/bin/../lib/gcc/arm-none-eabi/11.2.0/../../../../arm-none-eabi/lib/thumb\libg.a(lib_a-div.o)
                0x0000000002018c10                div
 .text.quorem   0x0000000002018c44      0x148 c:/devkitpro/devkitarm/bin/../lib/gcc/arm-none-eabi/11.2.0/../../../../arm-none-eabi/lib/thumb\libg.a(lib_a-dtoa.o)
 .text._dtoa_r  0x0000000002018d8c      0xfc4 c:/devkitpro/devkitarm/bin/../lib/gcc/arm-none-eabi/11.2.0/../../../../arm-none-eabi/lib/thumb\libg.a(lib_a-dtoa.o)
                0x0000000002018d8c                _dtoa_r
 .text.__sflags
                0x0000000002019d50       0xa4 c:/devkitpro/devkitarm/bin/../lib/gcc/arm-none-eabi/11.2.0/../../../../arm-none-eabi/lib/thumb\libg.a(lib_a-flags.o)
                0x0000000002019d50                __sflags
 .text.__sfvwrite_r
                0x0000000002019df4      0x34c c:/devkitpro/devkitarm/bin/../lib/gcc/arm-none-eabi/11.2.0/../../../../arm-none-eabi/lib/thumb\libg.a(lib_a-fvwrite.o)
                0x0000000002019df4                __sfvwrite_r
 .text._findenv_r
                0x000000000201a140       0x94 c:/devkitpro/devkitarm/bin/../lib/gcc/arm-none-eabi/11.2.0/../../../../arm-none-eabi/lib/thumb\libg.a(lib_a-getenv_r.o)
                0x000000000201a140                _findenv_r
 .text._getenv_r
                0x000000000201a1d4       0x10 c:/devkitpro/devkitarm/bin/../lib/gcc/arm-none-eabi/11.2.0/../../../../arm-none-eabi/lib/thumb\libg.a(lib_a-getenv_r.o)
                0x000000000201a1d4                _getenv_r
 .text.__gettzinfo
                0x000000000201a1e4        0x8 c:/devkitpro/devkitarm/bin/../lib/gcc/arm-none-eabi/11.2.0/../../../../arm-none-eabi/lib/thumb\libg.a(lib_a-gettzinfo.o)
                0x000000000201a1e4                __gettzinfo
 .text.gmtime_r
                0x000000000201a1ec      0x1c8 c:/devkitpro/devkitarm/bin/../lib/gcc/arm-none-eabi/11.2.0/../../../../arm-none-eabi/lib/thumb\libg.a(lib_a-gmtime_r.o)
                0x000000000201a1ec                gmtime_r
 .text.iswspace
                0x000000000201a3b4       0x10 c:/devkitpro/devkitarm/bin/../lib/gcc/arm-none-eabi/11.2.0/../../../../arm-none-eabi/lib/thumb\libg.a(lib_a-iswspace.o)
                0x000000000201a3b4                iswspace
 .text._localeconv_r
                0x000000000201a3c4        0x8 c:/devkitpro/devkitarm/bin/../lib/gcc/arm-none-eabi/11.2.0/../../../../arm-none-eabi/lib/thumb\libg.a(lib_a-localeconv.o)
                0x000000000201a3c4                _localeconv_r
 .text._mbsnrtowcs_r
                0x000000000201a3cc       0xbc c:/devkitpro/devkitarm/bin/../lib/gcc/arm-none-eabi/11.2.0/../../../../arm-none-eabi/lib/thumb\libg.a(lib_a-mbsnrtowcs.o)
                0x000000000201a3cc                _mbsnrtowcs_r
 .text.memchr   0x000000000201a488       0x78 c:/devkitpro/devkitarm/bin/../lib/gcc/arm-none-eabi/11.2.0/../../../../arm-none-eabi/lib/thumb\libg.a(lib_a-memchr-stub.o)
                0x000000000201a488                memchr
 .text._Balloc  0x000000000201a500       0x54 c:/devkitpro/devkitarm/bin/../lib/gcc/arm-none-eabi/11.2.0/../../../../arm-none-eabi/lib/thumb\libg.a(lib_a-mprec.o)
                0x000000000201a500                _Balloc
 .text._Bfree   0x000000000201a554       0x14 c:/devkitpro/devkitarm/bin/../lib/gcc/arm-none-eabi/11.2.0/../../../../arm-none-eabi/lib/thumb\libg.a(lib_a-mprec.o)
                0x000000000201a554                _Bfree
 .text.__multadd
                0x000000000201a568       0xac c:/devkitpro/devkitarm/bin/../lib/gcc/arm-none-eabi/11.2.0/../../../../arm-none-eabi/lib/thumb\libg.a(lib_a-mprec.o)
                0x000000000201a568                __multadd
 .text.__hi0bits
                0x000000000201a614       0x38 c:/devkitpro/devkitarm/bin/../lib/gcc/arm-none-eabi/11.2.0/../../../../arm-none-eabi/lib/thumb\libg.a(lib_a-mprec.o)
                0x000000000201a614                __hi0bits
 .text.__lo0bits
                0x000000000201a64c       0x5c c:/devkitpro/devkitarm/bin/../lib/gcc/arm-none-eabi/11.2.0/../../../../arm-none-eabi/lib/thumb\libg.a(lib_a-mprec.o)
                0x000000000201a64c                __lo0bits
 .text.__i2b    0x000000000201a6a8       0x64 c:/devkitpro/devkitarm/bin/../lib/gcc/arm-none-eabi/11.2.0/../../../../arm-none-eabi/lib/thumb\libg.a(lib_a-mprec.o)
                0x000000000201a6a8                __i2b
 .text.__multiply
                0x000000000201a70c      0x1a8 c:/devkitpro/devkitarm/bin/../lib/gcc/arm-none-eabi/11.2.0/../../../../arm-none-eabi/lib/thumb\libg.a(lib_a-mprec.o)
                0x000000000201a70c                __multiply
 .text.__pow5mult
                0x000000000201a8b4       0xd8 c:/devkitpro/devkitarm/bin/../lib/gcc/arm-none-eabi/11.2.0/../../../../arm-none-eabi/lib/thumb\libg.a(lib_a-mprec.o)
                0x000000000201a8b4                __pow5mult
 .text.__lshift
                0x000000000201a98c      0x104 c:/devkitpro/devkitarm/bin/../lib/gcc/arm-none-eabi/11.2.0/../../../../arm-none-eabi/lib/thumb\libg.a(lib_a-mprec.o)
                0x000000000201a98c                __lshift
 .text.__mcmp   0x000000000201aa90       0x38 c:/devkitpro/devkitarm/bin/../lib/gcc/arm-none-eabi/11.2.0/../../../../arm-none-eabi/lib/thumb\libg.a(lib_a-mprec.o)
                0x000000000201aa90                __mcmp
 .text.__mdiff  0x000000000201aac8      0x198 c:/devkitpro/devkitarm/bin/../lib/gcc/arm-none-eabi/11.2.0/../../../../arm-none-eabi/lib/thumb\libg.a(lib_a-mprec.o)
                0x000000000201aac8                __mdiff
 .text.__d2b    0x000000000201ac60       0xd0 c:/devkitpro/devkitarm/bin/../lib/gcc/arm-none-eabi/11.2.0/../../../../arm-none-eabi/lib/thumb\libg.a(lib_a-mprec.o)
                0x000000000201ac60                __d2b
 .text.__sccl   0x000000000201ad30       0x90 c:/devkitpro/devkitarm/bin/../lib/gcc/arm-none-eabi/11.2.0/../../../../arm-none-eabi/lib/thumb\libg.a(lib_a-sccl.o)
                0x000000000201ad30                __sccl
 .text.frexp    0x000000000201adc0       0x68 c:/devkitpro/devkitarm/bin/../lib/gcc/arm-none-eabi/11.2.0/../../../../arm-none-eabi/lib/thumb\libg.a(lib_a-s_frexp.o)
                0x000000000201adc0                frexp
 .text._strtoll_l.constprop.0
                0x000000000201ae28      0x1a4 c:/devkitpro/devkitarm/bin/../lib/gcc/arm-none-eabi/11.2.0/../../../../arm-none-eabi/lib/thumb\libg.a(lib_a-strtoll.o)
 .text._strtoll_r
                0x000000000201afcc        0xc c:/devkitpro/devkitarm/bin/../lib/gcc/arm-none-eabi/11.2.0/../../../../arm-none-eabi/lib/thumb\libg.a(lib_a-strtoll.o)
                0x000000000201afcc                _strtoll_r
 .text._strtoull_l.constprop.0
                0x000000000201afd8      0x1c0 c:/devkitpro/devkitarm/bin/../lib/gcc/arm-none-eabi/11.2.0/../../../../arm-none-eabi/lib/thumb\libg.a(lib_a-strtoull.o)
 .text._strtoull_r
                0x000000000201b198        0xc c:/devkitpro/devkitarm/bin/../lib/gcc/arm-none-eabi/11.2.0/../../../../arm-none-eabi/lib/thumb\libg.a(lib_a-strtoull.o)
                0x000000000201b198                _strtoull_r
 .text._strtoul_l.constprop.0
                0x000000000201b1a4      0x148 c:/devkitpro/devkitarm/bin/../lib/gcc/arm-none-eabi/11.2.0/../../../../arm-none-eabi/lib/thumb\libg.a(lib_a-strtoul.o)
 .text._strtoul_r
                0x000000000201b2ec        0xc c:/devkitpro/devkitarm/bin/../lib/gcc/arm-none-eabi/11.2.0/../../../../arm-none-eabi/lib/thumb\libg.a(lib_a-strtoul.o)
                0x000000000201b2ec                _strtoul_r
 .text.strtoul  0x000000000201b2f8       0x1c c:/devkitpro/devkitarm/bin/../lib/gcc/arm-none-eabi/11.2.0/../../../../arm-none-eabi/lib/thumb\libg.a(lib_a-strtoul.o)
                0x000000000201b2f8                strtoul
 .text.__ssprint_r
                0x000000000201b314      0x124 c:/devkitpro/devkitarm/bin/../lib/gcc/arm-none-eabi/11.2.0/../../../../arm-none-eabi/lib/thumb\libg.a(lib_a-svfiprintf.o)
                0x000000000201b314                __ssprint_r
 .text.towctrans
                0x000000000201b438       0x28 c:/devkitpro/devkitarm/bin/../lib/gcc/arm-none-eabi/11.2.0/../../../../arm-none-eabi/lib/thumb\libg.a(lib_a-towctrans.o)
                0x000000000201b438                towctrans
 .text._wcsnrtombs_l
                0x000000000201b460      0x110 c:/devkitpro/devkitarm/bin/../lib/gcc/arm-none-eabi/11.2.0/../../../../arm-none-eabi/lib/thumb\libg.a(lib_a-wcsnrtombs.o)
                0x000000000201b460                _wcsnrtombs_l
 .text._wcsnrtombs_r
                0x000000000201b570       0x30 c:/devkitpro/devkitarm/bin/../lib/gcc/arm-none-eabi/11.2.0/../../../../arm-none-eabi/lib/thumb\libg.a(lib_a-wcsnrtombs.o)
                0x000000000201b570                _wcsnrtombs_r
 .text.__assert_func
                0x000000000201b5a0       0x40 c:/devkitpro/devkitarm/bin/../lib/gcc/arm-none-eabi/11.2.0/../../../../arm-none-eabi/lib/thumb\libg.a(lib_a-assert.o)
                0x000000000201b5a0                __assert_func
 .text.__env_lock
                0x000000000201b5e0       0x14 c:/devkitpro/devkitarm/bin/../lib/gcc/arm-none-eabi/11.2.0/../../../../arm-none-eabi/lib/thumb\libg.a(lib_a-envlock.o)
                0x000000000201b5e0                __env_lock
 .text.__env_unlock
                0x000000000201b5f4       0x14 c:/devkitpro/devkitarm/bin/../lib/gcc/arm-none-eabi/11.2.0/../../../../arm-none-eabi/lib/thumb\libg.a(lib_a-envlock.o)
                0x000000000201b5f4                __env_unlock
 .text.fiprintf
                0x000000000201b608       0x28 c:/devkitpro/devkitarm/bin/../lib/gcc/arm-none-eabi/11.2.0/../../../../arm-none-eabi/lib/thumb\libg.a(lib_a-fiprintf.o)
                0x000000000201b608                fiprintf
 .text.iswspace_l
                0x000000000201b630       0x2c c:/devkitpro/devkitarm/bin/../lib/gcc/arm-none-eabi/11.2.0/../../../../arm-none-eabi/lib/thumb\libg.a(lib_a-iswspace_l.o)
                0x000000000201b630                iswspace_l
 .text.__jp2uc  0x000000000201b65c      0x154 c:/devkitpro/devkitarm/bin/../lib/gcc/arm-none-eabi/11.2.0/../../../../arm-none-eabi/lib/thumb\libg.a(lib_a-jp2uc.o)
 .text._jp2uc_l
                0x000000000201b7b0       0x6c c:/devkitpro/devkitarm/bin/../lib/gcc/arm-none-eabi/11.2.0/../../../../arm-none-eabi/lib/thumb\libg.a(lib_a-jp2uc.o)
                0x000000000201b7b0                _jp2uc_l
 .text._uc2jp_l
                0x000000000201b81c       0x4c c:/devkitpro/devkitarm/bin/../lib/gcc/arm-none-eabi/11.2.0/../../../../arm-none-eabi/lib/thumb\libg.a(lib_a-jp2uc.o)
                0x000000000201b81c                _uc2jp_l
 .text.towctrans_l
                0x000000000201b868      0x1b4 c:/devkitpro/devkitarm/bin/../lib/gcc/arm-none-eabi/11.2.0/../../../../arm-none-eabi/lib/thumb\libg.a(lib_a-towctrans_l.o)
                0x000000000201b868                towctrans_l
 .text.abort    0x000000000201ba1c       0x10 c:/devkitpro/devkitarm/bin/../lib/gcc/arm-none-eabi/11.2.0/../../../../arm-none-eabi/lib/thumb\libg.a(lib_a-abort.o)
                0x000000000201ba1c                abort
 .text.category
                0x000000000201ba2c       0x54 c:/devkitpro/devkitarm/bin/../lib/gcc/arm-none-eabi/11.2.0/../../../../arm-none-eabi/lib/thumb\libg.a(lib_a-categories.o)
                0x000000000201ba2c                category
 .text._raise_r
                0x000000000201ba80       0x64 c:/devkitpro/devkitarm/bin/../lib/gcc/arm-none-eabi/11.2.0/../../../../arm-none-eabi/lib/thumb\libg.a(lib_a-signal.o)
                0x000000000201ba80                _raise_r
 .text.raise    0x000000000201bae4       0x14 c:/devkitpro/devkitarm/bin/../lib/gcc/arm-none-eabi/11.2.0/../../../../arm-none-eabi/lib/thumb\libg.a(lib_a-signal.o)
                0x000000000201bae4                raise
 .text.null_write
                0x000000000201baf8        0x4 c:/devkitpro/devkitarm/bin/../lib/gcc/arm-none-eabi/11.2.0/../../../../arm-none-eabi/lib/thumb\libsysbase.a(iosupport.o)
 .text.setDefaultDevice
                0x000000000201bafc       0x10 c:/devkitpro/devkitarm/bin/../lib/gcc/arm-none-eabi/11.2.0/../../../../arm-none-eabi/lib/thumb\libsysbase.a(iosupport.o)
                0x000000000201bafc                setDefaultDevice
 .text.FindDevice
                0x000000000201bb0c       0x98 c:/devkitpro/devkitarm/bin/../lib/gcc/arm-none-eabi/11.2.0/../../../../arm-none-eabi/lib/thumb\libsysbase.a(iosupport.o)
                0x000000000201bb0c                FindDevice
 .text.AddDevice
                0x000000000201bba4       0x78 c:/devkitpro/devkitarm/bin/../lib/gcc/arm-none-eabi/11.2.0/../../../../arm-none-eabi/lib/thumb\libsysbase.a(iosupport.o)
                0x000000000201bba4                AddDevice
 .text.GetDeviceOpTab
                0x000000000201bc1c       0x20 c:/devkitpro/devkitarm/bin/../lib/gcc/arm-none-eabi/11.2.0/../../../../arm-none-eabi/lib/thumb\libsysbase.a(iosupport.o)
                0x000000000201bc1c                GetDeviceOpTab
 .text._fstat_r
                0x000000000201bc3c       0x4c c:/devkitpro/devkitarm/bin/../lib/gcc/arm-none-eabi/11.2.0/../../../../arm-none-eabi/lib/thumb\libsysbase.a(fstat.o)
                0x000000000201bc3c                _fstat_r
 .text._getpid_r
                0x000000000201bc88        0xc c:/devkitpro/devkitarm/bin/../lib/gcc/arm-none-eabi/11.2.0/../../../../arm-none-eabi/lib/thumb\libsysbase.a(getpid.o)
                0x000000000201bc88                _getpid_r
 .text._gettimeofday_r
                0x000000000201bc94       0x20 c:/devkitpro/devkitarm/bin/../lib/gcc/arm-none-eabi/11.2.0/../../../../arm-none-eabi/lib/thumb\libsysbase.a(gettod.o)
                0x000000000201bc94                _gettimeofday_r
 .text._isatty_r
                0x000000000201bcb4        0x4 c:/devkitpro/devkitarm/bin/../lib/gcc/arm-none-eabi/11.2.0/../../../../arm-none-eabi/lib/thumb\libsysbase.a(isatty.o)
                0x000000000201bcb4                _isatty_r
 .text._kill_r  0x000000000201bcb8        0xc c:/devkitpro/devkitarm/bin/../lib/gcc/arm-none-eabi/11.2.0/../../../../arm-none-eabi/lib/thumb\libsysbase.a(kill.o)
                0x000000000201bcb8                _kill_r
 .text._lseek_r
                0x000000000201bcc4       0x5c c:/devkitpro/devkitarm/bin/../lib/gcc/arm-none-eabi/11.2.0/../../../../arm-none-eabi/lib/thumb\libsysbase.a(lseek.o)
                0x000000000201bcc4                _lseek_r
 .text._open_r  0x000000000201bd20       0x9c c:/devkitpro/devkitarm/bin/../lib/gcc/arm-none-eabi/11.2.0/../../../../arm-none-eabi/lib/thumb\libsysbase.a(open.o)
                0x000000000201bd20                _open_r
 .text._read_r  0x000000000201bdbc       0x50 c:/devkitpro/devkitarm/bin/../lib/gcc/arm-none-eabi/11.2.0/../../../../arm-none-eabi/lib/thumb\libsysbase.a(read.o)
                0x000000000201bdbc                _read_r
 .text._sbrk_r  0x000000000201be0c       0x54 c:/devkitpro/devkitarm/bin/../lib/gcc/arm-none-eabi/11.2.0/../../../../arm-none-eabi/lib/thumb\libsysbase.a(sbrk.o)
                0x000000000201be0c                _sbrk_r
 .text._write_r
                0x000000000201be60       0x50 c:/devkitpro/devkitarm/bin/../lib/gcc/arm-none-eabi/11.2.0/../../../../arm-none-eabi/lib/thumb\libsysbase.a(write.o)
                0x000000000201be60                _write_r
 .text._exit    0x000000000201beb0       0x14 c:/devkitpro/devkitarm/bin/../lib/gcc/arm-none-eabi/11.2.0/../../../../arm-none-eabi/lib/thumb\libsysbase.a(_exit.o)
                0x000000000201beb0                _exit
 .text._concatenate_path
                0x000000000201bec4      0x128 c:/devkitpro/devkitarm/bin/../lib/gcc/arm-none-eabi/11.2.0/../../../../arm-none-eabi/lib/thumb\libsysbase.a(chdir.o)
                0x000000000201bec4                _concatenate_path
 .text.chdir    0x000000000201bfec       0xf0 c:/devkitpro/devkitarm/bin/../lib/gcc/arm-none-eabi/11.2.0/../../../../arm-none-eabi/lib/thumb\libsysbase.a(chdir.o)
                0x000000000201bfec                chdir
 .text.getcwd   0x000000000201c0dc       0x60 c:/devkitpro/devkitarm/bin/../lib/gcc/arm-none-eabi/11.2.0/../../../../arm-none-eabi/lib/thumb\libsysbase.a(chdir.o)
                0x000000000201c0dc                getcwd
 .text.build_argv
                0x000000000201c13c       0x4c c:/devkitpro/devkitarm/bin/../lib/gcc/arm-none-eabi/11.2.0/../../../../arm-none-eabi/lib/thumb\libsysbase.a(build_argv.o)
                0x000000000201c13c                build_argv
 .text.__flockfile
                0x000000000201c188       0x10 c:/devkitpro/devkitarm/bin/../lib/gcc/arm-none-eabi/11.2.0/../../../../arm-none-eabi/lib/thumb\libsysbase.a(flock.o)
                0x000000000201c188                __flockfile
 .text.__funlockfile
                0x000000000201c198       0x10 c:/devkitpro/devkitarm/bin/../lib/gcc/arm-none-eabi/11.2.0/../../../../arm-none-eabi/lib/thumb\libsysbase.a(flock.o)
                0x000000000201c198                __funlockfile
 .text.__release_handle
                0x000000000201c1a8       0x68 c:/devkitpro/devkitarm/bin/../lib/gcc/arm-none-eabi/11.2.0/../../../../arm-none-eabi/lib/thumb\libsysbase.a(handle_manager.o)
                0x000000000201c1a8                __release_handle
 .text.__alloc_handle
                0x000000000201c210       0x80 c:/devkitpro/devkitarm/bin/../lib/gcc/arm-none-eabi/11.2.0/../../../../arm-none-eabi/lib/thumb\libsysbase.a(handle_manager.o)
                0x000000000201c210                __alloc_handle
 .text.__get_handle
                0x000000000201c290       0x34 c:/devkitpro/devkitarm/bin/../lib/gcc/arm-none-eabi/11.2.0/../../../../arm-none-eabi/lib/thumb\libsysbase.a(handle_manager.o)
                0x000000000201c290                __get_handle
 .text._close_r
                0x000000000201c2c4       0xb8 c:/devkitpro/devkitarm/bin/../lib/gcc/arm-none-eabi/11.2.0/../../../../arm-none-eabi/lib/thumb\libsysbase.a(handle_manager.o)
                0x000000000201c2c4                _close_r
 .text.__getreent
                0x000000000201c37c       0x20 c:/devkitpro/devkitarm/bin/../lib/gcc/arm-none-eabi/11.2.0/../../../../arm-none-eabi/lib/thumb\libsysbase.a(getreent.o)
                0x000000000201c37c                __getreent
 .text.__libc_lock_acquire
                0x000000000201c39c       0x18 c:/devkitpro/devkitarm/bin/../lib/gcc/arm-none-eabi/11.2.0/../../../../arm-none-eabi/lib/thumb\libsysbase.a(syscall_support.o)
                0x000000000201c39c                __libc_lock_acquire
 .text.__libc_lock_release
                0x000000000201c3b4       0x18 c:/devkitpro/devkitarm/bin/../lib/gcc/arm-none-eabi/11.2.0/../../../../arm-none-eabi/lib/thumb\libsysbase.a(syscall_support.o)
                0x000000000201c3b4                __libc_lock_release
 .text.__libc_lock_init_recursive
                0x000000000201c3cc       0x18 c:/devkitpro/devkitarm/bin/../lib/gcc/arm-none-eabi/11.2.0/../../../../arm-none-eabi/lib/thumb\libsysbase.a(syscall_support.o)
                0x000000000201c3cc                __libc_lock_init_recursive
 .text.__libc_lock_acquire_recursive
                0x000000000201c3e4       0x18 c:/devkitpro/devkitarm/bin/../lib/gcc/arm-none-eabi/11.2.0/../../../../arm-none-eabi/lib/thumb\libsysbase.a(syscall_support.o)
                0x000000000201c3e4                __libc_lock_acquire_recursive
 .text.__libc_lock_release_recursive
                0x000000000201c3fc       0x18 c:/devkitpro/devkitarm/bin/../lib/gcc/arm-none-eabi/11.2.0/../../../../arm-none-eabi/lib/thumb\libsysbase.a(syscall_support.o)
                0x000000000201c3fc                __libc_lock_release_recursive
 .text.__libc_lock_close_recursive
                0x000000000201c414       0x18 c:/devkitpro/devkitarm/bin/../lib/gcc/arm-none-eabi/11.2.0/../../../../arm-none-eabi/lib/thumb\libsysbase.a(syscall_support.o)
                0x000000000201c414                __libc_lock_close_recursive
 *fill*         0x000000000201c42c        0x4 ff
 .text.__libc_lock_close_recursive.__stub
                0x000000000201c430      0x110 linker stubs
 *(EXCLUDE_FILE(*.twl*) .gnu.warning)
 *(EXCLUDE_FILE(*.twl*) .gnu.linkonce.t*)
 *(.glue_7)
 .glue_7        0x000000000201c550        0x0 linker stubs
 *(.glue_7t)
 .glue_7t       0x000000000201c550        0x0 linker stubs
                0x000000000201c550                . = ALIGN (0x4)

.vfp11_veneer   0x000000000201c550        0x0
 .vfp11_veneer  0x000000000201c550        0x0 linker stubs

.v4_bx          0x000000000201c550        0x0
 .v4_bx         0x000000000201c550        0x0 linker stubs

.iplt           0x000000000201c550        0x0
 .iplt          0x000000000201c550        0x0 c:/devkitpro/devkitarm/bin/../lib/gcc/arm-none-eabi/11.2.0/../../../../arm-none-eabi/lib/thumb/ds_arm9_crt0.o

.fini           0x000000000201c550        0xc
 *(.fini)
 .fini          0x000000000201c550        0x4 c:/devkitpro/devkitarm/bin/../lib/gcc/arm-none-eabi/11.2.0/thumb/crti.o
                0x000000000201c550                _fini
 .fini          0x000000000201c554        0x8 c:/devkitpro/devkitarm/bin/../lib/gcc/arm-none-eabi/11.2.0/thumb/crtn.o
                0x000000000201c55c                __text_end = .

.rodata         0x000000000201c560     0x98e0
 *(EXCLUDE_FILE(*.twl*) .rodata)
 .rodata        0x000000000201c560       0x50 E:/Repos/DS-Creator/DSTest/Snake/nflib/lib\libnflib.a(nf_basic.o)
 *all.rodata*(*)
 *(EXCLUDE_FILE(*.twl*) .roda)
 *(EXCLUDE_FILE(*.twl*) .rodata.*)
 .rodata.str1.4
                0x000000000201c5b0       0x1d main.o
 *fill*         0x000000000201c5cd        0x3 ff
 .rodata.str1.4
                0x000000000201c5d0       0x27 E:/Repos/DS-Creator/DSTest/Snake/nflib/lib\libnflib.a(nf_2d.o)
                                         0x28 (size before relaxing)
 *fill*         0x000000000201c5f7        0x1 ff
 .rodata.str1.4
                0x000000000201c5f8      0x61b E:/Repos/DS-Creator/DSTest/Snake/nflib/lib\libnflib.a(nf_basic.o)
                                        0x628 (size before relaxing)
 *fill*         0x000000000201cc13        0x1 ff
 .rodata.str1.4
                0x000000000201cc14       0x70 E:/Repos/DS-Creator/DSTest/Snake/nflib/lib\libnflib.a(nf_sprite256.o)
                                         0x7c (size before relaxing)
 .rodata.nitroFSInit.str1.4
                0x000000000201cc84        0x8 C:/devkitPro/libnds/lib\libfilesystem.a(nitrofs.o)
 .rodata.str1.4
                0x000000000201cc84        0xe C:/devkitPro/libnds/lib\libfilesystem.a(nitrofs.o)
 *fill*         0x000000000201cc92        0x2 ff
 .rodata.fatMount.part.0.str1.4
                0x000000000201cc94        0x2 C:/devkitPro/libnds/lib\libfat.a(libfat.o)
 *fill*         0x000000000201cc96        0x2 ff
 .rodata.fatInit.str1.4
                0x000000000201cc98        0x3 C:/devkitPro/libnds/lib\libfat.a(libfat.o)
 *fill*         0x000000000201cc9b        0x1 ff
 .rodata.str1.4
                0x000000000201cc9c        0x4 C:/devkitPro/libnds/lib\libfat.a(libfat.o)
 .rodata.dotab_fat
                0x000000000201cca0       0x70 C:/devkitPro/libnds/lib\libfat.a(libfat.o)
 .rodata.str1.4
                0x000000000201cd10        0x3 C:/devkitPro/libnds/lib\libfat.a(disc.o)
                                          0x8 (size before relaxing)
 *fill*         0x000000000201cd13        0x1 ff
 .rodata._FAT_disc_interfaces
                0x000000000201cd14       0x18 C:/devkitPro/libnds/lib\libfat.a(disc.o)
                0x000000000201cd14                _FAT_disc_interfaces
 .rodata._FAT_directory_entryFromPath.str1.4
                0x000000000201cd2c        0x7 C:/devkitPro/libnds/lib\libfat.a(directory.o)
 .rodata.ILLEGAL_ALIAS_CHARACTERS
                0x000000000201cd2c       0x12 C:/devkitPro/libnds/lib\libfat.a(directory.o)
 *fill*         0x000000000201cd3e        0x2 ff
 .rodata.ILLEGAL_LFN_CHARACTERS
                0x000000000201cd40        0xa C:/devkitPro/libnds/lib\libfat.a(directory.o)
 *fill*         0x000000000201cd4a        0x2 ff
 .rodata.LFN_offset_table
                0x000000000201cd4c       0x34 C:/devkitPro/libnds/lib\libfat.a(directory.o)
 .rodata.FAT_SIG
                0x000000000201cd80        0x3 C:/devkitPro/libnds/lib\libfat.a(partition.o)
 *fill*         0x000000000201cd83        0x1 ff
 .rodata.FS_TWL_SIG
                0x000000000201cd84        0x8 C:/devkitPro/libnds/lib\libfat.a(partition.o)
 .rodata.con_write.str1.4
                0x000000000201cd8c       0x30 C:/devkitPro/libnds/lib\libnds9.a(console.o)
 .rodata.con_write
                0x000000000201cdbc       0xd4 C:/devkitPro/libnds/lib\libnds9.a(console.o)
 .rodata.consoleClear.str1.4
                0x000000000201ce90        0x5 C:/devkitPro/libnds/lib\libnds9.a(console.o)
 *fill*         0x000000000201ce95        0x3 ff
 .rodata.str1.4
                0x000000000201ce98       0x14 C:/devkitPro/libnds/lib\libnds9.a(console.o)
 .rodata.dotab_stdout
                0x000000000201ceac       0x70 C:/devkitPro/libnds/lib\libnds9.a(console.o)
 .rodata.default_font_bin
                0x000000000201cf1c     0x2000 C:/devkitPro/libnds/lib\libnds9.a(default_font.bin.o)
                0x000000000201cf1c                default_font_bin
                0x000000000201ef1c                default_font_bin_end
 .rodata.SIN_LUT
                0x000000000201ef1c      0x102 C:/devkitPro/libnds/lib\libnds9.a(trig.o)
                0x000000000201ef1c                SIN_LUT
 *fill*         0x000000000201f01e        0x2 ff
 .rodata._ctype_
                0x000000000201f020      0x101 c:/devkitpro/devkitarm/bin/../lib/gcc/arm-none-eabi/11.2.0/../../../../arm-none-eabi/lib/thumb\libg.a(lib_a-ctype_.o)
                0x000000000201f020                _ctype_
 *fill*         0x000000000201f121        0x3 ff
 .rodata._global_impure_ptr
                0x000000000201f124        0x4 c:/devkitpro/devkitarm/bin/../lib/gcc/arm-none-eabi/11.2.0/../../../../arm-none-eabi/lib/thumb\libg.a(lib_a-impure.o)
                0x000000000201f124                _global_impure_ptr
 .rodata.str1.4
                0x000000000201f128       0x44 c:/devkitpro/devkitarm/bin/../lib/gcc/arm-none-eabi/11.2.0/../../../../arm-none-eabi/lib/thumb\libg.a(lib_a-locale.o)
                                         0x4c (size before relaxing)
 .rodata._mbrtowc_r.str1.4
                0x000000000201f16c        0x1 c:/devkitpro/devkitarm/bin/../lib/gcc/arm-none-eabi/11.2.0/../../../../arm-none-eabi/lib/thumb\libg.a(lib_a-mbrtowc.o)
 .rodata.DAYS_IN_MONTH
                0x000000000201f16c       0x30 c:/devkitpro/devkitarm/bin/../lib/gcc/arm-none-eabi/11.2.0/../../../../arm-none-eabi/lib/thumb\libg.a(lib_a-mktime.o)
 .rodata._DAYS_BEFORE_MONTH
                0x000000000201f19c       0x30 c:/devkitpro/devkitarm/bin/../lib/gcc/arm-none-eabi/11.2.0/../../../../arm-none-eabi/lib/thumb\libg.a(lib_a-mktime.o)
 .rodata.__month_lengths
                0x000000000201f1cc       0x60 c:/devkitpro/devkitarm/bin/../lib/gcc/arm-none-eabi/11.2.0/../../../../arm-none-eabi/lib/thumb\libg.a(lib_a-month_lengths.o)
                0x000000000201f1cc                __month_lengths
 .rodata.basefix.0
                0x000000000201f22c       0x22 c:/devkitpro/devkitarm/bin/../lib/gcc/arm-none-eabi/11.2.0/../../../../arm-none-eabi/lib/thumb\libg.a(lib_a-svfiscanf.o)
 .rodata._svfprintf_r.str1.1
                0x000000000201f24e       0x3b c:/devkitpro/devkitarm/bin/../lib/gcc/arm-none-eabi/11.2.0/../../../../arm-none-eabi/lib/thumb\libg.a(lib_a-svfprintf.o)
 *fill*         0x000000000201f289        0x3 ff
 .rodata.blanks.1
                0x000000000201f28c       0x10 c:/devkitpro/devkitarm/bin/../lib/gcc/arm-none-eabi/11.2.0/../../../../arm-none-eabi/lib/thumb\libg.a(lib_a-svfprintf.o)
 .rodata.zeroes.0
                0x000000000201f29c       0x10 c:/devkitpro/devkitarm/bin/../lib/gcc/arm-none-eabi/11.2.0/../../../../arm-none-eabi/lib/thumb\libg.a(lib_a-svfprintf.o)
 .rodata._tzset_unlocked_r.str1.4
                0x000000000201f2ac       0x53 c:/devkitpro/devkitarm/bin/../lib/gcc/arm-none-eabi/11.2.0/../../../../arm-none-eabi/lib/thumb\libg.a(lib_a-tzset_r.o)
 .rodata.str1.4
                0x000000000201f2ff        0x4 c:/devkitpro/devkitarm/bin/../lib/gcc/arm-none-eabi/11.2.0/../../../../arm-none-eabi/lib/thumb\libg.a(lib_a-tzvars.o)
 .rodata._vfiprintf_r.str1.1
                0x000000000201f2ff       0x29 c:/devkitpro/devkitarm/bin/../lib/gcc/arm-none-eabi/11.2.0/../../../../arm-none-eabi/lib/thumb\libg.a(lib_a-vfiprintf.o)
 *fill*         0x000000000201f2ff        0x1 ff
 .rodata.blanks.1
                0x000000000201f300       0x10 c:/devkitpro/devkitarm/bin/../lib/gcc/arm-none-eabi/11.2.0/../../../../arm-none-eabi/lib/thumb\libg.a(lib_a-vfiprintf.o)
 .rodata.zeroes.0
                0x000000000201f310       0x10 c:/devkitpro/devkitarm/bin/../lib/gcc/arm-none-eabi/11.2.0/../../../../arm-none-eabi/lib/thumb\libg.a(lib_a-vfiprintf.o)
 .rodata._dtoa_r.str1.4
                0x000000000201f320       0x64 c:/devkitpro/devkitarm/bin/../lib/gcc/arm-none-eabi/11.2.0/../../../../arm-none-eabi/lib/thumb\libg.a(lib_a-dtoa.o)
 .rodata.__multadd.str1.4
                0x000000000201f384       0x3d c:/devkitpro/devkitarm/bin/../lib/gcc/arm-none-eabi/11.2.0/../../../../arm-none-eabi/lib/thumb\libg.a(lib_a-mprec.o)
                                         0x51 (size before relaxing)
 *fill*         0x000000000201f3c1        0x7 ff
 .rodata.__mprec_bigtens
                0x000000000201f3c8       0x28 c:/devkitpro/devkitarm/bin/../lib/gcc/arm-none-eabi/11.2.0/../../../../arm-none-eabi/lib/thumb\libg.a(lib_a-mprec.o)
                0x000000000201f3c8                __mprec_bigtens
 .rodata.__mprec_tens
                0x000000000201f3f0       0xc8 c:/devkitpro/devkitarm/bin/../lib/gcc/arm-none-eabi/11.2.0/../../../../arm-none-eabi/lib/thumb\libg.a(lib_a-mprec.o)
                0x000000000201f3f0                __mprec_tens
 .rodata.p05.0  0x000000000201f4b8        0xc c:/devkitpro/devkitarm/bin/../lib/gcc/arm-none-eabi/11.2.0/../../../../arm-none-eabi/lib/thumb\libg.a(lib_a-mprec.o)
 .rodata.__action_table
                0x000000000201f4c4       0x6c c:/devkitpro/devkitarm/bin/../lib/gcc/arm-none-eabi/11.2.0/../../../../arm-none-eabi/lib/thumb\libg.a(lib_a-svfiprintf.o)
                0x000000000201f4c4                __action_table
 .rodata.__chclass
                0x000000000201f530      0x100 c:/devkitpro/devkitarm/bin/../lib/gcc/arm-none-eabi/11.2.0/../../../../arm-none-eabi/lib/thumb\libg.a(lib_a-svfiprintf.o)
                0x000000000201f530                __chclass
 .rodata.__state_table
                0x000000000201f630       0x6c c:/devkitpro/devkitarm/bin/../lib/gcc/arm-none-eabi/11.2.0/../../../../arm-none-eabi/lib/thumb\libg.a(lib_a-svfiprintf.o)
                0x000000000201f630                __state_table
 .rodata.__assert_func.str1.4
                0x000000000201f69c       0x3f c:/devkitpro/devkitarm/bin/../lib/gcc/arm-none-eabi/11.2.0/../../../../arm-none-eabi/lib/thumb\libg.a(lib_a-assert.o)
                                         0x43 (size before relaxing)
 *fill*         0x000000000201f6db        0x1 ff
 .rodata.__jp2uc
                0x000000000201f6dc       0x20 c:/devkitpro/devkitarm/bin/../lib/gcc/arm-none-eabi/11.2.0/../../../../arm-none-eabi/lib/thumb\libg.a(lib_a-jp2uc.o)
 .rodata._jp2uc_l.str1.4
                0x000000000201f6fc       0x12 c:/devkitpro/devkitarm/bin/../lib/gcc/arm-none-eabi/11.2.0/../../../../arm-none-eabi/lib/thumb\libg.a(lib_a-jp2uc.o)
 *fill*         0x000000000201f70e        0x2 ff
 .rodata.a1     0x000000000201f710       0xbc c:/devkitpro/devkitarm/bin/../lib/gcc/arm-none-eabi/11.2.0/../../../../arm-none-eabi/lib/thumb\libg.a(lib_a-jp2uc.o)
 .rodata.a2     0x000000000201f7cc       0xbc c:/devkitpro/devkitarm/bin/../lib/gcc/arm-none-eabi/11.2.0/../../../../arm-none-eabi/lib/thumb\libg.a(lib_a-jp2uc.o)
 .rodata.a3     0x000000000201f888       0x5b c:/devkitpro/devkitarm/bin/../lib/gcc/arm-none-eabi/11.2.0/../../../../arm-none-eabi/lib/thumb\libg.a(lib_a-jp2uc.o)
 *fill*         0x000000000201f8e3        0x1 ff
 .rodata.a6     0x000000000201f8e4       0x70 c:/devkitpro/devkitarm/bin/../lib/gcc/arm-none-eabi/11.2.0/../../../../arm-none-eabi/lib/thumb\libg.a(lib_a-jp2uc.o)
 .rodata.a7     0x000000000201f954       0xa2 c:/devkitpro/devkitarm/bin/../lib/gcc/arm-none-eabi/11.2.0/../../../../arm-none-eabi/lib/thumb\libg.a(lib_a-jp2uc.o)
 *fill*         0x000000000201f9f6        0x2 ff
 .rodata.a8     0x000000000201f9f8       0x40 c:/devkitpro/devkitarm/bin/../lib/gcc/arm-none-eabi/11.2.0/../../../../arm-none-eabi/lib/thumb\libg.a(lib_a-jp2uc.o)
 .rodata.b02cf  0x000000000201fa38     0x172a c:/devkitpro/devkitarm/bin/../lib/gcc/arm-none-eabi/11.2.0/../../../../arm-none-eabi/lib/thumb\libg.a(lib_a-jp2uc.o)
 *fill*         0x0000000002021162        0x2 ff
 .rodata.d02f4  0x0000000002021164     0x1a7c c:/devkitpro/devkitarm/bin/../lib/gcc/arm-none-eabi/11.2.0/../../../../arm-none-eabi/lib/thumb\libg.a(lib_a-jp2uc.o)
 .rodata.categories
                0x0000000002022be0     0x31e6 c:/devkitpro/devkitarm/bin/../lib/gcc/arm-none-eabi/11.2.0/../../../../arm-none-eabi/lib/thumb\libg.a(lib_a-categories.o)
 *fill*         0x0000000002025dc6        0x2 ff
 .rodata.AddDevice.str1.4
                0x0000000002025dc8        0x8 c:/devkitpro/devkitarm/bin/../lib/gcc/arm-none-eabi/11.2.0/../../../../arm-none-eabi/lib/thumb\libsysbase.a(iosupport.o)
 .rodata.dotab_stdnull
                0x0000000002025dd0       0x70 c:/devkitpro/devkitarm/bin/../lib/gcc/arm-none-eabi/11.2.0/../../../../arm-none-eabi/lib/thumb\libsysbase.a(iosupport.o)