Archive member included to satisfy reference by file (symbol)

C:/devkitPro/libnds/lib\libnds9.a(background.o)
                              main.o (bgState)
C:/devkitPro/libnds/lib\libnds9.a(trig.o)
                              C:/devkitPro/libnds/lib\libnds9.a(background.o) (sinLerp)
C:/devkitPro/libnds/lib\libnds9.a(touch.o)
                              main.o (touchRead)
C:/devkitPro/libnds/lib\libnds9.a(sprite.o)
                              main.o (oamInit)
C:/devkitPro/libnds/lib\libnds9.a(keys.o)
                              main.o (scanKeys)
C:/devkitPro/libnds/lib\libnds9.a(initSystem.o)
                              c:/devkitpro/devkitarm/bin/../lib/gcc/arm-none-eabi/11.2.0/../../../../arm-none-eabi/lib/ds_arm9_crt0.o (initSystem)
C:/devkitPro/libnds/lib\libnds9.a(securearea.o)
                              c:/devkitpro/devkitarm/bin/../lib/gcc/arm-none-eabi/11.2.0/../../../../arm-none-eabi/lib/ds_arm9_crt0.o (__secure_area__)
C:/devkitPro/libnds/lib\libnds9.a(interrupts.o)
                              C:/devkitPro/libnds/lib\libnds9.a(initSystem.o) (irqInit)
C:/devkitPro/libnds/lib\libnds9.a(libnds_exit.arm.o)
                              c:/devkitpro/devkitarm/bin/../lib/gcc/arm-none-eabi/11.2.0/../../../../arm-none-eabi/lib/ds_arm9_crt0.o (__libnds_exit)
C:/devkitPro/libnds/lib\libnds9.a(fifosystem.o)
                              C:/devkitPro/libnds/lib\libnds9.a(initSystem.o) (fifoSetValue32Handler)
C:/devkitPro/libnds/lib\libnds9.a(dcache.o)
                              C:/devkitPro/libnds/lib\libnds9.a(sprite.o) (DC_FlushRange)
C:/devkitPro/libnds/lib\libnds9.a(mpu_setup.o)
                              c:/devkitpro/devkitarm/bin/../lib/gcc/arm-none-eabi/11.2.0/../../../../arm-none-eabi/lib/ds_arm9_crt0.o (__libnds_mpu_setup)
C:/devkitPro/libnds/lib\libnds9.a(IntrWait.o)
                              main.o (swiWaitForVBlank)
C:/devkitPro/libnds/lib\libnds9.a(cpu_clock.o)
                              C:/devkitPro/libnds/lib\libnds9.a(initSystem.o) (setCpuClock)
C:/devkitPro/libnds/lib\libnds9.a(interruptDispatcher.o)
                              C:/devkitPro/libnds/lib\libnds9.a(interrupts.o) (IntrMain)
C:/devkitPro/libnds/lib\libnds9.a(swiSoftReset.o)
                              C:/devkitPro/libnds/lib\libnds9.a(fifosystem.o) (swiSoftReset)
C:/devkitPro/libnds/lib\libnds9.a(video.o)
                              C:/devkitPro/libnds/lib\libnds9.a(initSystem.o) (vramDefault)
C:/devkitPro/libnds/lib\libnds9.a(sprite_alloc.o)
                              C:/devkitPro/libnds/lib\libnds9.a(sprite.o) (oamAllocReset)
C:/devkitPro/libnds/lib\libnds9.a(system.o)
                              C:/devkitPro/libnds/lib\libnds9.a(initSystem.o) (systemValueHandler)
C:/devkitPro/libnds/lib\libnds9.a(biosCalls.o)
                              C:/devkitPro/libnds/lib\libnds9.a(system.o) (swiDelay)
c:/devkitpro/devkitarm/bin/../lib/gcc/arm-none-eabi/11.2.0/../../../../arm-none-eabi/lib\libg.a(lib_a-bsearch.o)
                              C:/devkitPro/libnds/lib\libnds9.a(trig.o) (bsearch)
c:/devkitpro/devkitarm/bin/../lib/gcc/arm-none-eabi/11.2.0/../../../../arm-none-eabi/lib\libg.a(lib_a-init.o)
                              c:/devkitpro/devkitarm/bin/../lib/gcc/arm-none-eabi/11.2.0/../../../../arm-none-eabi/lib/ds_arm9_crt0.o (__libc_init_array)
c:/devkitpro/devkitarm/bin/../lib/gcc/arm-none-eabi/11.2.0/../../../../arm-none-eabi/lib\libg.a(lib_a-malloc.o)
                              C:/devkitPro/libnds/lib\libnds9.a(sprite_alloc.o) (malloc)
c:/devkitpro/devkitarm/bin/../lib/gcc/arm-none-eabi/11.2.0/../../../../arm-none-eabi/lib\libg.a(lib_a-mallocr.o)
                              c:/devkitpro/devkitarm/bin/../lib/gcc/arm-none-eabi/11.2.0/../../../../arm-none-eabi/lib\libg.a(lib_a-malloc.o) (_malloc_r)
c:/devkitpro/devkitarm/bin/../lib/gcc/arm-none-eabi/11.2.0/../../../../arm-none-eabi/lib\libg.a(lib_a-memcpy-stub.o)
                              main.o (memcpy)
c:/devkitpro/devkitarm/bin/../lib/gcc/arm-none-eabi/11.2.0/../../../../arm-none-eabi/lib\libg.a(lib_a-memset.o)
                              C:/devkitPro/libnds/lib\libnds9.a(background.o) (memset)
c:/devkitpro/devkitarm/bin/../lib/gcc/arm-none-eabi/11.2.0/../../../../arm-none-eabi/lib\libg.a(lib_a-mlock.o)
                              c:/devkitpro/devkitarm/bin/../lib/gcc/arm-none-eabi/11.2.0/../../../../arm-none-eabi/lib\libg.a(lib_a-mallocr.o) (__malloc_lock)
c:/devkitpro/devkitarm/bin/../lib/gcc/arm-none-eabi/11.2.0/../../../../arm-none-eabi/lib\libg.a(lib_a-realloc.o)
                              C:/devkitPro/libnds/lib\libnds9.a(sprite_alloc.o) (realloc)
c:/devkitpro/devkitarm/bin/../lib/gcc/arm-none-eabi/11.2.0/../../../../arm-none-eabi/lib\libg.a(lib_a-reallocr.o)
                              c:/devkitpro/devkitarm/bin/../lib/gcc/arm-none-eabi/11.2.0/../../../../arm-none-eabi/lib\libg.a(lib_a-realloc.o) (_realloc_r)
c:/devkitpro/devkitarm/bin/../lib/gcc/arm-none-eabi/11.2.0/../../../../arm-none-eabi/lib\libg.a(lib_a-freer.o)
                              c:/devkitpro/devkitarm/bin/../lib/gcc/arm-none-eabi/11.2.0/../../../../arm-none-eabi/lib\libg.a(lib_a-malloc.o) (_free_r)
c:/devkitpro/devkitarm/bin/../lib/gcc/arm-none-eabi/11.2.0/../../../../arm-none-eabi/lib\libg.a(lib_a-memmove.o)
                              c:/devkitpro/devkitarm/bin/../lib/gcc/arm-none-eabi/11.2.0/../../../../arm-none-eabi/lib\libg.a(lib_a-reallocr.o) (memmove)
c:/devkitpro/devkitarm/bin/../lib/gcc/arm-none-eabi/11.2.0/../../../../arm-none-eabi/lib\libsysbase.a(sbrk.o)
                              c:/devkitpro/devkitarm/bin/../lib/gcc/arm-none-eabi/11.2.0/../../../../arm-none-eabi/lib\libg.a(lib_a-mallocr.o) (_sbrk_r)
c:/devkitpro/devkitarm/bin/../lib/gcc/arm-none-eabi/11.2.0/../../../../arm-none-eabi/lib\libsysbase.a(malloc_vars.o)
                              c:/devkitpro/devkitarm/bin/../lib/gcc/arm-none-eabi/11.2.0/../../../../arm-none-eabi/lib/ds_arm9_crt0.o (fake_heap_start)
c:/devkitpro/devkitarm/bin/../lib/gcc/arm-none-eabi/11.2.0/../../../../arm-none-eabi/lib\libsysbase.a(build_argv.o)
                              c:/devkitpro/devkitarm/bin/../lib/gcc/arm-none-eabi/11.2.0/../../../../arm-none-eabi/lib/ds_arm9_crt0.o (build_argv)
c:/devkitpro/devkitarm/bin/../lib/gcc/arm-none-eabi/11.2.0/../../../../arm-none-eabi/lib\libsysbase.a(getreent.o)
                              c:/devkitpro/devkitarm/bin/../lib/gcc/arm-none-eabi/11.2.0/../../../../arm-none-eabi/lib\libg.a(lib_a-malloc.o) (__getreent)
c:/devkitpro/devkitarm/bin/../lib/gcc/arm-none-eabi/11.2.0/../../../../arm-none-eabi/lib\libsysbase.a(syscall_support.o)
                              c:/devkitpro/devkitarm/bin/../lib/gcc/arm-none-eabi/11.2.0/../../../../arm-none-eabi/lib\libg.a(lib_a-mlock.o) (__libc_lock_acquire_recursive)
c:/devkitpro/devkitarm/bin/../lib/gcc/arm-none-eabi/11.2.0/../../../../arm-none-eabi/lib\libg.a(lib_a-impure.o)
                              c:/devkitpro/devkitarm/bin/../lib/gcc/arm-none-eabi/11.2.0/../../../../arm-none-eabi/lib\libsysbase.a(getreent.o) (_impure_ptr)

Discarded input sections

 .text          0x0000000000000000        0x0 c:/devkitpro/devkitarm/bin/../lib/gcc/arm-none-eabi/11.2.0/../../../../arm-none-eabi/lib/ds_arm9_crt0.o
 .data          0x0000000000000000        0x0 c:/devkitpro/devkitarm/bin/../lib/gcc/arm-none-eabi/11.2.0/../../../../arm-none-eabi/lib/ds_arm9_crt0.o
 .bss           0x0000000000000000        0x0 c:/devkitpro/devkitarm/bin/../lib/gcc/arm-none-eabi/11.2.0/../../../../arm-none-eabi/lib/ds_arm9_crt0.o
 .text          0x0000000000000000        0x0 c:/devkitpro/devkitarm/bin/../lib/gcc/arm-none-eabi/11.2.0/crti.o
 .data          0x0000000000000000        0x0 c:/devkitpro/devkitarm/bin/../lib/gcc/arm-none-eabi/11.2.0/crti.o
 .bss           0x0000000000000000        0x0 c:/devkitpro/devkitarm/bin/../lib/gcc/arm-none-eabi/11.2.0/crti.o
 .text          0x0000000000000000        0x0 c:/devkitpro/devkitarm/bin/../lib/gcc/arm-none-eabi/11.2.0/crtbegin.o
 .data          0x0000000000000000        0x0 c:/devkitpro/devkitarm/bin/../lib/gcc/arm-none-eabi/11.2.0/crtbegin.o
 .bss           0x0000000000000000        0x0 c:/devkitpro/devkitarm/bin/../lib/gcc/arm-none-eabi/11.2.0/crtbegin.o
 .rodata.all_implied_fbits
                0x0000000000000000       0x24 c:/devkitpro/devkitarm/bin/../lib/gcc/arm-none-eabi/11.2.0/crtbegin.o
 .data.__dso_handle
                0x0000000000000000        0x4 c:/devkitpro/devkitarm/bin/../lib/gcc/arm-none-eabi/11.2.0/crtbegin.o
 .text          0x0000000000000000        0x0 ball.o
 .data          0x0000000000000000        0x0 ball.o
 .bss           0x0000000000000000        0x0 ball.o
 .rodata        0x0000000000000000      0x600 ball.o
 .ARM.attributes
                0x0000000000000000       0x1b ball.o
 .text          0x0000000000000000        0x0 Cart.o
 .data          0x0000000000000000        0x0 Cart.o
 .bss           0x0000000000000000        0x0 Cart.o
 .rodata        0x0000000000000000      0x600 Cart.o
 .ARM.attributes
                0x0000000000000000       0x1b Cart.o
 .text          0x0000000000000000        0x0 DeS.o
 .data          0x0000000000000000        0x0 DeS.o
 .bss           0x0000000000000000        0x0 DeS.o
 .text          0x0000000000000000        0x0 Dirt.o
 .data          0x0000000000000000        0x0 Dirt.o
 .bss           0x0000000000000000        0x0 Dirt.o
 .rodata        0x0000000000000000     0xc200 Dirt.o
 .ARM.attributes
                0x0000000000000000       0x1b Dirt.o
 .text          0x0000000000000000        0x0 man.o
 .data          0x0000000000000000        0x0 man.o
 .bss           0x0000000000000000        0x0 man.o
 .rodata        0x0000000000000000     0x3200 man.o
 .ARM.attributes
                0x0000000000000000       0x1b man.o
 .text          0x0000000000000000        0x0 Store.o
 .data          0x0000000000000000        0x0 Store.o
 .bss           0x0000000000000000        0x0 Store.o
 .text          0x0000000000000000       0xdc main.o
 .text          0x0000000000000000        0x0 C:/devkitPro/libnds/lib\libnds9.a(background.o)
 .data          0x0000000000000000        0x0 C:/devkitPro/libnds/lib\libnds9.a(background.o)
 .bss           0x0000000000000000        0x0 C:/devkitPro/libnds/lib\libnds9.a(background.o)
 .text.bgIsText
                0x0000000000000000        0xc C:/devkitPro/libnds/lib\libnds9.a(background.o)
 .text.bgInitSub_call
                0x0000000000000000       0xcc C:/devkitPro/libnds/lib\libnds9.a(background.o)
 .text          0x0000000000000000        0x0 C:/devkitPro/libnds/lib\libnds9.a(trig.o)
 .data          0x0000000000000000        0x0 C:/devkitPro/libnds/lib\libnds9.a(trig.o)
 .bss           0x0000000000000000        0x0 C:/devkitPro/libnds/lib\libnds9.a(trig.o)
 .text.asinComp
                0x0000000000000000       0x24 C:/devkitPro/libnds/lib\libnds9.a(trig.o)
 .text.tanLutLookup
                0x0000000000000000       0x30 C:/devkitPro/libnds/lib\libnds9.a(trig.o)
 .text.tanLerp  0x0000000000000000       0xb0 C:/devkitPro/libnds/lib\libnds9.a(trig.o)
 .text.asinLerp
                0x0000000000000000       0x98 C:/devkitPro/libnds/lib\libnds9.a(trig.o)
 .text.acosLerp
                0x0000000000000000       0xa4 C:/devkitPro/libnds/lib\libnds9.a(trig.o)
 .text.atanComp
                0x0000000000000000       0x24 C:/devkitPro/libnds/lib\libnds9.a(trig.o)
 .rodata.TAN_LUT
                0x0000000000000000      0x204 C:/devkitPro/libnds/lib\libnds9.a(trig.o)
 .text          0x0000000000000000        0x0 C:/devkitPro/libnds/lib\libnds9.a(touch.o)
 .data          0x0000000000000000        0x0 C:/devkitPro/libnds/lib\libnds9.a(touch.o)
 .bss           0x0000000000000000        0x0 C:/devkitPro/libnds/lib\libnds9.a(touch.o)
 .text.touchReadXY
                0x0000000000000000       0x24 C:/devkitPro/libnds/lib\libnds9.a(touch.o)
 .text          0x0000000000000000        0x0 C:/devkitPro/libnds/lib\libnds9.a(sprite.o)
 .data          0x0000000000000000        0x0 C:/devkitPro/libnds/lib\libnds9.a(sprite.o)
 .bss           0x0000000000000000        0x0 C:/devkitPro/libnds/lib\libnds9.a(sprite.o)
 .text.oamDisable
                0x0000000000000000       0x2c C:/devkitPro/libnds/lib\libnds9.a(sprite.o)
 .text.oamEnable
                0x0000000000000000       0x24 C:/devkitPro/libnds/lib\libnds9.a(sprite.o)
 .text.oamGetGfxPtr
                0x0000000000000000       0x38 C:/devkitPro/libnds/lib\libnds9.a(sprite.o)
 .text.oamClear
                0x0000000000000000       0x24 C:/devkitPro/libnds/lib\libnds9.a(sprite.o)
 .text.oamGfxPtrToOffset
                0x0000000000000000       0x34 C:/devkitPro/libnds/lib\libnds9.a(sprite.o)
 .text.oamSet   0x0000000000000000      0x104 C:/devkitPro/libnds/lib\libnds9.a(sprite.o)
 .text.oamUpdate
                0x0000000000000000       0x60 C:/devkitPro/libnds/lib\libnds9.a(sprite.o)
 .text.oamRotateScale
                0x0000000000000000       0x4c C:/devkitPro/libnds/lib\libnds9.a(sprite.o)
 .text          0x0000000000000000        0x0 C:/devkitPro/libnds/lib\libnds9.a(keys.o)
 .data          0x0000000000000000        0x0 C:/devkitPro/libnds/lib\libnds9.a(keys.o)
 .bss           0x0000000000000000        0x0 C:/devkitPro/libnds/lib\libnds9.a(keys.o)
 .text.keysDownRepeat
                0x0000000000000000       0x10 C:/devkitPro/libnds/lib\libnds9.a(keys.o)
 .text.keysSetRepeat
                0x0000000000000000       0x24 C:/devkitPro/libnds/lib\libnds9.a(keys.o)
 .text.keysUp   0x0000000000000000       0x18 C:/devkitPro/libnds/lib\libnds9.a(keys.o)
 .text.keysCurrent
                0x0000000000000000       0x38 C:/devkitPro/libnds/lib\libnds9.a(keys.o)
 .text          0x0000000000000000        0x0 C:/devkitPro/libnds/lib\libnds9.a(initSystem.o)
 .data          0x0000000000000000        0x0 C:/devkitPro/libnds/lib\libnds9.a(initSystem.o)
 .bss           0x0000000000000000        0x0 C:/devkitPro/libnds/lib\libnds9.a(initSystem.o)
 .text.__syscall_gettod_r
                0x0000000000000000       0x28 C:/devkitPro/libnds/lib\libnds9.a(initSystem.o)
 .text.__syscall_exit
                0x0000000000000000        0x8 C:/devkitPro/libnds/lib\libnds9.a(initSystem.o)
 .text          0x0000000000000000        0x0 C:/devkitPro/libnds/lib\libnds9.a(securearea.o)
 .data          0x0000000000000000        0x0 C:/devkitPro/libnds/lib\libnds9.a(securearea.o)
 .bss           0x0000000000000000        0x0 C:/devkitPro/libnds/lib\libnds9.a(securearea.o)
 .text          0x0000000000000000        0x0 C:/devkitPro/libnds/lib\libnds9.a(interrupts.o)
 .data          0x0000000000000000        0x0 C:/devkitPro/libnds/lib\libnds9.a(interrupts.o)
 .bss           0x0000000000000000        0x0 C:/devkitPro/libnds/lib\libnds9.a(interrupts.o)
 .text.irqInitHandler
                0x0000000000000000       0x28 C:/devkitPro/libnds/lib\libnds9.a(interrupts.o)
 .text.irqDisable
                0x0000000000000000       0x64 C:/devkitPro/libnds/lib\libnds9.a(interrupts.o)
 .text.irqClear
                0x0000000000000000       0x38 C:/devkitPro/libnds/lib\libnds9.a(interrupts.o)
 .text          0x0000000000000000        0x0 C:/devkitPro/libnds/lib\libnds9.a(libnds_exit.arm.o)
 .data          0x0000000000000000        0x0 C:/devkitPro/libnds/lib\libnds9.a(libnds_exit.arm.o)
 .bss           0x0000000000000000        0x0 C:/devkitPro/libnds/lib\libnds9.a(libnds_exit.arm.o)
 .text          0x0000000000000000        0x0 C:/devkitPro/libnds/lib\libnds9.a(fifosystem.o)
 .data          0x0000000000000000        0x0 C:/devkitPro/libnds/lib\libnds9.a(fifosystem.o)
 .bss           0x0000000000000000        0x0 C:/devkitPro/libnds/lib\libnds9.a(fifosystem.o)
 .text.fifoSendAddress
                0x0000000000000000       0x38 C:/devkitPro/libnds/lib\libnds9.a(fifosystem.o)
 .text.fifoSendDatamsg
                0x0000000000000000       0x90 C:/devkitPro/libnds/lib\libnds9.a(fifosystem.o)
 .text.fifoGetAddress
                0x0000000000000000       0x7c C:/devkitPro/libnds/lib\libnds9.a(fifosystem.o)
 .text.fifoSetAddressHandler
                0x0000000000000000       0x78 C:/devkitPro/libnds/lib\libnds9.a(fifosystem.o)
 .text.fifoGetValue32
                0x0000000000000000       0x70 C:/devkitPro/libnds/lib\libnds9.a(fifosystem.o)
 .text.fifoCheckAddress
                0x0000000000000000       0x24 C:/devkitPro/libnds/lib\libnds9.a(fifosystem.o)
 .text.fifoCheckDatamsg
                0x0000000000000000       0x24 C:/devkitPro/libnds/lib\libnds9.a(fifosystem.o)
 .text.fifoCheckDatamsgLength
                0x0000000000000000       0x30 C:/devkitPro/libnds/lib\libnds9.a(fifosystem.o)
 .text.fifoCheckValue32
                0x0000000000000000       0x24 C:/devkitPro/libnds/lib\libnds9.a(fifosystem.o)
 .text          0x0000000000000000        0x0 C:/devkitPro/libnds/lib\libnds9.a(dcache.o)
 .data          0x0000000000000000        0x0 C:/devkitPro/libnds/lib\libnds9.a(dcache.o)
 .bss           0x0000000000000000        0x0 C:/devkitPro/libnds/lib\libnds9.a(dcache.o)
 .text.DC_FlushAll
                0x0000000000000000       0x2c C:/devkitPro/libnds/lib\libnds9.a(dcache.o)
 .text.DC_InvalidateAll
                0x0000000000000000        0xc C:/devkitPro/libnds/lib\libnds9.a(dcache.o)
 .text.DC_InvalidateRange
                0x0000000000000000       0x2c C:/devkitPro/libnds/lib\libnds9.a(dcache.o)
 .text          0x0000000000000000        0x0 C:/devkitPro/libnds/lib\libnds9.a(mpu_setup.o)
 .bss           0x0000000000000000        0x0 C:/devkitPro/libnds/lib\libnds9.a(mpu_setup.o)
 .text.memCached
                0x0000000000000000       0x20 C:/devkitPro/libnds/lib\libnds9.a(mpu_setup.o)
 .text          0x0000000000000000        0x0 C:/devkitPro/libnds/lib\libnds9.a(IntrWait.o)
 .data          0x0000000000000000        0x0 C:/devkitPro/libnds/lib\libnds9.a(IntrWait.o)
 .bss           0x0000000000000000        0x0 C:/devkitPro/libnds/lib\libnds9.a(IntrWait.o)
 .text          0x0000000000000000        0x0 C:/devkitPro/libnds/lib\libnds9.a(cpu_clock.o)
 .data          0x0000000000000000        0x0 C:/devkitPro/libnds/lib\libnds9.a(cpu_clock.o)
 .bss           0x0000000000000000        0x0 C:/devkitPro/libnds/lib\libnds9.a(cpu_clock.o)
 .itcm          0x0000000000000000        0x0 C:/devkitPro/libnds/lib\libnds9.a(cpu_clock.o)
 .text          0x0000000000000000        0x0 C:/devkitPro/libnds/lib\libnds9.a(interruptDispatcher.o)
 .data          0x0000000000000000        0x0 C:/devkitPro/libnds/lib\libnds9.a(interruptDispatcher.o)
 .bss           0x0000000000000000        0x0 C:/devkitPro/libnds/lib\libnds9.a(interruptDispatcher.o)
 .text          0x0000000000000000        0x0 C:/devkitPro/libnds/lib\libnds9.a(swiSoftReset.o)
 .data          0x0000000000000000        0x0 C:/devkitPro/libnds/lib\libnds9.a(swiSoftReset.o)
 .bss           0x0000000000000000        0x0 C:/devkitPro/libnds/lib\libnds9.a(swiSoftReset.o)
 .text          0x0000000000000000        0x0 C:/devkitPro/libnds/lib\libnds9.a(video.o)
 .data          0x0000000000000000        0x0 C:/devkitPro/libnds/lib\libnds9.a(video.o)
 .bss           0x0000000000000000        0x0 C:/devkitPro/libnds/lib\libnds9.a(video.o)
 .text.vramSetPrimaryBanks
                0x0000000000000000       0x44 C:/devkitPro/libnds/lib\libnds9.a(video.o)
 .text.vramSetMainBanks
                0x0000000000000000       0x44 C:/devkitPro/libnds/lib\libnds9.a(video.o)
 .text.vramSetBanks_EFG
                0x0000000000000000       0x38 C:/devkitPro/libnds/lib\libnds9.a(video.o)
 .text.vramRestorePrimaryBanks
                0x0000000000000000        0xc C:/devkitPro/libnds/lib\libnds9.a(video.o)
 .text.vramRestoreMainBanks
                0x0000000000000000        0xc C:/devkitPro/libnds/lib\libnds9.a(video.o)
 .text.vramRestoreBanks_EFG
                0x0000000000000000        0xc C:/devkitPro/libnds/lib\libnds9.a(video.o)
 .text.setBrightness
                0x0000000000000000       0x40 C:/devkitPro/libnds/lib\libnds9.a(video.o)
 .text          0x0000000000000000        0x0 C:/devkitPro/libnds/lib\libnds9.a(sprite_alloc.o)
 .data          0x0000000000000000        0x0 C:/devkitPro/libnds/lib\libnds9.a(sprite_alloc.o)
 .bss           0x0000000000000000        0x0 C:/devkitPro/libnds/lib\libnds9.a(sprite_alloc.o)
 .text.oamAllocateGfx
                0x0000000000000000      0x50c C:/devkitPro/libnds/lib\libnds9.a(sprite_alloc.o)
 .text.oamFreeGfx
                0x0000000000000000      0x438 C:/devkitPro/libnds/lib\libnds9.a(sprite_alloc.o)
 .text.oamCountFragments
                0x0000000000000000       0x7c C:/devkitPro/libnds/lib\libnds9.a(sprite_alloc.o)
 .text          0x0000000000000000        0x0 C:/devkitPro/libnds/lib\libnds9.a(system.o)
 .data          0x0000000000000000        0x0 C:/devkitPro/libnds/lib\libnds9.a(system.o)
 .bss           0x0000000000000000        0x0 C:/devkitPro/libnds/lib\libnds9.a(system.o)
 .text.setSDcallback
                0x0000000000000000        0xc C:/devkitPro/libnds/lib\libnds9.a(system.o)
 .text.systemSleep
                0x0000000000000000       0x18 C:/devkitPro/libnds/lib\libnds9.a(system.o)
 .text.powerOff
                0x0000000000000000       0x28 C:/devkitPro/libnds/lib\libnds9.a(system.o)
 .text.ledBlink
                0x0000000000000000       0x10 C:/devkitPro/libnds/lib\libnds9.a(system.o)
 .text.getBatteryLevel
                0x0000000000000000       0x20 C:/devkitPro/libnds/lib\libnds9.a(system.o)
 .text.enableSlot1
                0x0000000000000000       0x1c C:/devkitPro/libnds/lib\libnds9.a(system.o)
 .text.disableSlot1
                0x0000000000000000       0x1c C:/devkitPro/libnds/lib\libnds9.a(system.o)
 .text          0x0000000000000000        0x0 C:/devkitPro/libnds/lib\libnds9.a(biosCalls.o)
 .data          0x0000000000000000        0x0 C:/devkitPro/libnds/lib\libnds9.a(biosCalls.o)
 .bss           0x0000000000000000        0x0 C:/devkitPro/libnds/lib\libnds9.a(biosCalls.o)
 .text.swiSleep
                0x0000000000000000        0x4 C:/devkitPro/libnds/lib\libnds9.a(biosCalls.o)
 .text.swiChangeSoundBias
                0x0000000000000000        0x4 C:/devkitPro/libnds/lib\libnds9.a(biosCalls.o)
 .text.swiDivide
                0x0000000000000000        0x4 C:/devkitPro/libnds/lib\libnds9.a(biosCalls.o)
 .text.swiRemainder
                0x0000000000000000        0x8 C:/devkitPro/libnds/lib\libnds9.a(biosCalls.o)
 .text.swiDivMod
                0x0000000000000000        0xc C:/devkitPro/libnds/lib\libnds9.a(biosCalls.o)
 .text.swiCopy  0x0000000000000000        0x4 C:/devkitPro/libnds/lib\libnds9.a(biosCalls.o)
 .text.swiFastCopy
                0x0000000000000000        0x4 C:/devkitPro/libnds/lib\libnds9.a(biosCalls.o)
 .text.swiSqrt  0x0000000000000000        0x4 C:/devkitPro/libnds/lib\libnds9.a(biosCalls.o)
 .text.swiCRC16
                0x0000000000000000        0x4 C:/devkitPro/libnds/lib\libnds9.a(biosCalls.o)
 .text.swiIsDebugger
                0x0000000000000000        0x4 C:/devkitPro/libnds/lib\libnds9.a(biosCalls.o)
 .text.swiUnpackBits
                0x0000000000000000        0x4 C:/devkitPro/libnds/lib\libnds9.a(biosCalls.o)
 .text.swiDecompressLZSSWram
                0x0000000000000000        0x4 C:/devkitPro/libnds/lib\libnds9.a(biosCalls.o)
 .text.swiDecompressLZSSVramNTR
                0x0000000000000000        0x4 C:/devkitPro/libnds/lib\libnds9.a(biosCalls.o)
 .text.swiDecompressLZSSVramTWL
                0x0000000000000000        0x4 C:/devkitPro/libnds/lib\libnds9.a(biosCalls.o)
 .text.swiDecompressHuffman
                0x0000000000000000        0x4 C:/devkitPro/libnds/lib\libnds9.a(biosCalls.o)
 .text.swiDecompressRLEWram
                0x0000000000000000        0x4 C:/devkitPro/libnds/lib\libnds9.a(biosCalls.o)
 .text.swiDecompressRLEVram
                0x0000000000000000        0x4 C:/devkitPro/libnds/lib\libnds9.a(biosCalls.o)
 .text.swiWaitForIRQ
                0x0000000000000000        0x4 C:/devkitPro/libnds/lib\libnds9.a(biosCalls.o)
 .text.swiDecodeDelta8
                0x0000000000000000        0x4 C:/devkitPro/libnds/lib\libnds9.a(biosCalls.o)
 .text.swiDecodeDelta16
                0x0000000000000000        0x4 C:/devkitPro/libnds/lib\libnds9.a(biosCalls.o)
 .text.swiSetHaltCR
                0x0000000000000000        0x4 C:/devkitPro/libnds/lib\libnds9.a(biosCalls.o)
 .text          0x0000000000000000        0x0 c:/devkitpro/devkitarm/bin/../lib/gcc/arm-none-eabi/11.2.0/../../../../arm-none-eabi/lib\libg.a(lib_a-bsearch.o)
 .data          0x0000000000000000        0x0 c:/devkitpro/devkitarm/bin/../lib/gcc/arm-none-eabi/11.2.0/../../../../arm-none-eabi/lib\libg.a(lib_a-bsearch.o)
 .bss           0x0000000000000000        0x0 c:/devkitpro/devkitarm/bin/../lib/gcc/arm-none-eabi/11.2.0/../../../../arm-none-eabi/lib\libg.a(lib_a-bsearch.o)
 .text.bsearch  0x0000000000000000       0x80 c:/devkitpro/devkitarm/bin/../lib/gcc/arm-none-eabi/11.2.0/../../../../arm-none-eabi/lib\libg.a(lib_a-bsearch.o)
 .comment       0x0000000000000000       0x24 c:/devkitpro/devkitarm/bin/../lib/gcc/arm-none-eabi/11.2.0/../../../../arm-none-eabi/lib\libg.a(lib_a-bsearch.o)
 .ARM.attributes
                0x0000000000000000       0x2a c:/devkitpro/devkitarm/bin/../lib/gcc/arm-none-eabi/11.2.0/../../../../arm-none-eabi/lib\libg.a(lib_a-bsearch.o)
 .text          0x0000000000000000        0x0 c:/devkitpro/devkitarm/bin/../lib/gcc/arm-none-eabi/11.2.0/../../../../arm-none-eabi/lib\libg.a(lib_a-init.o)
 .data          0x0000000000000000        0x0 c:/devkitpro/devkitarm/bin/../lib/gcc/arm-none-eabi/11.2.0/../../../../arm-none-eabi/lib\libg.a(lib_a-init.o)
 .bss           0x0000000000000000        0x0 c:/devkitpro/devkitarm/bin/../lib/gcc/arm-none-eabi/11.2.0/../../../../arm-none-eabi/lib\libg.a(lib_a-init.o)
 .text          0x0000000000000000        0x0 c:/devkitpro/devkitarm/bin/../lib/gcc/arm-none-eabi/11.2.0/../../../../arm-none-eabi/lib\libg.a(lib_a-malloc.o)
 .data          0x0000000000000000        0x0 c:/devkitpro/devkitarm/bin/../lib/gcc/arm-none-eabi/11.2.0/../../../../arm-none-eabi/lib\libg.a(lib_a-malloc.o)
 .bss           0x0000000000000000        0x0 c:/devkitpro/devkitarm/bin/../lib/gcc/arm-none-eabi/11.2.0/../../../../arm-none-eabi/lib\libg.a(lib_a-malloc.o)
 .text.malloc   0x0000000000000000       0x1c c:/devkitpro/devkitarm/bin/../lib/gcc/arm-none-eabi/11.2.0/../../../../arm-none-eabi/lib\libg.a(lib_a-malloc.o)
 .text          0x0000000000000000        0x0 c:/devkitpro/devkitarm/bin/../lib/gcc/arm-none-eabi/11.2.0/../../../../arm-none-eabi/lib\libg.a(lib_a-mallocr.o)
 .data          0x0000000000000000        0x0 c:/devkitpro/devkitarm/bin/../lib/gcc/arm-none-eabi/11.2.0/../../../../arm-none-eabi/lib\libg.a(lib_a-mallocr.o)
 .bss           0x0000000000000000        0x0 c:/devkitpro/devkitarm/bin/../lib/gcc/arm-none-eabi/11.2.0/../../../../arm-none-eabi/lib\libg.a(lib_a-mallocr.o)
 .text._malloc_r
                0x0000000000000000      0x7f0 c:/devkitpro/devkitarm/bin/../lib/gcc/arm-none-eabi/11.2.0/../../../../arm-none-eabi/lib\libg.a(lib_a-mallocr.o)
 .bss.__malloc_max_sbrked_mem
                0x0000000000000000        0x4 c:/devkitpro/devkitarm/bin/../lib/gcc/arm-none-eabi/11.2.0/../../../../arm-none-eabi/lib\libg.a(lib_a-mallocr.o)
 .bss.__malloc_max_total_mem
                0x0000000000000000        0x4 c:/devkitpro/devkitarm/bin/../lib/gcc/arm-none-eabi/11.2.0/../../../../arm-none-eabi/lib\libg.a(lib_a-mallocr.o)
 .text          0x0000000000000000        0x0 c:/devkitpro/devkitarm/bin/../lib/gcc/arm-none-eabi/11.2.0/../../../../arm-none-eabi/lib\libg.a(lib_a-memcpy-stub.o)
 .data          0x0000000000000000        0x0 c:/devkitpro/devkitarm/bin/../lib/gcc/arm-none-eabi/11.2.0/../../../../arm-none-eabi/lib\libg.a(lib_a-memcpy-stub.o)
 .bss           0x0000000000000000        0x0 c:/devkitpro/devkitarm/bin/../lib/gcc/arm-none-eabi/11.2.0/../../../../arm-none-eabi/lib\libg.a(lib_a-memcpy-stub.o)
 .text          0x0000000000000000        0x0 c:/devkitpro/devkitarm/bin/../lib/gcc/arm-none-eabi/11.2.0/../../../../arm-none-eabi/lib\libg.a(lib_a-memset.o)
 .data          0x0000000000000000        0x0 c:/devkitpro/devkitarm/bin/../lib/gcc/arm-none-eabi/11.2.0/../../../../arm-none-eabi/lib\libg.a(lib_a-memset.o)
 .bss           0x0000000000000000        0x0 c:/devkitpro/devkitarm/bin/../lib/gcc/arm-none-eabi/11.2.0/../../../../arm-none-eabi/lib\libg.a(lib_a-memset.o)
 .text          0x0000000000000000        0x0 c:/devkitpro/devkitarm/bin/../lib/gcc/arm-none-eabi/11.2.0/../../../../arm-none-eabi/lib\libg.a(lib_a-mlock.o)
 .data          0x0000000000000000        0x0 c:/devkitpro/devkitarm/bin/../lib/gcc/arm-none-eabi/11.2.0/../../../../arm-none-eabi/lib\libg.a(lib_a-mlock.o)
 .bss           0x0000000000000000        0x0 c:/devkitpro/devkitarm/bin/../lib/gcc/arm-none-eabi/11.2.0/../../../../arm-none-eabi/lib\libg.a(lib_a-mlock.o)
 .text          0x0000000000000000        0x0 c:/devkitpro/devkitarm/bin/../lib/gcc/arm-none-eabi/11.2.0/../../../../arm-none-eabi/lib\libg.a(lib_a-realloc.o)
 .data          0x0000000000000000        0x0 c:/devkitpro/devkitarm/bin/../lib/gcc/arm-none-eabi/11.2.0/../../../../arm-none-eabi/lib\libg.a(lib_a-realloc.o)
 .bss           0x0000000000000000        0x0 c:/devkitpro/devkitarm/bin/../lib/gcc/arm-none-eabi/11.2.0/../../../../arm-none-eabi/lib\libg.a(lib_a-realloc.o)
 .text.realloc  0x0000000000000000       0x24 c:/devkitpro/devkitarm/bin/../lib/gcc/arm-none-eabi/11.2.0/../../../../arm-none-eabi/lib\libg.a(lib_a-realloc.o)
 .comment       0x0000000000000000       0x24 c:/devkitpro/devkitarm/bin/../lib/gcc/arm-none-eabi/11.2.0/../../../../arm-none-eabi/lib\libg.a(lib_a-realloc.o)
 .ARM.attributes
                0x0000000000000000       0x2a c:/devkitpro/devkitarm/bin/../lib/gcc/arm-none-eabi/11.2.0/../../../../arm-none-eabi/lib\libg.a(lib_a-realloc.o)
 .text          0x0000000000000000        0x0 c:/devkitpro/devkitarm/bin/../lib/gcc/arm-none-eabi/11.2.0/../../../../arm-none-eabi/lib\libg.a(lib_a-reallocr.o)
 .data          0x0000000000000000        0x0 c:/devkitpro/devkitarm/bin/../lib/gcc/arm-none-eabi/11.2.0/../../../../arm-none-eabi/lib\libg.a(lib_a-reallocr.o)
 .bss           0x0000000000000000        0x0 c:/devkitpro/devkitarm/bin/../lib/gcc/arm-none-eabi/11.2.0/../../../../arm-none-eabi/lib\libg.a(lib_a-reallocr.o)
 .text._realloc_r
                0x0000000000000000      0x570 c:/devkitpro/devkitarm/bin/../lib/gcc/arm-none-eabi/11.2.0/../../../../arm-none-eabi/lib\libg.a(lib_a-reallocr.o)
 .comment       0x0000000000000000       0x24 c:/devkitpro/devkitarm/bin/../lib/gcc/arm-none-eabi/11.2.0/../../../../arm-none-eabi/lib\libg.a(lib_a-reallocr.o)
 .ARM.attributes
                0x0000000000000000       0x2a c:/devkitpro/devkitarm/bin/../lib/gcc/arm-none-eabi/11.2.0/../../../../arm-none-eabi/lib\libg.a(lib_a-reallocr.o)
 .text          0x0000000000000000        0x0 c:/devkitpro/devkitarm/bin/../lib/gcc/arm-none-eabi/11.2.0/../../../../arm-none-eabi/lib\libg.a(lib_a-freer.o)
 .data          0x0000000000000000        0x0 c:/devkitpro/devkitarm/bin/../lib/gcc/arm-none-eabi/11.2.0/../../../../arm-none-eabi/lib\libg.a(lib_a-freer.o)
 .bss           0x0000000000000000        0x0 c:/devkitpro/devkitarm/bin/../lib/gcc/arm-none-eabi/11.2.0/../../../../arm-none-eabi/lib\libg.a(lib_a-freer.o)
 .text          0x0000000000000000        0x0 c:/devkitpro/devkitarm/bin/../lib/gcc/arm-none-eabi/11.2.0/../../../../arm-none-eabi/lib\libg.a(lib_a-memmove.o)
 .data          0x0000000000000000        0x0 c:/devkitpro/devkitarm/bin/../lib/gcc/arm-none-eabi/11.2.0/../../../../arm-none-eabi/lib\libg.a(lib_a-memmove.o)
 .bss           0x0000000000000000        0x0 c:/devkitpro/devkitarm/bin/../lib/gcc/arm-none-eabi/11.2.0/../../../../arm-none-eabi/lib\libg.a(lib_a-memmove.o)
 .text.memmove  0x0000000000000000      0x158 c:/devkitpro/devkitarm/bin/../lib/gcc/arm-none-eabi/11.2.0/../../../../arm-none-eabi/lib\libg.a(lib_a-memmove.o)
 .comment       0x0000000000000000       0x24 c:/devkitpro/devkitarm/bin/../lib/gcc/arm-none-eabi/11.2.0/../../../../arm-none-eabi/lib\libg.a(lib_a-memmove.o)
 .ARM.attributes
                0x0000000000000000       0x2a c:/devkitpro/devkitarm/bin/../lib/gcc/arm-none-eabi/11.2.0/../../../../arm-none-eabi/lib\libg.a(lib_a-memmove.o)
 .text          0x0000000000000000        0x0 c:/devkitpro/devkitarm/bin/../lib/gcc/arm-none-eabi/11.2.0/../../../../arm-none-eabi/lib\libsysbase.a(sbrk.o)
 .data          0x0000000000000000        0x0 c:/devkitpro/devkitarm/bin/../lib/gcc/arm-none-eabi/11.2.0/../../../../arm-none-eabi/lib\libsysbase.a(sbrk.o)
 .bss           0x0000000000000000        0x0 c:/devkitpro/devkitarm/bin/../lib/gcc/arm-none-eabi/11.2.0/../../../../arm-none-eabi/lib\libsysbase.a(sbrk.o)
 .text          0x0000000000000000        0x0 c:/devkitpro/devkitarm/bin/../lib/gcc/arm-none-eabi/11.2.0/../../../../arm-none-eabi/lib\libsysbase.a(malloc_vars.o)
 .data          0x0000000000000000        0x0 c:/devkitpro/devkitarm/bin/../lib/gcc/arm-none-eabi/11.2.0/../../../../arm-none-eabi/lib\libsysbase.a(malloc_vars.o)
 .bss           0x0000000000000000        0x0 c:/devkitpro/devkitarm/bin/../lib/gcc/arm-none-eabi/11.2.0/../../../../arm-none-eabi/lib\libsysbase.a(malloc_vars.o)
 .text          0x0000000000000000        0x0 c:/devkitpro/devkitarm/bin/../lib/gcc/arm-none-eabi/11.2.0/../../../../arm-none-eabi/lib\libsysbase.a(build_argv.o)
 .data          0x0000000000000000        0x0 c:/devkitpro/devkitarm/bin/../lib/gcc/arm-none-eabi/11.2.0/../../../../arm-none-eabi/lib\libsysbase.a(build_argv.o)
 .bss           0x0000000000000000        0x0 c:/devkitpro/devkitarm/bin/../lib/gcc/arm-none-eabi/11.2.0/../../../../arm-none-eabi/lib\libsysbase.a(build_argv.o)
 .text          0x0000000000000000        0x0 c:/devkitpro/devkitarm/bin/../lib/gcc/arm-none-eabi/11.2.0/../../../../arm-none-eabi/lib\libsysbase.a(getreent.o)
 .data          0x0000000000000000        0x0 c:/devkitpro/devkitarm/bin/../lib/gcc/arm-none-eabi/11.2.0/../../../../arm-none-eabi/lib\libsysbase.a(getreent.o)
 .bss           0x0000000000000000        0x0 c:/devkitpro/devkitarm/bin/../lib/gcc/arm-none-eabi/11.2.0/../../../../arm-none-eabi/lib\libsysbase.a(getreent.o)
 .text          0x0000000000000000        0x0 c:/devkitpro/devkitarm/bin/../lib/gcc/arm-none-eabi/11.2.0/../../../../arm-none-eabi/lib\libsysbase.a(syscall_support.o)
 .data          0x0000000000000000        0x0 c:/devkitpro/devkitarm/bin/../lib/gcc/arm-none-eabi/11.2.0/../../../../arm-none-eabi/lib\libsysbase.a(syscall_support.o)
 .bss           0x0000000000000000        0x0 c:/devkitpro/devkitarm/bin/../lib/gcc/arm-none-eabi/11.2.0/../../../../arm-none-eabi/lib\libsysbase.a(syscall_support.o)
 .text.__libc_lock_init
                0x0000000000000000       0x20 c:/devkitpro/devkitarm/bin/../lib/gcc/arm-none-eabi/11.2.0/../../../../arm-none-eabi/lib\libsysbase.a(syscall_support.o)
 .text.__libc_lock_acquire
                0x0000000000000000       0x20 c:/devkitpro/devkitarm/bin/../lib/gcc/arm-none-eabi/11.2.0/../../../../arm-none-eabi/lib\libsysbase.a(syscall_support.o)
 .text.__libc_lock_try_acquire
                0x0000000000000000       0x28 c:/devkitpro/devkitarm/bin/../lib/gcc/arm-none-eabi/11.2.0/../../../../arm-none-eabi/lib\libsysbase.a(syscall_support.o)
 .text.__libc_lock_release
                0x0000000000000000       0x20 c:/devkitpro/devkitarm/bin/../lib/gcc/arm-none-eabi/11.2.0/../../../../arm-none-eabi/lib\libsysbase.a(syscall_support.o)
 .text.__libc_lock_close
                0x0000000000000000       0x20 c:/devkitpro/devkitarm/bin/../lib/gcc/arm-none-eabi/11.2.0/../../../../arm-none-eabi/lib\libsysbase.a(syscall_support.o)
 .text.__libc_lock_init_recursive
                0x0000000000000000       0x20 c:/devkitpro/devkitarm/bin/../lib/gcc/arm-none-eabi/11.2.0/../../../../arm-none-eabi/lib\libsysbase.a(syscall_support.o)
 .text.__libc_lock_try_acquire_recursive
                0x0000000000000000       0x28 c:/devkitpro/devkitarm/bin/../lib/gcc/arm-none-eabi/11.2.0/../../../../arm-none-eabi/lib\libsysbase.a(syscall_support.o)
 .text.__libc_lock_close_recursive
                0x0000000000000000       0x20 c:/devkitpro/devkitarm/bin/../lib/gcc/arm-none-eabi/11.2.0/../../../../arm-none-eabi/lib\libsysbase.a(syscall_support.o)
 .text          0x0000000000000000        0x0 c:/devkitpro/devkitarm/bin/../lib/gcc/arm-none-eabi/11.2.0/../../../../arm-none-eabi/lib\libg.a(lib_a-impure.o)
 .data          0x0000000000000000        0x0 c:/devkitpro/devkitarm/bin/../lib/gcc/arm-none-eabi/11.2.0/../../../../arm-none-eabi/lib\libg.a(lib_a-impure.o)
 .bss           0x0000000000000000        0x0 c:/devkitpro/devkitarm/bin/../lib/gcc/arm-none-eabi/11.2.0/../../../../arm-none-eabi/lib\libg.a(lib_a-impure.o)
 .rodata._global_impure_ptr
                0x0000000000000000        0x4 c:/devkitpro/devkitarm/bin/../lib/gcc/arm-none-eabi/11.2.0/../../../../arm-none-eabi/lib\libg.a(lib_a-impure.o)
 .text          0x0000000000000000        0x0 c:/devkitpro/devkitarm/bin/../lib/gcc/arm-none-eabi/11.2.0/crtend.o
 .data          0x0000000000000000        0x0 c:/devkitpro/devkitarm/bin/../lib/gcc/arm-none-eabi/11.2.0/crtend.o
 .bss           0x0000000000000000        0x0 c:/devkitpro/devkitarm/bin/../lib/gcc/arm-none-eabi/11.2.0/crtend.o
 .rodata.all_implied_fbits
                0x0000000000000000       0x24 c:/devkitpro/devkitarm/bin/../lib/gcc/arm-none-eabi/11.2.0/crtend.o
 .text          0x0000000000000000        0x0 c:/devkitpro/devkitarm/bin/../lib/gcc/arm-none-eabi/11.2.0/crtn.o
 .data          0x0000000000000000        0x0 c:/devkitpro/devkitarm/bin/../lib/gcc/arm-none-eabi/11.2.0/crtn.o
 .bss           0x0000000000000000        0x0 c:/devkitpro/devkitarm/bin/../lib/gcc/arm-none-eabi/11.2.0/crtn.o

Memory Configuration

Name             Origin             Length             Attributes
ewram            0x0000000002000000 0x0000000000380000
dtcm             0x0000000002ff0000 0x0000000000004000
vectors          0x0000000001000000 0x0000000000000100
itcm             0x0000000001000100 0x0000000000007f00
*default*        0x0000000000000000 0xffffffffffffffff

Linker script and memory map

                0x0000000002380000                __ewram_end = (ORIGIN (ewram) + LENGTH (ewram))
                0x0000000002380000                __eheap_end = (ORIGIN (ewram) + LENGTH (ewram))
                0x0000000002ff4000                __dtcm_top = (ORIGIN (dtcm) + LENGTH (dtcm))
                0x0000000002ff3ff8                __irq_flags = (__dtcm_top - 0x8)
                0x0000000002ff3ffc                __irq_vector = (__dtcm_top - 0x4)
                0x0000000002ff3f00                __sp_svc = (__dtcm_top - 0x100)
                0x0000000002ff3e00                __sp_irq = (__sp_svc - 0x100)
                0x0000000002ff3d00                __sp_usr = (__sp_irq - 0x100)

.secure         0x0000000002000000      0x800
 *(.secure)
 .secure        0x0000000002000000      0x800 C:/devkitPro/libnds/lib\libnds9.a(securearea.o)
                0x0000000002000000                __secure_area__

.crt0           0x0000000002000800      0x300
                0x0000000002000800                __text_start = .
 *(.crt0)
 .crt0          0x0000000002000800      0x300 c:/devkitpro/devkitarm/bin/../lib/gcc/arm-none-eabi/11.2.0/../../../../arm-none-eabi/lib/ds_arm9_crt0.o
                0x0000000002000800                _start
                0x0000000002000b00                . = ALIGN (0x4)

.plt
 *(.plt)

.init           0x0000000002000b00       0x18
 *(SORT_NONE(.init))
 .init          0x0000000002000b00        0xc c:/devkitpro/devkitarm/bin/../lib/gcc/arm-none-eabi/11.2.0/crti.o
                0x0000000002000b00                _init
 .init          0x0000000002000b0c        0xc c:/devkitpro/devkitarm/bin/../lib/gcc/arm-none-eabi/11.2.0/crtn.o

.text           0x0000000002000b18     0x22b8
 *(EXCLUDE_FILE(*.twl* *.vectors* *.itcm*) .text)
 *(EXCLUDE_FILE(*.twl* *.vectors* *.itcm*) .stub)
 *(EXCLUDE_FILE(*.twl* *.vectors* *.itcm*) .text.*)
 .text.__do_global_dtors_aux
                0x0000000002000b18       0x40 c:/devkitpro/devkitarm/bin/../lib/gcc/arm-none-eabi/11.2.0/crtbegin.o
 .text.frame_dummy
                0x0000000002000b58       0x30 c:/devkitpro/devkitarm/bin/../lib/gcc/arm-none-eabi/11.2.0/crtbegin.o
 .text.startup  0x0000000002000b88      0x370 main.o
                0x0000000002000b88                main
 .text.checkIfText
                0x0000000002000ef8       0x5c C:/devkitPro/libnds/lib\libnds9.a(background.o)
                0x0000000002000ef8                checkIfText
 .text.bgUpdate
                0x0000000002000f54       0xf4 C:/devkitPro/libnds/lib\libnds9.a(background.o)
                0x0000000002000f54                bgUpdate
 .text.bgInit_call
                0x0000000002001048       0xc4 C:/devkitPro/libnds/lib\libnds9.a(background.o)
                0x0000000002001048                bgInit_call
 .text.sinLutLookup
                0x000000000200110c       0x4c C:/devkitPro/libnds/lib\libnds9.a(trig.o)
                0x000000000200110c                sinLutLookup
 .text.sinLerp  0x0000000002001158       0x40 C:/devkitPro/libnds/lib\libnds9.a(trig.o)
                0x0000000002001158                sinLerp
 .text.cosLerp  0x0000000002001198       0x4c C:/devkitPro/libnds/lib\libnds9.a(trig.o)
                0x0000000002001198                cosLerp
 .text.touchRead
                0x00000000020011e4       0x24 C:/devkitPro/libnds/lib\libnds9.a(touch.o)
                0x00000000020011e4                touchRead
 .text.oamInit  0x0000000002001208      0x114 C:/devkitPro/libnds/lib\libnds9.a(sprite.o)
                0x0000000002001208                oamInit
 .text.scanKeys
                0x000000000200131c       0x8c C:/devkitPro/libnds/lib\libnds9.a(keys.o)
                0x000000000200131c                scanKeys
 .text.keysHeld
                0x00000000020013a8        0xc C:/devkitPro/libnds/lib\libnds9.a(keys.o)
                0x00000000020013a8                keysHeld
 .text.keysDown
                0x00000000020013b4       0x14 C:/devkitPro/libnds/lib\libnds9.a(keys.o)
                0x00000000020013b4                keysDown
 .text.initSystem
                0x00000000020013c8      0x180 C:/devkitPro/libnds/lib\libnds9.a(initSystem.o)
                0x00000000020013c8                initSystem
 .text.irqDummy
                0x0000000002001548        0x4 C:/devkitPro/libnds/lib\libnds9.a(interrupts.o)
                0x0000000002001548                irqDummy
 .text.irqSet   0x000000000200154c       0x6c C:/devkitPro/libnds/lib\libnds9.a(interrupts.o)
                0x000000000200154c                irqSet
 .text.irqInit  0x00000000020015b8       0x50 C:/devkitPro/libnds/lib\libnds9.a(interrupts.o)
                0x00000000020015b8                irqInit
 .text.irqEnable
                0x0000000002001608       0x64 C:/devkitPro/libnds/lib\libnds9.a(interrupts.o)
                0x0000000002001608                irqEnable
 .text.systemErrorExit
                0x000000000200166c        0x4 C:/devkitPro/libnds/lib\libnds9.a(libnds_exit.arm.o)
                0x000000000200166c                systemErrorExit
 .text.__libnds_exit
                0x0000000002001670       0x5c C:/devkitPro/libnds/lib\libnds9.a(libnds_exit.arm.o)
                0x0000000002001670                __libnds_exit
 .text.fifo_queueBlock
                0x00000000020016cc       0x44 C:/devkitPro/libnds/lib\libnds9.a(fifosystem.o)
 .text.fifo_waitBlock
                0x0000000002001710       0x80 C:/devkitPro/libnds/lib\libnds9.a(fifosystem.o)
 .text.fifoInternalSend.part.0
                0x0000000002001790       0xd4 C:/devkitPro/libnds/lib\libnds9.a(fifosystem.o)
 .text.fifoInternalSendInterrupt
                0x0000000002001864       0xb0 C:/devkitPro/libnds/lib\libnds9.a(fifosystem.o)
 .text.fifoSetValue32Handler
                0x0000000002001914       0xd4 C:/devkitPro/libnds/lib\libnds9.a(fifosystem.o)
                0x0000000002001914                fifoSetValue32Handler
 .text.fifoSendValue32
                0x00000000020019e8       0x4c C:/devkitPro/libnds/lib\libnds9.a(fifosystem.o)
                0x00000000020019e8                fifoSendValue32
 .text.fifoGetDatamsg
                0x0000000002001a34       0xf4 C:/devkitPro/libnds/lib\libnds9.a(fifosystem.o)
                0x0000000002001a34                fifoGetDatamsg
 .text.fifoInternalRecvInterrupt
                0x0000000002001b28      0x37c C:/devkitPro/libnds/lib\libnds9.a(fifosystem.o)
 .text.fifoSetDatamsgHandler
                0x0000000002001ea4       0x9c C:/devkitPro/libnds/lib\libnds9.a(fifosystem.o)
                0x0000000002001ea4                fifoSetDatamsgHandler
 .text.fifoInit
                0x0000000002001f40      0x108 C:/devkitPro/libnds/lib\libnds9.a(fifosystem.o)
                0x0000000002001f40                fifoInit
 .text.DC_FlushRange
                0x0000000002002048       0x24 C:/devkitPro/libnds/lib\libnds9.a(dcache.o)
                0x0000000002002048                DC_FlushRange
 .text.__libnds_mpu_setup
                0x000000000200206c      0x174 C:/devkitPro/libnds/lib\libnds9.a(mpu_setup.o)
                0x000000000200206c                __libnds_mpu_setup
 .text.memUncached
                0x00000000020021e0       0x20 C:/devkitPro/libnds/lib\libnds9.a(mpu_setup.o)
                0x00000000020021e0                memUncached
 .text.swiWaitForVBlank
                0x0000000002002200        0x8 C:/devkitPro/libnds/lib\libnds9.a(IntrWait.o)
                0x0000000002002200                swiWaitForVBlank
 .text.swiIntrWait
                0x0000000002002208       0x70 C:/devkitPro/libnds/lib\libnds9.a(IntrWait.o)
                0x0000000002002208                swiIntrWait
 .text.setCpuClock
                0x0000000002002278       0x50 C:/devkitPro/libnds/lib\libnds9.a(cpu_clock.o)
                0x0000000002002278                setCpuClock
 .text.swiSoftReset
                0x00000000020022c8       0x2c C:/devkitPro/libnds/lib\libnds9.a(swiSoftReset.o)
                0x00000000020022c8                swiSoftReset
 .text.vramDefault
                0x00000000020022f4       0xd0 C:/devkitPro/libnds/lib\libnds9.a(video.o)
                0x00000000020022f4                vramDefault
 .text.oamAllocReset
                0x00000000020023c4       0x1c C:/devkitPro/libnds/lib\libnds9.a(sprite_alloc.o)
                0x00000000020023c4                oamAllocReset
 .text.systemValueHandler
                0x00000000020023e0       0x48 C:/devkitPro/libnds/lib\libnds9.a(system.o)
                0x00000000020023e0                systemValueHandler
 .text.systemMsgHandler
                0x0000000002002428       0x60 C:/devkitPro/libnds/lib\libnds9.a(system.o)
                0x0000000002002428                systemMsgHandler
 .text.powerOn  0x0000000002002488       0x2c C:/devkitPro/libnds/lib\libnds9.a(system.o)
                0x0000000002002488                powerOn
 .text.swiDelay
                0x00000000020024b4        0x4 C:/devkitPro/libnds/lib\libnds9.a(biosCalls.o)
                0x00000000020024b4                swiDelay
 .text.__libc_init_array
                0x00000000020024b8       0x88 c:/devkitpro/devkitarm/bin/../lib/gcc/arm-none-eabi/11.2.0/../../../../arm-none-eabi/lib\libg.a(lib_a-init.o)
                0x00000000020024b8                __libc_init_array
 .text.free     0x0000000002002540       0x1c c:/devkitpro/devkitarm/bin/../lib/gcc/arm-none-eabi/11.2.0/../../../../arm-none-eabi/lib\libg.a(lib_a-malloc.o)
                0x0000000002002540                free
 .text.memcpy   0x000000000200255c      0x120 c:/devkitpro/devkitarm/bin/../lib/gcc/arm-none-eabi/11.2.0/../../../../arm-none-eabi/lib\libg.a(lib_a-memcpy-stub.o)
                0x000000000200255c                memcpy
 .text.memset   0x000000000200267c      0x11c c:/devkitpro/devkitarm/bin/../lib/gcc/arm-none-eabi/11.2.0/../../../../arm-none-eabi/lib\libg.a(lib_a-memset.o)
                0x000000000200267c                memset
 .text.__malloc_lock
                0x0000000002002798       0x18 c:/devkitpro/devkitarm/bin/../lib/gcc/arm-none-eabi/11.2.0/../../../../arm-none-eabi/lib\libg.a(lib_a-mlock.o)
                0x0000000002002798                __malloc_lock
 .text.__malloc_unlock
                0x00000000020027b0       0x18 c:/devkitpro/devkitarm/bin/../lib/gcc/arm-none-eabi/11.2.0/../../../../arm-none-eabi/lib\libg.a(lib_a-mlock.o)
                0x00000000020027b0                __malloc_unlock
 .text._malloc_trim_r
                0x00000000020027c8      0x100 c:/devkitpro/devkitarm/bin/../lib/gcc/arm-none-eabi/11.2.0/../../../../arm-none-eabi/lib\libg.a(lib_a-freer.o)
                0x00000000020027c8                _malloc_trim_r
 .text._free_r  0x00000000020028c8      0x2e0 c:/devkitpro/devkitarm/bin/../lib/gcc/arm-none-eabi/11.2.0/../../../../arm-none-eabi/lib\libg.a(lib_a-freer.o)
                0x00000000020028c8                _free_r
 .text._sbrk_r  0x0000000002002ba8       0x7c c:/devkitpro/devkitarm/bin/../lib/gcc/arm-none-eabi/11.2.0/../../../../arm-none-eabi/lib\libsysbase.a(sbrk.o)
                0x0000000002002ba8                _sbrk_r
 .text.build_argv
                0x0000000002002c24       0x80 c:/devkitpro/devkitarm/bin/../lib/gcc/arm-none-eabi/11.2.0/../../../../arm-none-eabi/lib\libsysbase.a(build_argv.o)
                0x0000000002002c24                build_argv
 .text.__getreent
                0x0000000002002ca4       0x30 c:/devkitpro/devkitarm/bin/../lib/gcc/arm-none-eabi/11.2.0/../../../../arm-none-eabi/lib\libsysbase.a(getreent.o)
                0x0000000002002ca4                __getreent
 .text.__libc_lock_acquire_recursive
                0x0000000002002cd4       0x20 c:/devkitpro/devkitarm/bin/../lib/gcc/arm-none-eabi/11.2.0/../../../../arm-none-eabi/lib\libsysbase.a(syscall_support.o)
                0x0000000002002cd4                __libc_lock_acquire_recursive
 .text.__libc_lock_release_recursive
                0x0000000002002cf4       0x20 c:/devkitpro/devkitarm/bin/../lib/gcc/arm-none-eabi/11.2.0/../../../../arm-none-eabi/lib\libsysbase.a(syscall_support.o)
                0x0000000002002cf4                __libc_lock_release_recursive
 *fill*         0x0000000002002d14        0x4 ff
 .text.__libc_lock_release_recursive.__stub
                0x0000000002002d18       0x9c linker stubs
 *(EXCLUDE_FILE(*.twl*) .gnu.warning)
 *(EXCLUDE_FILE(*.twl*) .gnu.linkonce.t*)
 *(.glue_7)
 .glue_7        0x0000000002002dd0        0x0 linker stubs
 *(.glue_7t)
 .glue_7t       0x0000000002002dd0        0x0 linker stubs
                0x0000000002002dd0                . = ALIGN (0x4)

.vfp11_veneer   0x0000000002002dd0        0x0
 .vfp11_veneer  0x0000000002002dd0        0x0 linker stubs

.v4_bx          0x0000000002002dd0        0x0
 .v4_bx         0x0000000002002dd0        0x0 linker stubs

.iplt           0x0000000002002dd0        0x0
 .iplt          0x0000000002002dd0        0x0 c:/devkitpro/devkitarm/bin/../lib/gcc/arm-none-eabi/11.2.0/../../../../arm-none-eabi/lib/ds_arm9_crt0.o

.fini           0x0000000002002dd0       0x18
 *(.fini)
 .fini          0x0000000002002dd0        0xc c:/devkitpro/devkitarm/bin/../lib/gcc/arm-none-eabi/11.2.0/crti.o
                0x0000000002002dd0                _fini
 .fini          0x0000000002002ddc        0xc c:/devkitpro/devkitarm/bin/../lib/gcc/arm-none-eabi/11.2.0/crtn.o
                0x0000000002002de8                __text_end = .

.rodata         0x0000000002002de8     0xc904
 *(EXCLUDE_FILE(*.twl*) .rodata)
 .rodata        0x0000000002002de8      0x600 DeS.o
                0x0000000002002de8                DeSTiles
                0x00000000020031e8                DeSPal
 .rodata        0x00000000020033e8     0xc200 Store.o
                0x00000000020033e8                StoreBitmap
                0x000000000200f3e8                StorePal
 *all.rodata*(*)
 *(EXCLUDE_FILE(*.twl*) .roda)
 *(EXCLUDE_FILE(*.twl*) .rodata.*)
 .rodata.SIN_LUT
                0x000000000200f5e8      0x102 C:/devkitPro/libnds/lib\libnds9.a(trig.o)
                0x000000000200f5e8                SIN_LUT
 *(EXCLUDE_FILE(*.twl*) .gnu.linkonce.r*)
                0x000000000200f6ec                . = ALIGN (0x4)
 *fill*         0x000000000200f6ea        0x2 ff

.ARM.extab
 *(.ARM.extab* .gnu.linkonce.armextab.*)
                0x000000000200f6ec                __exidx_start = .

ARM.exidx
 *(.ARM.exidx* .gnu.linkonce.armexidx.*)
                0x000000000200f6ec                __exidx_end = .
                0x000000000200f6ec                . = ALIGN (0x4)
                0x000000000200f6ec                PROVIDE (__preinit_array_start = .)

.preinit_array
 *(.preinit_array)
                0x000000000200f6ec                PROVIDE (__preinit_array_end = .)
                0x000000000200f6ec                PROVIDE (__init_array_start = .)

.init_array     0x000000000200f6ec        0x4
 *(SORT_BY_NAME(.init_array.*))
 *(.init_array)
 .init_array    0x000000000200f6ec        0x4 c:/devkitpro/devkitarm/bin/../lib/gcc/arm-none-eabi/11.2.0/crtbegin.o
                0x000000000200f6f0                PROVIDE (__init_array_end = .)
                [!provide]                        PROVIDE (__fini_array_start = .)

.fini_array     0x000000000200f6f0        0x4
 *(.fini_array)
 .fini_array    0x000000000200f6f0        0x4 c:/devkitpro/devkitarm/bin/../lib/gcc/arm-none-eabi/11.2.0/crtbegin.o
 *(SORT_BY_NAME(.fini_array.*))
                [!provide]                        PROVIDE (__fini_array_end = .)

.ctors          0x000000000200f6f4        0x0
 *crtbegin.o(.ctors)
 *(EXCLUDE_FILE(*crtend.o) .ctors)
 *(SORT_BY_NAME(.ctors.*))
 *(.ctors)
                0x000000000200f6f4                . = ALIGN (0x4)

.dtors          0x000000000200f6f4        0x0
 *crtbegin.o(.dtors)
 *(EXCLUDE_FILE(*crtend.o) .dtors)
 *(SORT_BY_NAME(.dtors.*))
 *(.dtors)
                0x000000000200f6f4                . = ALIGN (0x4)

.eh_frame       0x000000000200f6f4        0x4
 *(.eh_frame)
 .eh_frame      0x000000000200f6f4        0x0 c:/devkitpro/devkitarm/bin/../lib/gcc/arm-none-eabi/11.2.0/crtbegin.o
 .eh_frame      0x000000000200f6f4        0x4 c:/devkitpro/devkitarm/bin/../lib/gcc/arm-none-eabi/11.2.0/crtend.o
                0x000000000200f6f8                . = ALIGN (0x4)

.rel.dyn        0x000000000200f6f8        0x0
 .rel.iplt      0x000000000200f6f8        0x0 c:/devkitpro/devkitarm/bin/../lib/gcc/arm-none-eabi/11.2.0/../../../../arm-none-eabi/lib/ds_arm9_crt0.o

.gcc_except_table
                0x000000000200f6f8        0x0
 *(.gcc_except_table)
                0x000000000200f6f8                . = ALIGN (0x4)

.jcr
 *(.jcr)

.got
 *(.got.plt)
 *(.got)
 *(.rel.got)

.ewram          0x000000000200f6f8        0x0
                0x000000000200f6f8                __ewram_start = ABSOLUTE (.)
 *(.ewram)
 *ewram.*(.text)
                0x000000000200f6f8                . = ALIGN (0x4)

.data           0x000000000200f6f8      0x958
                0x000000000200f6f8                __data_start = ABSOLUTE (.)
 *(EXCLUDE_FILE(*.twl*) .data)
 .data          0x000000000200f6f8       0x18 main.o
                0x000000000200f6f8                Speed
                0x000000000200f6fc                PlayerY
                0x000000000200f700                GravityForce
                0x000000000200f704                JumpForce
                0x000000000200f708                FramesToJump
                0x000000000200f70c                FramesInAir
 .data          0x000000000200f710       0x28 C:/devkitPro/libnds/lib\libnds9.a(mpu_setup.o)
 *(EXCLUDE_FILE(*.twl*) .data.*)
 .data.bgControl
                0x000000000200f738       0x20 C:/devkitPro/libnds/lib\libnds9.a(background.o)
                0x000000000200f738                bgControl
 .data.bgScrollTable
                0x000000000200f758       0x20 C:/devkitPro/libnds/lib\libnds9.a(background.o)
                0x000000000200f758                bgScrollTable
 .data.bgTransform
                0x000000000200f778       0x20 C:/devkitPro/libnds/lib\libnds9.a(background.o)
                0x000000000200f778                bgTransform
 .data.oamMain  0x000000000200f798       0x18 C:/devkitPro/libnds/lib\libnds9.a(sprite.o)
                0x000000000200f798                oamMain
 .data.oamSub   0x000000000200f7b0       0x18 C:/devkitPro/libnds/lib\libnds9.a(sprite.o)
                0x000000000200f7b0                oamSub
 .data.count    0x000000000200f7c8        0x1 C:/devkitPro/libnds/lib\libnds9.a(keys.o)
 .data.delay    0x000000000200f7c9        0x1 C:/devkitPro/libnds/lib\libnds9.a(keys.o)
 .data.repeat   0x000000000200f7ca        0x1 C:/devkitPro/libnds/lib\libnds9.a(keys.o)
 *fill*         0x000000000200f7cb        0x1 ff
 .data.fifo_buffer_free
                0x000000000200f7cc        0x4 C:/devkitPro/libnds/lib\libnds9.a(fifosystem.o)
                0x000000000200f7cc                fifo_buffer_free
 .data.fifo_freewords
                0x000000000200f7d0        0x4 C:/devkitPro/libnds/lib\libnds9.a(fifosystem.o)
                0x000000000200f7d0                fifo_freewords
 .data.fifo_receive_queue
                0x000000000200f7d4        0x4 C:/devkitPro/libnds/lib\libnds9.a(fifosystem.o)
                0x000000000200f7d4                fifo_receive_queue
 .data.fifo_send_queue
                0x000000000200f7d8        0x4 C:/devkitPro/libnds/lib\libnds9.a(fifosystem.o)
                0x000000000200f7d8                fifo_send_queue
 .data.__malloc_av_
                0x000000000200f7dc      0x408 c:/devkitpro/devkitarm/bin/../lib/gcc/arm-none-eabi/11.2.0/../../../../arm-none-eabi/lib\libg.a(lib_a-mallocr.o)
                0x000000000200f7dc                __malloc_av_
 .data.__malloc_sbrk_base
                0x000000000200fbe4        0x4 c:/devkitpro/devkitarm/bin/../lib/gcc/arm-none-eabi/11.2.0/../../../../arm-none-eabi/lib\libg.a(lib_a-mallocr.o)
                0x000000000200fbe4                __malloc_sbrk_base
 .data.__malloc_trim_threshold
                0x000000000200fbe8        0x4 c:/devkitpro/devkitarm/bin/../lib/gcc/arm-none-eabi/11.2.0/../../../../arm-none-eabi/lib\libg.a(lib_a-mallocr.o)
                0x000000000200fbe8                __malloc_trim_threshold
 .data._impure_ptr
                0x000000000200fbec        0x4 c:/devkitpro/devkitarm/bin/../lib/gcc/arm-none-eabi/11.2.0/../../../../arm-none-eabi/lib\libg.a(lib_a-impure.o)
                0x000000000200fbec                _impure_ptr
 *fill*         0x000000000200fbf0        0x0 ff
 .data.impure_data
                0x000000000200fbf0      0x460 c:/devkitpro/devkitarm/bin/../lib/gcc/arm-none-eabi/11.2.0/../../../../arm-none-eabi/lib\libg.a(lib_a-impure.o)
 *(EXCLUDE_FILE(*.twl*) .gnu.linkonce.d*)
                0x0000000002010050                . = ALIGN (0x4)
                0x0000000002010050                __data_end = ABSOLUTE (.)
                0x0000000002010050                __bss_vma = .

.igot.plt       0x0000000002010050        0x0
 .igot.plt      0x0000000002010050        0x0 c:/devkitpro/devkitarm/bin/../lib/gcc/arm-none-eabi/11.2.0/../../../../arm-none-eabi/lib/ds_arm9_crt0.o

.dtcm           0x0000000002ff0000        0x0 load address 0x0000000002010050
                0x0000000002010050                __dtcm_lma = LOADADDR (.dtcm)
                0x0000000002ff0000                __dtcm_start = ABSOLUTE (.)
 *(.dtcm)
 *(.dtcm.*)
                0x0000000002ff0000                . = ALIGN (0x4)
                0x0000000002ff0000                __dtcm_end = ABSOLUTE (.)

.itcm           0x0000000001000100      0x194 load address 0x0000000002010050
                0x0000000002010050                __itcm_lma = LOADADDR (.itcm)
                0x0000000001000100                __itcm_start = ABSOLUTE (.)
 *(.itcm)
 .itcm          0x0000000001000100       0xc8 C:/devkitPro/libnds/lib\libnds9.a(interrupts.o)
                0x0000000001000100                irqTable
 .itcm          0x00000000010001c8       0xcc C:/devkitPro/libnds/lib\libnds9.a(interruptDispatcher.o)
                0x00000000010001c8                IntrMain
 *.itcm*(.text .stub .text.*)
                0x0000000001000294                . = ALIGN (0x4)
                0x0000000001000294                __itcm_end = ABSOLUTE (.)

.vectors        0x0000000001000000        0x0 load address 0x00000000020101e4
                0x00000000020101e4                __vectors_lma = LOADADDR (.vectors)
                0x0000000001000000                __vectors_start = ABSOLUTE (.)
 *(.vectors .vectors.*)
                0x0000000001000000                . = ALIGN (0x4)
                0x0000000001000000                __vectors_end = ABSOLUTE (.)

.sbss           0x0000000002ff0000        0x0
                0x0000000002ff0000                __sbss_start = ABSOLUTE (.)
                0x0000000002ff0000                __sbss_start__ = ABSOLUTE (.)
 *(.sbss)
                0x0000000002ff0000                . = ALIGN (0x4)
                0x0000000002ff0000                __sbss_end = ABSOLUTE (.)

.bss            0x0000000002010050     0x1814
                0x0000000002010050                __bss_start = ABSOLUTE (.)
                0x0000000002010050                __bss_start__ = ABSOLUTE (.)
 *(EXCLUDE_FILE(*.twl*) .dynbss)
 *(EXCLUDE_FILE(*.twl*) .gnu.linkonce.b*)
 *(EXCLUDE_FILE(*.twl*) .bss*)
 .bss.completed.1
                0x0000000002010050        0x1 c:/devkitpro/devkitarm/bin/../lib/gcc/arm-none-eabi/11.2.0/crtbegin.o
 *fill*         0x0000000002010051        0x3 
 .bss.object.0  0x0000000002010054       0x18 c:/devkitpro/devkitarm/bin/../lib/gcc/arm-none-eabi/11.2.0/crtbegin.o
 .bss           0x000000000201006c      0x415 main.o
                0x000000000201006c                OAMCopy
                0x000000000201046c                frame
                0x0000000002010470                PlayerX
                0x0000000002010474                PlayerJumpState
                0x0000000002010478                FramesJumpDone
                0x000000000201047c                FramesAirDone
                0x0000000002010480                TouchType
 *fill*         0x0000000002010481        0x3 
 .bss.bgIsTextLut
                0x0000000002010484        0x8 C:/devkitPro/libnds/lib\libnds9.a(background.o)
                0x0000000002010484                bgIsTextLut
 .bss.bgState   0x000000000201048c      0x140 C:/devkitPro/libnds/lib\libnds9.a(background.o)
                0x000000000201048c                bgState
 .bss.OamMemory
                0x00000000020105cc      0x400 C:/devkitPro/libnds/lib\libnds9.a(sprite.o)
                0x00000000020105cc                OamMemory
 .bss.OamMemorySub
                0x00000000020109cc      0x400 C:/devkitPro/libnds/lib\libnds9.a(sprite.o)
                0x00000000020109cc                OamMemorySub
 .bss.keys      0x0000000002010dcc        0x2 C:/devkitPro/libnds/lib\libnds9.a(keys.o)
 .bss.keysold   0x0000000002010dce        0x2 C:/devkitPro/libnds/lib\libnds9.a(keys.o)
 .bss.keysrepeat
                0x0000000002010dd0        0x2 C:/devkitPro/libnds/lib\libnds9.a(keys.o)
 .bss.__dsimode
                0x0000000002010dd2        0x1 C:/devkitPro/libnds/lib\libnds9.a(initSystem.o)
                0x0000000002010dd2                __dsimode
 *fill*         0x0000000002010dd3        0x1 
 .bss.punixTime
                0x0000000002010dd4        0x4 C:/devkitPro/libnds/lib\libnds9.a(initSystem.o)
                0x0000000002010dd4                punixTime
 .bss.fifo_address_data
                0x0000000002010dd8       0x40 C:/devkitPro/libnds/lib\libnds9.a(fifosystem.o)
                0x0000000002010dd8                fifo_address_data
 .bss.fifo_address_func
                0x0000000002010e18       0x40 C:/devkitPro/libnds/lib\libnds9.a(fifosystem.o)
                0x0000000002010e18                fifo_address_func
 .bss.fifo_address_queue
                0x0000000002010e58       0x40 C:/devkitPro/libnds/lib\libnds9.a(fifosystem.o)
                0x0000000002010e58                fifo_address_queue
 .bss.fifo_buffer
                0x0000000002010e98      0x800 C:/devkitPro/libnds/lib\libnds9.a(fifosystem.o)
                0x0000000002010e98                fifo_buffer
 .bss.fifo_data_queue
                0x0000000002011698       0x40 C:/devkitPro/libnds/lib\libnds9.a(fifosystem.o)
                0x0000000002011698                fifo_data_queue
 .bss.fifo_datamsg_data
                0x00000000020116d8       0x40 C:/devkitPro/libnds/lib\libnds9.a(fifosystem.o)
                0x00000000020116d8                fifo_datamsg_data
 .bss.fifo_datamsg_func
                0x0000000002011718       0x40 C:/devkitPro/libnds/lib\libnds9.a(fifosystem.o)
                0x0000000002011718                fifo_datamsg_func
 .bss.fifo_value32_data
                0x0000000002011758       0x40 C:/devkitPro/libnds/lib\libnds9.a(fifosystem.o)
                0x0000000002011758                fifo_value32_data
 .bss.fifo_value32_func
                0x0000000002011798       0x40 C:/devkitPro/libnds/lib\libnds9.a(fifosystem.o)
                0x0000000002011798                fifo_value32_func
 .bss.fifo_value32_queue
                0x00000000020117d8       0x40 C:/devkitPro/libnds/lib\libnds9.a(fifosystem.o)
                0x00000000020117d8                fifo_value32_queue
 .bss.processing
                0x0000000002011818        0x4 C:/devkitPro/libnds/lib\libnds9.a(fifosystem.o)
                0x0000000002011818                processing
 .bss.SDcallback
                0x000000000201181c        0x4 C:/devkitPro/libnds/lib\libnds9.a(system.o)
 .bss.__malloc_current_mallinfo
                0x0000000002011820       0x28 c:/devkitpro/devkitarm/bin/../lib/gcc/arm-none-eabi/11.2.0/../../../../arm-none-eabi/lib\libg.a(lib_a-mallocr.o)
                0x0000000002011820                __malloc_current_mallinfo
 .bss.__malloc_top_pad
                0x0000000002011848        0x4 c:/devkitpro/devkitarm/bin/../lib/gcc/arm-none-eabi/11.2.0/../../../../arm-none-eabi/lib\libg.a(lib_a-mallocr.o)
                0x0000000002011848                __malloc_top_pad
 .bss.__malloc_recursive_mutex
                0x000000000201184c        0xc c:/devkitpro/devkitarm/bin/../lib/gcc/arm-none-eabi/11.2.0/../../../../arm-none-eabi/lib\libg.a(lib_a-mlock.o)
 .bss.heap_start.0
                0x0000000002011858        0x4 c:/devkitpro/devkitarm/bin/../lib/gcc/arm-none-eabi/11.2.0/../../../../arm-none-eabi/lib\libsysbase.a(sbrk.o)
 .bss.fake_heap_end
                0x000000000201185c        0x4 c:/devkitpro/devkitarm/bin/../lib/gcc/arm-none-eabi/11.2.0/../../../../arm-none-eabi/lib\libsysbase.a(malloc_vars.o)
                0x000000000201185c                fake_heap_end
 .bss.fake_heap_start
                0x0000000002011860        0x4 c:/devkitpro/devkitarm/bin/../lib/gcc/arm-none-eabi/11.2.0/../../../../arm-none-eabi/lib\libsysbase.a(malloc_vars.o)
                0x0000000002011860                fake_heap_start
 *(EXCLUDE_FILE(*.twl*) COMMON)
                0x0000000002011864                . = ALIGN (0x4)
                0x0000000002011864                __bss_end__ = ABSOLUTE (.)
                0x0000000002011864                __end__ = ABSOLUTE (.)

.twl            0x0000000002011864        0x0 load address 0x0000000002400000
                0x0000000002400000                __arm9i_lma__ = LOADADDR (.twl)
                0x0000000002011864                __arm9i_start__ = ABSOLUTE (.)
 *(.twl)
 *.twl*(.text .stub .text.* .gnu.linkonce.t.*)
 *.twl*(.rodata)
 *.twl*(.roda)
 *.twl*(.rodata.*)
 *.twl*(.data)
 *.twl*(.data.*)
 *.twl*(.gnu.linkonce.d*)
                0x0000000002011864                __arm9i_end__ = ABSOLUTE (.)

.twl_bss        0x0000000002011864        0x0
                0x0000000002011864                __twl_bss_start__ = ABSOLUTE (.)
 *(.twl_bss)
 *.twl*(.dynbss)
 *.twl*(.gnu.linkonce.b*)
 *.twl*(.bss*)
 *.twl*(COMMON)
                0x0000000002011864                . = ALIGN (0x4)
                0x0000000002011864                __twl_bss_end__ = ABSOLUTE (.)
                0x0000000002011864                __twl_end__ = ABSOLUTE (.)

.stab
 *(.stab)

.stabstr
 *(.stabstr)

.stab.excl
 *(.stab.excl)

.stab.exclstr
 *(.stab.exclstr)

.stab.index
 *(.stab.index)

.stab.indexstr
 *(.stab.indexstr)

.comment        0x0000000000000000       0x23
 *(.comment)
 .comment       0x0000000000000000       0x23 c:/devkitpro/devkitarm/bin/../lib/gcc/arm-none-eabi/11.2.0/crtbegin.o
                                         0x24 (size before relaxing)
 .comment       0x0000000000000023       0x24 main.o
 .comment       0x0000000000000023       0x24 C:/devkitPro/libnds/lib\libnds9.a(background.o)
 .comment       0x0000000000000023       0x24 C:/devkitPro/libnds/lib\libnds9.a(trig.o)
 .comment       0x0000000000000023       0x24 C:/devkitPro/libnds/lib\libnds9.a(touch.o)
 .comment       0x0000000000000023       0x24 C:/devkitPro/libnds/lib\libnds9.a(sprite.o)
 .comment       0x0000000000000023       0x24 C:/devkitPro/libnds/lib\libnds9.a(keys.o)
 .comment       0x0000000000000023       0x24 C:/devkitPro/libnds/lib\libnds9.a(initSystem.o)
 .comment       0x0000000000000023       0x24 C:/devkitPro/libnds/lib\libnds9.a(securearea.o)
 .comment       0x0000000000000023       0x24 C:/devkitPro/libnds/lib\libnds9.a(interrupts.o)
 .comment       0x0000000000000023       0x24 C:/devkitPro/libnds/lib\libnds9.a(libnds_exit.arm.o)
 .comment       0x0000000000000023       0x24 C:/devkitPro/libnds/lib\libnds9.a(fifosystem.o)
 .comment       0x0000000000000023       0x24 C:/devkitPro/libnds/lib\libnds9.a(video.o)
 .comment       0x0000000000000023       0x24 C:/devkitPro/libnds/lib\libnds9.a(sprite_alloc.o)
 .comment       0x0000000000000023       0x24 C:/devkitPro/libnds/lib\libnds9.a(system.o)
 .comment       0x0000000000000023       0x24 c:/devkitpro/devkitarm/bin/../lib/gcc/arm-none-eabi/11.2.0/../../../../arm-none-eabi/lib\libg.a(lib_a-init.o)
 .comment       0x0000000000000023       0x24 c:/devkitpro/devkitarm/bin/../lib/gcc/arm-none-eabi/11.2.0/../../../../arm-none-eabi/lib\libg.a(lib_a-malloc.o)
 .comment       0x0000000000000023       0x24 c:/devkitpro/devkitarm/bin/../lib/gcc/arm-none-eabi/11.2.0/../../../../arm-none-eabi/lib\libg.a(lib_a-mallocr.o)
 .comment       0x0000000000000023       0x24 c:/devkitpro/devkitarm/bin/../lib/gcc/arm-none-eabi/11.2.0/../../../../arm-none-eabi/lib\libg.a(lib_a-memcpy-stub.o)
 .comment       0x0000000000000023       0x24 c:/devkitpro/devkitarm/bin/../lib/gcc/arm-none-eabi/11.2.0/../../../../arm-none-eabi/lib\libg.a(lib_a-memset.o)
 .comment       0x0000000000000023       0x24 c:/devkitpro/devkitarm/bin/../lib/gcc/arm-none-eabi/11.2.0/../../../../arm-none-eabi/lib\libg.a(lib_a-mlock.o)
 .comment       0x0000000000000023       0x24 c:/devkitpro/devkitarm/bin/../lib/gcc/arm-none-eabi/11.2.0/../../../../arm-none-eabi/lib\libg.a(lib_a-freer.o)
 .comment       0x0000000000000023       0x24 c:/devkitpro/devkitarm/bin/../lib/gcc/arm-none-eabi/11.2.0/../../../../arm-none-eabi/lib\libsysbase.a(sbrk.o)
 .comment       0x0000000000000023       0x24 c:/devkitpro/devkitarm/bin/../lib/gcc/arm-none-eabi/11.2.0/../../../../arm-none-eabi/lib\libsysbase.a(malloc_vars.o)
 .comment       0x0000000000000023       0x24 c:/devkitpro/devkitarm/bin/../lib/gcc/arm-none-eabi/11.2.0/../../../../arm-none-eabi/lib\libsysbase.a(build_argv.o)
 .comment       0x0000000000000023       0x24 c:/devkitpro/devkitarm/bin/../lib/gcc/arm-none-eabi/11.2.0/../../../../arm-none-eabi/lib\libsysbase.a(getreent.o)
 .comment       0x0000000000000023       0x24 c:/devkitpro/devkitarm/bin/../lib/gcc/arm-none-eabi/11.2.0/../../../../arm-none-eabi/lib\libsysbase.a(syscall_support.o)
 .comment       0x0000000000000023       0x24 c:/devkitpro/devkitarm/bin/../lib/gcc/arm-none-eabi/11.2.0/../../../../arm-none-eabi/lib\libg.a(lib_a-impure.o)
 .comment       0x0000000000000023       0x24 c:/devkitpro/devkitarm/bin/../lib/gcc/arm-none-eabi/11.2.0/crtend.o

.ARM.attributes
                0x0000000000000000       0x2d
 .ARM.attributes
                0x0000000000000000       0x21 c:/devkitpro/devkitarm/bin/../lib/gcc/arm-none-eabi/11.2.0/../../../../arm-none-eabi/lib/ds_arm9_crt0.o
 .ARM.attributes
                0x0000000000000021       0x1c c:/devkitpro/devkitarm/bin/../lib/gcc/arm-none-eabi/11.2.0/crti.o
 .ARM.attributes
                0x000000000000003d       0x2a c:/devkitpro/devkitarm/bin/../lib/gcc/arm-none-eabi/11.2.0/crtbegin.o
 .ARM.attributes
                0x0000000000000067       0x1b DeS.o
 .ARM.attributes
                0x0000000000000082       0x1b Store.o
 .ARM.attributes
                0x000000000000009d       0x2b main.o
 .ARM.attributes
                0x00000000000000c8       0x2b C:/devkitPro/libnds/lib\libnds9.a(background.o)
 .ARM.attributes
                0x00000000000000f3       0x2b C:/devkitPro/libnds/lib\libnds9.a(trig.o)
 .ARM.attributes
                0x000000000000011e       0x2b C:/devkitPro/libnds/lib\libnds9.a(touch.o)
 .ARM.attributes
                0x0000000000000149       0x2b C:/devkitPro/libnds/lib\libnds9.a(sprite.o)
 .ARM.attributes
                0x0000000000000174       0x2b C:/devkitPro/libnds/lib\libnds9.a(keys.o)
 .ARM.attributes
                0x000000000000019f       0x2b C:/devkitPro/libnds/lib\libnds9.a(initSystem.o)
 .ARM.attributes
                0x00000000000001ca       0x2b C:/devkitPro/libnds/lib\libnds9.a(securearea.o)
 .ARM.attributes
                0x00000000000001f5       0x2b C:/devkitPro/libnds/lib\libnds9.a(interrupts.o)
 .ARM.attributes
                0x0000000000000220       0x2b C:/devkitPro/libnds/lib\libnds9.a(libnds_exit.arm.o)
 .ARM.attributes
                0x000000000000024b       0x2b C:/devkitPro/libnds/lib\libnds9.a(fifosystem.o)
 .ARM.attributes
                0x0000000000000276       0x1b C:/devkitPro/libnds/lib\libnds9.a(dcache.o)
 .ARM.attributes
                0x0000000000000291       0x21 C:/devkitPro/libnds/lib\libnds9.a(mpu_setup.o)
 .ARM.attributes
                0x00000000000002b2       0x21 C:/devkitPro/libnds/lib\libnds9.a(IntrWait.o)
 .ARM.attributes
                0x00000000000002d3       0x21 C:/devkitPro/libnds/lib\libnds9.a(cpu_clock.o)
 .ARM.attributes
                0x00000000000002f4       0x1b C:/devkitPro/libnds/lib\libnds9.a(interruptDispatcher.o)
 .ARM.attributes
                0x000000000000030f       0x21 C:/devkitPro/libnds/lib\libnds9.a(swiSoftReset.o)
 .ARM.attributes
                0x0000000000000330       0x2b C:/devkitPro/libnds/lib\libnds9.a(video.o)
 .ARM.attributes
                0x000000000000035b       0x2b C:/devkitPro/libnds/lib\libnds9.a(sprite_alloc.o)
 .ARM.attributes
                0x0000000000000386       0x2b C:/devkitPro/libnds/lib\libnds9.a(system.o)
 .ARM.attributes
                0x00000000000003b1       0x1b C:/devkitPro/libnds/lib\libnds9.a(biosCalls.o)
 .ARM.attributes
                0x00000000000003cc       0x2a c:/devkitpro/devkitarm/bin/../lib/gcc/arm-none-eabi/11.2.0/../../../../arm-none-eabi/lib\libg.a(lib_a-init.o)
 .ARM.attributes
                0x00000000000003f6       0x2a c:/devkitpro/devkitarm/bin/../lib/gcc/arm-none-eabi/11.2.0/../../../../arm-none-eabi/lib\libg.a(lib_a-malloc.o)
 .ARM.attributes
                0x0000000000000420       0x2a c:/devkitpro/devkitarm/bin/../lib/gcc/arm-none-eabi/11.2.0/../../../../arm-none-eabi/lib\libg.a(lib_a-mallocr.o)
 .ARM.attributes
                0x000000000000044a       0x2a c:/devkitpro/devkitarm/bin/../lib/gcc/arm-none-eabi/11.2.0/../../../../arm-none-eabi/lib\libg.a(lib_a-memcpy-stub.o)
 .ARM.attributes
                0x0000000000000474       0x2a c:/devkitpro/devkitarm/bin/../lib/gcc/arm-none-eabi/11.2.0/../../../../arm-none-eabi/lib\libg.a(lib_a-memset.o)
 .ARM.attributes
                0x000000000000049e       0x2a c:/devkitpro/devkitarm/bin/../lib/gcc/arm-none-eabi/11.2.0/../../../../arm-none-eabi/lib\libg.a(lib_a-mlock.o)
 .ARM.attributes
                0x00000000000004c8       0x2a c:/devkitpro/devkitarm/bin/../lib/gcc/arm-none-eabi/11.2.0/../../../../arm-none-eabi/lib\libg.a(lib_a-freer.o)
 .ARM.attributes
                0x00000000000004f2       0x2a c:/devkitpro/devkitarm/bin/../lib/gcc/arm-none-eabi/11.2.0/../../../../arm-none-eabi/lib\libsysbase.a(sbrk.o)
 .ARM.attributes
                0x000000000000051c       0x30 c:/devkitpro/devkitarm/bin/../lib/gcc/arm-none-eabi/11.2.0/../../../../arm-none-eabi/lib\libsysbase.a(malloc_vars.o)
 .ARM.attributes
                0x000000000000054c       0x2a c:/devkitpro/devkitarm/bin/../lib/gcc/arm-none-eabi/11.2.0/../../../../arm-none-eabi/lib\libsysbase.a(build_argv.o)
 .ARM.attributes
                0x0000000000000576       0x2a c:/devkitpro/devkitarm/bin/../lib/gcc/arm-none-eabi/11.2.0/../../../../arm-none-eabi/lib\libsysbase.a(getreent.o)
 .ARM.attributes
                0x00000000000005a0       0x2a c:/devkitpro/devkitarm/bin/../lib/gcc/arm-none-eabi/11.2.0/../../../../arm-none-eabi/lib\libsysbase.a(syscall_support.o)
 .ARM.attributes
                0x00000000000005ca       0x30 c:/devkitpro/devkitarm/bin/../lib/gcc/arm-none-eabi/11.2.0/../../../../arm-none-eabi/lib\libg.a(lib_a-impure.o)
 .ARM.attributes
                0x00000000000005fa       0x30 c:/devkitpro/devkitarm/bin/../lib/gcc/arm-none-eabi/11.2.0/crtend.o
 .ARM.attributes
                0x000000000000062a       0x1c c:/devkitpro/devkitarm/bin/../lib/gcc/arm-none-eabi/11.2.0/crtn.o

.debug
 *(.debug)

.line
 *(.line)

.debug_srcinfo
 *(.debug_srcinfo)

.debug_sfnames
 *(.debug_sfnames)

.debug_aranges  0x0000000000000000      0x5b0
 *(.debug_aranges)
 .debug_aranges
                0x0000000000000000       0x28 main.o
 .debug_aranges
                0x0000000000000028       0x40 C:/devkitPro/libnds/lib\libnds9.a(background.o)
 .debug_aranges
                0x0000000000000068       0x60 C:/devkitPro/libnds/lib\libnds9.a(trig.o)
 .debug_aranges
                0x00000000000000c8       0x28 C:/devkitPro/libnds/lib\libnds9.a(touch.o)
 .debug_aranges
                0x00000000000000f0       0x60 C:/devkitPro/libnds/lib\libnds9.a(sprite.o)
 .debug_aranges
                0x0000000000000150       0x50 C:/devkitPro/libnds/lib\libnds9.a(keys.o)
 .debug_aranges
                0x00000000000001a0       0x30 C:/devkitPro/libnds/lib\libnds9.a(initSystem.o)
 .debug_aranges
                0x00000000000001d0       0x18 C:/devkitPro/libnds/lib\libnds9.a(securearea.o)
 .debug_aranges
                0x00000000000001e8       0x50 C:/devkitPro/libnds/lib\libnds9.a(interrupts.o)
 .debug_aranges
                0x0000000000000238       0x28 C:/devkitPro/libnds/lib\libnds9.a(libnds_exit.arm.o)
 .debug_aranges
                0x0000000000000260       0xb0 C:/devkitPro/libnds/lib\libnds9.a(fifosystem.o)
 .debug_aranges
                0x0000000000000310       0x38 C:/devkitPro/libnds/lib\libnds9.a(dcache.o)
 .debug_aranges
                0x0000000000000348       0x30 C:/devkitPro/libnds/lib\libnds9.a(mpu_setup.o)
 .debug_aranges
                0x0000000000000378       0x28 C:/devkitPro/libnds/lib\libnds9.a(IntrWait.o)
 .debug_aranges
                0x00000000000003a0       0x20 C:/devkitPro/libnds/lib\libnds9.a(cpu_clock.o)
 .debug_aranges
                0x00000000000003c0       0x20 C:/devkitPro/libnds/lib\libnds9.a(interruptDispatcher.o)
 .debug_aranges
                0x00000000000003e0       0x20 C:/devkitPro/libnds/lib\libnds9.a(swiSoftReset.o)
 .debug_aranges
                0x0000000000000400       0x48 C:/devkitPro/libnds/lib\libnds9.a(video.o)
 .debug_aranges
                0x0000000000000448       0x38 C:/devkitPro/libnds/lib\libnds9.a(sprite_alloc.o)
 .debug_aranges
                0x0000000000000480       0x68 C:/devkitPro/libnds/lib\libnds9.a(system.o)
 .debug_aranges
                0x00000000000004e8       0xc8 C:/devkitPro/libnds/lib\libnds9.a(biosCalls.o)

.debug_pubnames
 *(.debug_pubnames)

.debug_info     0x0000000000000000     0xa0ab
 *(.debug_info)
 .debug_info    0x0000000000000000     0x169d main.o
 .debug_info    0x000000000000169d      0xa9c C:/devkitPro/libnds/lib\libnds9.a(background.o)
 .debug_info    0x0000000000002139      0x793 C:/devkitPro/libnds/lib\libnds9.a(trig.o)
 .debug_info    0x00000000000028cc      0x329 C:/devkitPro/libnds/lib\libnds9.a(touch.o)
 .debug_info    0x0000000000002bf5      0xd00 C:/devkitPro/libnds/lib\libnds9.a(sprite.o)
 .debug_info    0x00000000000038f5      0x43b C:/devkitPro/libnds/lib\libnds9.a(keys.o)
 .debug_info    0x0000000000003d30     0x113e C:/devkitPro/libnds/lib\libnds9.a(initSystem.o)
 .debug_info    0x0000000000004e6e       0x5a C:/devkitPro/libnds/lib\libnds9.a(securearea.o)
 .debug_info    0x0000000000004ec8      0x68d C:/devkitPro/libnds/lib\libnds9.a(interrupts.o)
 .debug_info    0x0000000000005555      0x367 C:/devkitPro/libnds/lib\libnds9.a(libnds_exit.arm.o)
 .debug_info    0x00000000000058bc     0x183f C:/devkitPro/libnds/lib\libnds9.a(fifosystem.o)
 .debug_info    0x00000000000070fb       0x23 C:/devkitPro/libnds/lib\libnds9.a(dcache.o)
 .debug_info    0x000000000000711e       0x23 C:/devkitPro/libnds/lib\libnds9.a(mpu_setup.o)
 .debug_info    0x0000000000007141       0x23 C:/devkitPro/libnds/lib\libnds9.a(IntrWait.o)
 .debug_info    0x0000000000007164       0x24 C:/devkitPro/libnds/lib\libnds9.a(cpu_clock.o)
 .debug_info    0x0000000000007188       0x25 C:/devkitPro/libnds/lib\libnds9.a(interruptDispatcher.o)
 .debug_info    0x00000000000071ad       0x24 C:/devkitPro/libnds/lib\libnds9.a(swiSoftReset.o)
 .debug_info    0x00000000000071d1      0x790 C:/devkitPro/libnds/lib\libnds9.a(video.o)
 .debug_info    0x0000000000007961     0x1cb1 C:/devkitPro/libnds/lib\libnds9.a(sprite_alloc.o)
 .debug_info    0x0000000000009612      0xa76 C:/devkitPro/libnds/lib\libnds9.a(system.o)
 .debug_info    0x000000000000a088       0x23 C:/devkitPro/libnds/lib\libnds9.a(biosCalls.o)

.debug_abbrev   0x0000000000000000     0x290f
 *(.debug_abbrev)
 .debug_abbrev  0x0000000000000000      0x551 main.o
 .debug_abbrev  0x0000000000000551      0x366 C:/devkitPro/libnds/lib\libnds9.a(background.o)
 .debug_abbrev  0x00000000000008b7      0x26e C:/devkitPro/libnds/lib\libnds9.a(trig.o)
 .debug_abbrev  0x0000000000000b25      0x157 C:/devkitPro/libnds/lib\libnds9.a(touch.o)
 .debug_abbrev  0x0000000000000c7c      0x3de C:/devkitPro/libnds/lib\libnds9.a(sprite.o)
 .debug_abbrev  0x000000000000105a      0x1a7 C:/devkitPro/libnds/lib\libnds9.a(keys.o)
 .debug_abbrev  0x0000000000001201      0x3e1 C:/devkitPro/libnds/lib\libnds9.a(initSystem.o)
 .debug_abbrev  0x00000000000015e2       0x47 C:/devkitPro/libnds/lib\libnds9.a(securearea.o)
 .debug_abbrev  0x0000000000001629      0x2da C:/devkitPro/libnds/lib\libnds9.a(interrupts.o)
 .debug_abbrev  0x0000000000001903      0x1ad C:/devkitPro/libnds/lib\libnds9.a(libnds_exit.arm.o)
 .debug_abbrev  0x0000000000001ab0      0x4bb C:/devkitPro/libnds/lib\libnds9.a(fifosystem.o)
 .debug_abbrev  0x0000000000001f6b       0x12 C:/devkitPro/libnds/lib\libnds9.a(dcache.o)
 .debug_abbrev  0x0000000000001f7d       0x12 C:/devkitPro/libnds/lib\libnds9.a(mpu_setup.o)
 .debug_abbrev  0x0000000000001f8f       0x12 C:/devkitPro/libnds/lib\libnds9.a(IntrWait.o)
 .debug_abbrev  0x0000000000001fa1       0x14 C:/devkitPro/libnds/lib\libnds9.a(cpu_clock.o)
 .debug_abbrev  0x0000000000001fb5       0x14 C:/devkitPro/libnds/lib\libnds9.a(interruptDispatcher.o)
 .debug_abbrev  0x0000000000001fc9       0x14 C:/devkitPro/libnds/lib\libnds9.a(swiSoftReset.o)
 .debug_abbrev  0x0000000000001fdd      0x24c C:/devkitPro/libnds/lib\libnds9.a(video.o)
 .debug_abbrev  0x0000000000002229      0x3b5 C:/devkitPro/libnds/lib\libnds9.a(sprite_alloc.o)
 .debug_abbrev  0x00000000000025de      0x31f C:/devkitPro/libnds/lib\libnds9.a(system.o)
 .debug_abbrev  0x00000000000028fd       0x12 C:/devkitPro/libnds/lib\libnds9.a(biosCalls.o)

.debug_line     0x0000000000000000     0x6d16
 *(.debug_line)
 .debug_line    0x0000000000000000      0x7c1 main.o
 .debug_line    0x00000000000007c1      0x725 C:/devkitPro/libnds/lib\libnds9.a(background.o)
 .debug_line    0x0000000000000ee6      0x837 C:/devkitPro/libnds/lib\libnds9.a(trig.o)
 .debug_line    0x000000000000171d      0x2d4 C:/devkitPro/libnds/lib\libnds9.a(touch.o)
 .debug_line    0x00000000000019f1      0x74e C:/devkitPro/libnds/lib\libnds9.a(sprite.o)
 .debug_line    0x000000000000213f      0x399 C:/devkitPro/libnds/lib\libnds9.a(keys.o)
 .debug_line    0x00000000000024d8      0x597 C:/devkitPro/libnds/lib\libnds9.a(initSystem.o)
 .debug_line    0x0000000000002a6f       0x8f C:/devkitPro/libnds/lib\libnds9.a(securearea.o)
 .debug_line    0x0000000000002afe      0x54c C:/devkitPro/libnds/lib\libnds9.a(interrupts.o)
 .debug_line    0x000000000000304a      0x23b C:/devkitPro/libnds/lib\libnds9.a(libnds_exit.arm.o)
 .debug_line    0x0000000000003285     0x14f5 C:/devkitPro/libnds/lib\libnds9.a(fifosystem.o)
 .debug_line    0x000000000000477a       0x96 C:/devkitPro/libnds/lib\libnds9.a(dcache.o)
 .debug_line    0x0000000000004810       0xe8 C:/devkitPro/libnds/lib\libnds9.a(mpu_setup.o)
 .debug_line    0x00000000000048f8       0x74 C:/devkitPro/libnds/lib\libnds9.a(IntrWait.o)
 .debug_line    0x000000000000496c       0x5c C:/devkitPro/libnds/lib\libnds9.a(cpu_clock.o)
 .debug_line    0x00000000000049c8       0x80 C:/devkitPro/libnds/lib\libnds9.a(interruptDispatcher.o)
 .debug_line    0x0000000000004a48       0x57 C:/devkitPro/libnds/lib\libnds9.a(swiSoftReset.o)
 .debug_line    0x0000000000004a9f      0x4b5 C:/devkitPro/libnds/lib\libnds9.a(video.o)
 .debug_line    0x0000000000004f54     0x1736 C:/devkitPro/libnds/lib\libnds9.a(sprite_alloc.o)
 .debug_line    0x000000000000668a      0x4dc C:/devkitPro/libnds/lib\libnds9.a(system.o)
 .debug_line    0x0000000000006b66      0x1b0 C:/devkitPro/libnds/lib\libnds9.a(biosCalls.o)

.debug_frame    0x0000000000000000      0x9fc
 *(.debug_frame)
 .debug_frame   0x0000000000000000       0x98 main.o
 .debug_frame   0x0000000000000098       0xb8 C:/devkitPro/libnds/lib\libnds9.a(background.o)
 .debug_frame   0x0000000000000150       0xd8 C:/devkitPro/libnds/lib\libnds9.a(trig.o)
 .debug_frame   0x0000000000000228       0x3c C:/devkitPro/libnds/lib\libnds9.a(touch.o)
 .debug_frame   0x0000000000000264       0xf0 C:/devkitPro/libnds/lib\libnds9.a(sprite.o)
 .debug_frame   0x0000000000000354       0x8c C:/devkitPro/libnds/lib\libnds9.a(keys.o)
 .debug_frame   0x00000000000003e0       0x5c C:/devkitPro/libnds/lib\libnds9.a(initSystem.o)
 .debug_frame   0x000000000000043c       0xa4 C:/devkitPro/libnds/lib\libnds9.a(interrupts.o)
 .debug_frame   0x00000000000004e0       0x38 C:/devkitPro/libnds/lib\libnds9.a(libnds_exit.arm.o)
 .debug_frame   0x0000000000000518      0x294 C:/devkitPro/libnds/lib\libnds9.a(fifosystem.o)
 .debug_frame   0x00000000000007ac       0xbc C:/devkitPro/libnds/lib\libnds9.a(video.o)
 .debug_frame   0x0000000000000868       0x9c C:/devkitPro/libnds/lib\libnds9.a(sprite_alloc.o)
 .debug_frame   0x0000000000000904       0xf8 C:/devkitPro/libnds/lib\libnds9.a(system.o)

.debug_str      0x0000000000000000     0x3565
 *(.debug_str)
 .debug_str     0x0000000000000000      0xef1 main.o
                                        0xf9f (size before relaxing)
 .debug_str     0x0000000000000ef1      0x3f4 C:/devkitPro/libnds/lib\libnds9.a(background.o)
                                        0x7a2 (size before relaxing)
 .debug_str     0x00000000000012e5      0x116 C:/devkitPro/libnds/lib\libnds9.a(trig.o)
                                        0x2fc (size before relaxing)
 .debug_str     0x00000000000013fb      0x13b C:/devkitPro/libnds/lib\libnds9.a(touch.o)
                                        0x332 (size before relaxing)
 .debug_str     0x0000000000001536      0x2c2 C:/devkitPro/libnds/lib\libnds9.a(sprite.o)
                                        0x870 (size before relaxing)
 .debug_str     0x00000000000017f8       0xc3 C:/devkitPro/libnds/lib\libnds9.a(keys.o)
                                        0x420 (size before relaxing)
 .debug_str     0x00000000000018bb      0x792 C:/devkitPro/libnds/lib\libnds9.a(initSystem.o)
                                        0xb81 (size before relaxing)
 .debug_str     0x000000000000204d       0x7f C:/devkitPro/libnds/lib\libnds9.a(securearea.o)
                                        0x16e (size before relaxing)
 .debug_str     0x00000000000020cc      0x19c C:/devkitPro/libnds/lib\libnds9.a(interrupts.o)
                                        0x496 (size before relaxing)
 .debug_str     0x0000000000002268      0x1cd C:/devkitPro/libnds/lib\libnds9.a(libnds_exit.arm.o)
                                        0x3e5 (size before relaxing)
 .debug_str     0x0000000000002435      0x470 C:/devkitPro/libnds/lib\libnds9.a(fifosystem.o)
                                        0x8a9 (size before relaxing)
 .debug_str     0x00000000000028a5       0x15 C:/devkitPro/libnds/lib\libnds9.a(dcache.o)
                                         0x69 (size before relaxing)
 .debug_str     0x00000000000028ba        0xc C:/devkitPro/libnds/lib\libnds9.a(mpu_setup.o)
                                         0x6c (size before relaxing)
 .debug_str     0x00000000000028c6        0xb C:/devkitPro/libnds/lib\libnds9.a(IntrWait.o)
                                         0x6b (size before relaxing)
 .debug_str     0x00000000000028d1        0xc C:/devkitPro/libnds/lib\libnds9.a(cpu_clock.o)
                                         0x6c (size before relaxing)
 .debug_str     0x00000000000028dd       0x16 C:/devkitPro/libnds/lib\libnds9.a(interruptDispatcher.o)
                                         0x76 (size before relaxing)
 .debug_str     0x00000000000028f3        0xf C:/devkitPro/libnds/lib\libnds9.a(swiSoftReset.o)
                                         0x6f (size before relaxing)
 .debug_str     0x0000000000002902      0x7e7 C:/devkitPro/libnds/lib\libnds9.a(video.o)
                                        0xc53 (size before relaxing)
 .debug_str     0x00000000000030e9      0x128 C:/devkitPro/libnds/lib\libnds9.a(sprite_alloc.o)
                                        0x7de (size before relaxing)
 .debug_str     0x0000000000003211      0x348 C:/devkitPro/libnds/lib\libnds9.a(system.o)
                                        0x798 (size before relaxing)
 .debug_str     0x0000000000003559        0xc C:/devkitPro/libnds/lib\libnds9.a(biosCalls.o)
                                         0x6c (size before relaxing)

.debug_loc
 *(.debug_loc)

.debug_macinfo
 *(.debug_macinfo)

.debug_weaknames
 *(.debug_weaknames)

.debug_funcnames
 *(.debug_funcnames)

.debug_typenames
 *(.debug_typenames)

.debug_varnames
 *(.debug_varnames)

.stack          0x0000000000080000        0x0
                0x0000000000080000                _stack = .
 *(.stack)
LOAD c:/devkitpro/devkitarm/bin/../lib/gcc/arm-none-eabi/11.2.0/../../../../arm-none-eabi/lib/ds_arm9_crt0.o
LOAD c:/devkitpro/devkitarm/bin/../lib/gcc/arm-none-eabi/11.2.0/crti.o
LOAD c:/devkitpro/devkitarm/bin/../lib/gcc/arm-none-eabi/11.2.0/crtbegin.o
LOAD ball.o
LOAD Cart.o
LOAD DeS.o
LOAD Dirt.o
LOAD man.o
LOAD Store.o
LOAD main.o
LOAD C:/devkitPro/libnds/lib\libnds9.a
START GROUP
LOAD c:/devkitpro/devkitarm/bin/../lib/gcc/arm-none-eabi/11.2.0\libgcc.a
LOAD c:/devkitpro/devkitarm/bin/../lib/gcc/arm-none-eabi/11.2.0/../../../../arm-none-eabi/lib\libg.a
LOAD c:/devkitpro/devkitarm/bin/../lib/gcc/arm-none-eabi/11.2.0/../../../../arm-none-eabi/lib\libc.a
LOAD c:/devkitpro/devkitarm/bin/../lib/gcc/arm-none-eabi/11.2.0/../../../../arm-none-eabi/lib\libsysbase.a
END GROUP
LOAD c:/devkitpro/devkitarm/bin/../lib/gcc/arm-none-eabi/11.2.0/crtend.o
LOAD c:/devkitpro/devkitarm/bin/../lib/gcc/arm-none-eabi/11.2.0/crtn.o
OUTPUT(E:/Repos/DS-Creator/DSTest/DeS_Movement/DeS_Movement.elf elf32-littlearm)
LOAD linker stubs

.debug_loclists
                0x0000000000000000     0x37d2
 .debug_loclists
                0x0000000000000000      0x16a main.o
 .debug_loclists
                0x000000000000016a      0x2a3 C:/devkitPro/libnds/lib\libnds9.a(background.o)
 .debug_loclists
                0x000000000000040d      0x779 C:/devkitPro/libnds/lib\libnds9.a(trig.o)
 .debug_loclists
                0x0000000000000b86       0x8f C:/devkitPro/libnds/lib\libnds9.a(touch.o)
 .debug_loclists
                0x0000000000000c15      0x5a6 C:/devkitPro/libnds/lib\libnds9.a(sprite.o)
 .debug_loclists
                0x00000000000011bb       0x17 C:/devkitPro/libnds/lib\libnds9.a(keys.o)
 .debug_loclists
                0x00000000000011d2       0xc5 C:/devkitPro/libnds/lib\libnds9.a(initSystem.o)
 .debug_loclists
                0x0000000000001297      0x1a5 C:/devkitPro/libnds/lib\libnds9.a(interrupts.o)
 .debug_loclists
                0x000000000000143c       0x48 C:/devkitPro/libnds/lib\libnds9.a(libnds_exit.arm.o)
 .debug_loclists
                0x0000000000001484      0xe1a C:/devkitPro/libnds/lib\libnds9.a(fifosystem.o)
 .debug_loclists
                0x000000000000229e      0x1da C:/devkitPro/libnds/lib\libnds9.a(video.o)
 .debug_loclists
                0x0000000000002478     0x121a C:/devkitPro/libnds/lib\libnds9.a(sprite_alloc.o)
 .debug_loclists
                0x0000000000003692      0x140 C:/devkitPro/libnds/lib\libnds9.a(system.o)

.debug_rnglists
                0x0000000000000000      0xf45
 .debug_rnglists
                0x0000000000000000       0xdf main.o
 .debug_rnglists
                0x00000000000000df       0x7c C:/devkitPro/libnds/lib\libnds9.a(background.o)
 .debug_rnglists
                0x000000000000015b       0x9d C:/devkitPro/libnds/lib\libnds9.a(trig.o)
 .debug_rnglists
                0x00000000000001f8       0x28 C:/devkitPro/libnds/lib\libnds9.a(touch.o)
 .debug_rnglists
                0x0000000000000220       0x7b C:/devkitPro/libnds/lib\libnds9.a(sprite.o)
 .debug_rnglists
                0x000000000000029b       0x44 C:/devkitPro/libnds/lib\libnds9.a(keys.o)
 .debug_rnglists
                0x00000000000002df       0x20 C:/devkitPro/libnds/lib\libnds9.a(initSystem.o)
 .debug_rnglists
                0x00000000000002ff       0x8b C:/devkitPro/libnds/lib\libnds9.a(interrupts.o)
 .debug_rnglists
                0x000000000000038a       0x19 C:/devkitPro/libnds/lib\libnds9.a(libnds_exit.arm.o)
 .debug_rnglists
                0x00000000000003a3      0x2a4 C:/devkitPro/libnds/lib\libnds9.a(fifosystem.o)
 .debug_rnglists
                0x0000000000000647       0x25 C:/devkitPro/libnds/lib\libnds9.a(dcache.o)
 .debug_rnglists
                0x000000000000066c       0x20 C:/devkitPro/libnds/lib\libnds9.a(mpu_setup.o)
 .debug_rnglists
                0x000000000000068c       0x19 C:/devkitPro/libnds/lib\libnds9.a(IntrWait.o)
 .debug_rnglists
                0x00000000000006a5       0x3e C:/devkitPro/libnds/lib\libnds9.a(video.o)
 .debug_rnglists
                0x00000000000006e3      0x788 C:/devkitPro/libnds/lib\libnds9.a(sprite_alloc.o)
 .debug_rnglists
                0x0000000000000e6b       0x49 C:/devkitPro/libnds/lib\libnds9.a(system.o)
 .debug_rnglists
                0x0000000000000eb4       0x91 C:/devkitPro/libnds/lib\libnds9.a(biosCalls.o)

.debug_line_str
                0x0000000000000000      0x177
 .debug_line_str
                0x0000000000000000       0x64 C:/devkitPro/libnds/lib\libnds9.a(dcache.o)
                                         0xc8 (size before relaxing)
 .debug_line_str
                0x0000000000000064       0x6e C:/devkitPro/libnds/lib\libnds9.a(mpu_setup.o)
                                         0xdc (size before relaxing)
 .debug_line_str
                0x00000000000000d2        0xb C:/devkitPro/libnds/lib\libnds9.a(IntrWait.o)
                                         0xda (size before relaxing)
 .debug_line_str
                0x00000000000000dd        0xc C:/devkitPro/libnds/lib\libnds9.a(cpu_clock.o)
                                         0xdc (size before relaxing)
 .debug_line_str
                0x00000000000000e9       0x73 C:/devkitPro/libnds/lib\libnds9.a(interruptDispatcher.o)
                                         0xe6 (size before relaxing)
 .debug_line_str
                0x000000000000015c        0xf C:/devkitPro/libnds/lib\libnds9.a(swiSoftReset.o)
                                         0xd8 (size before relaxing)
 .debug_line_str
                0x000000000000016b        0xc C:/devkitPro/libnds/lib\libnds9.a(biosCalls.o)
                                         0xd2 (size before relaxing)
